MPLINK 3.90, Linker
Linker Map File - Created Fri Dec 22 16:41:35 2006

                                 Section Info
                  Section       Type    Address   Location Size(Bytes)
                ---------  ---------  ---------  ---------  ---------
               _entry_scn       code   0x000800    program   0x000006
 .romdata_user_routines.o    romdata   0x000806    program   0x000000
       .romdata_adcconv.o    romdata   0x000806    program   0x000000
         .romdata_ldexp.o    romdata   0x000806    program   0x000000
.idata_user_routines_fast.o_i    romdata   0x000806    program   0x000000
.romdata_user_routines_fast.o    romdata   0x000806    program   0x000000
        .romdata_printf.o    romdata   0x000806    program   0x000000
         .romdata_errno.o    romdata   0x000806    program   0x000000
           .romdata_adc.o    romdata   0x000806    program   0x000000
      .romdata_adcclose.o    romdata   0x000806    program   0x000000
          .romdata_sqrt.o    romdata   0x000806    program   0x000000
    .romdata_Autonomous.o    romdata   0x000806    program   0x000000
      .romdata_UnpkMath.o    romdata   0x000806    program   0x000000
   .romdata_MORT_TIMERS.o    romdata   0x000806    program   0x000000
       .romdata_adcbusy.o    romdata   0x000806    program   0x000000
      .romdata_PackMath.o    romdata   0x000806    program   0x000000
 .romdata_MORT_TRACKING.o    romdata   0x000806    program   0x000000
      .romdata_fxd1616u.o    romdata   0x000806    program   0x000000
        .idata_u1open.o_i    romdata   0x000806    program   0x000000
        .romdata_camera.o    romdata   0x000806    program   0x000000
   .romdata_ifi_library.o    romdata   0x000806    program   0x000000
   .romdata_ifi_startup.o    romdata   0x000806    program   0x000000
        .romdata_u1open.o    romdata   0x000806    program   0x000000
          .romdata_putc.o    romdata   0x000806    program   0x000000
       .romdata_fxm3232.o    romdata   0x000806    program   0x000000
       .romdata_adcopen.o    romdata   0x000806    program   0x000000
 .romdata_ifi_utilities.o    romdata   0x000806    program   0x000000
      .romdata_fxd3232u.o    romdata   0x000806    program   0x000000
      .idata_vfprintf.o_i    romdata   0x000806    program   0x000000
          .romdata_main.o    romdata   0x000806    program   0x000000
        .romdata_stdout.o    romdata   0x000806    program   0x000000
        .idata_stdout.o_i    romdata   0x000806    program   0x000002
  .romdata_serial_ports.o    romdata   0x000806    program   0x000000
      .romdata_spi1open.o    romdata   0x000806    program   0x000000
       .romdata_adcread.o    romdata   0x000806    program   0x000000
      InterruptVectorHigh       code   0x000808    program   0x000006
          .code_adcbusy.o       code   0x00080e    program   0x00000a
       InterruptVectorLow       code   0x000818    program   0x000006
                   .cinit    romdata   0x00081e    program   0x00006e
    .code_user_routines.o       code   0x00088c    program   0x000d4a
         .code_vfprintf.o       code   0x0015d6    program   0x000c22
      .code_ifi_library.o       code   0x0021f8    program   0x000736
           .code_camera.o       code   0x00292e    program   0x000642
                     PROG       code   0x002f70    program   0x000566
       .code_Autonomous.o       code   0x0034d6    program   0x0004a8
             .code_sqrt.o       code   0x00397e    program   0x000442
              .code_adc.o       code   0x003dc0    program   0x0003fa
                 UTIL_LIB       code   0x0041ba    program   0x000396
     .code_serial_ports.o       code   0x004550    program   0x0002d4
.code_user_routines_fast.o       code   0x004824    program   0x00027e
    .code_ifi_utilities.o       code   0x004aa2    program   0x0001de
    .code_MORT_TRACKING.o       code   0x004c80    program   0x00018a
            .code_ldexp.o       code   0x004e0a    program   0x000134
         .code_UnpkMath.o       code   0x004f3e    program   0x00011c
         .code_PackMath.o       code   0x00505a    program   0x00011a
               _cinit_scn       code   0x005174    program   0x00009e
           .code_printf.o       code   0x005212    program   0x000094
             .code_putc.o       code   0x0052a6    program   0x000084
          .code_fxm3232.o       code   0x00532a    program   0x000070
          .code_adcopen.o       code   0x00539a    program   0x000068
                   STRING       code   0x005402    program   0x000066
         .code_spi1open.o       code   0x005468    program   0x000066
           .code_u1open.o       code   0x0054ce    program   0x000064
         .code_fxd3232u.o       code   0x005532    program   0x000048
          .code_adcread.o       code   0x00557a    program   0x00003e
         .code_fxd1616u.o       code   0x0055b8    program   0x00002c
      .code_MORT_TIMERS.o       code   0x0055e4    program   0x00002c
             .code_main.o       code   0x005610    program   0x000028
                    CTYPE       code   0x005638    program   0x000024
             _startup_scn       code   0x00565c    program   0x000020
              D1KTCYXCODE       code   0x00567c    program   0x000020
                    STDIO       code   0x00569c    program   0x00001c
              D10TCYXCODE       code   0x0056b8    program   0x000016
             .stringtable    romdata   0x0056ce    program   0x000011
      .romdata_vfprintf.o    romdata   0x0056df    program   0x000011
         .code_adcclose.o       code   0x0056f0    program   0x000006
          .code_adcconv.o       code   0x0056f6    program   0x000004
 .idata_user_routines.o_i    romdata   0x0056fa    program   0x000014
          .idata_sqrt.o_i    romdata   0x00570e    program   0x000000
      .idata_spi1open.o_i    romdata   0x00570e    program   0x000000
  .idata_serial_ports.o_i    romdata   0x00570e    program   0x000019
        .idata_printf.o_i    romdata   0x005727    program   0x000000
 .idata_ifi_utilities.o_i    romdata   0x005727    program   0x000004
          .idata_main.o_i    romdata   0x005727    program   0x000000
          .idata_putc.o_i    romdata   0x005727    program   0x000000
         .idata_ldexp.o_i    romdata   0x005727    program   0x000000
         .idata_errno.o_i    romdata   0x00572b    program   0x000000
   .idata_ifi_startup.o_i    romdata   0x00572b    program   0x000000
        .idata_camera.o_i    romdata   0x00572b    program   0x00000b
   .idata_ifi_library.o_i    romdata   0x00572b    program   0x000000
       .idata_fxm3232.o_i    romdata   0x00572b    program   0x000000
      .idata_fxd3232u.o_i    romdata   0x00572b    program   0x000000
      .idata_fxd1616u.o_i    romdata   0x00572b    program   0x000000
       .idata_adcbusy.o_i    romdata   0x005736    program   0x000000
      .idata_adcclose.o_i    romdata   0x005736    program   0x000000
       .idata_adcconv.o_i    romdata   0x005736    program   0x000000
       .idata_adcread.o_i    romdata   0x005736    program   0x000000
       .idata_adcopen.o_i    romdata   0x005736    program   0x000000
           .idata_adc.o_i    romdata   0x005736    program   0x000001
      .idata_UnpkMath.o_i    romdata   0x005737    program   0x000000
 .idata_MORT_TRACKING.o_i    romdata   0x005737    program   0x000006
      .idata_PackMath.o_i    romdata   0x005737    program   0x000000
   .idata_MORT_TIMERS.o_i    romdata   0x00573d    program   0x000004
    .idata_Autonomous.o_i    romdata   0x005741    program   0x000003
           .code_stdout.o       code   0x005744    program   0x000000
            .code_errno.o       code   0x005744    program   0x000000
      .code_ifi_startup.o       code   0x005744    program   0x000000
                  .config       code   0x300000    program   0x00000e
                 .tmpdata      udata   0x000000       data   0x000018
                  SPI_VAR      udata   0x000018       data   0x000017
                MATH_DATA      udata   0x00002f       data   0x000014
                DELAYDAT1      udata   0x000043       data   0x000001
                 COPY_VAR      udata   0x000080       data   0x000080
    .udata_serial_ports.o      udata   0x000100       data   0x000080
            .udata_main.o      udata   0x000180       data   0x000041
          .udata_camera.o      udata   0x0001c1       data   0x000031
     .udata_ifi_library.o      udata   0x0001f2       data   0x00000d
             .idata_adc.o      idata   0x0001ff       data   0x000001
    .idata_serial_ports.o      idata   0x000200       data   0x000019
   .idata_user_routines.o      idata   0x000219       data   0x000014
             .udata_adc.o      udata   0x00022d       data   0x00000f
          .idata_camera.o      idata   0x00023c       data   0x00000b
     .udata_ifi_startup.o      udata   0x000247       data   0x00000a
   .idata_MORT_TRACKING.o      idata   0x000251       data   0x000006
   .udata_ifi_utilities.o      udata   0x000257       data   0x000004
   .idata_ifi_utilities.o      idata   0x00025b       data   0x000004
     .idata_MORT_TIMERS.o      idata   0x00025f       data   0x000004
      .idata_Autonomous.o      idata   0x000263       data   0x000003
   .udata_user_routines.o      udata   0x000266       data   0x000002
           .udata_errno.o      udata   0x000268       data   0x000002
      .udata_Autonomous.o      udata   0x00026a       data   0x000002
          .idata_stdout.o      idata   0x00026c       data   0x000002
        .idata_fxd1616u.o      idata   0x00026e       data   0x000000
        .udata_fxd1616u.o      udata   0x00026e       data   0x000000
            .idata_sqrt.o      idata   0x00026e       data   0x000000
            .idata_putc.o      idata   0x00026e       data   0x000000
            .udata_sqrt.o      udata   0x00026e       data   0x000000
          .idata_printf.o      idata   0x00026e       data   0x000000
          .udata_printf.o      udata   0x00026e       data   0x000000
         .idata_adcread.o      idata   0x00026e       data   0x000000
         .udata_adcread.o      udata   0x00026e       data   0x000000
        .idata_spi1open.o      idata   0x00026e       data   0x000000
        .udata_PackMath.o      udata   0x00026e       data   0x000000
        .idata_PackMath.o      idata   0x00026e       data   0x000000
        .udata_UnpkMath.o      udata   0x00026e       data   0x000000
        .idata_UnpkMath.o      idata   0x00026e       data   0x000000
            .udata_putc.o      udata   0x00026e       data   0x000000
           .idata_errno.o      idata   0x00026e       data   0x000000
           .udata_ldexp.o      udata   0x00026e       data   0x000000
           .idata_ldexp.o      idata   0x00026e       data   0x000000
        .idata_vfprintf.o      idata   0x00026e       data   0x000000
          .udata_stdout.o      udata   0x00026e       data   0x000000
        .udata_vfprintf.o      udata   0x00026e       data   0x000000
     .idata_ifi_startup.o      idata   0x00026e       data   0x000000
            .idata_main.o      idata   0x00026e       data   0x000000
.udata_user_routines_fast.o      udata   0x00026e       data   0x000000
.idata_user_routines_fast.o      idata   0x00026e       data   0x000000
     .udata_MORT_TIMERS.o      udata   0x00026e       data   0x000000
   .udata_MORT_TRACKING.o      udata   0x00026e       data   0x000000
         .udata_adcbusy.o      udata   0x00026e       data   0x000000
         .idata_adcbusy.o      idata   0x00026e       data   0x000000
        .udata_adcclose.o      udata   0x00026e       data   0x000000
        .idata_adcclose.o      idata   0x00026e       data   0x000000
         .udata_adcconv.o      udata   0x00026e       data   0x000000
         .idata_adcconv.o      idata   0x00026e       data   0x000000
        .udata_fxd3232u.o      udata   0x00026e       data   0x000000
        .idata_fxd3232u.o      idata   0x00026e       data   0x000000
         .udata_fxm3232.o      udata   0x00026e       data   0x000000
         .idata_fxm3232.o      idata   0x00026e       data   0x000000
     .idata_ifi_library.o      idata   0x00026e       data   0x000000
          .udata_u1open.o      udata   0x00026e       data   0x000000
          .idata_u1open.o      idata   0x00026e       data   0x000000
         .udata_adcopen.o      udata   0x00026e       data   0x000000
         .idata_adcopen.o      idata   0x00026e       data   0x000000
        .udata_spi1open.o      udata   0x00026e       data   0x000000
                   .stack      udata   0x000e00       data   0x000100
            SFR_UNBANKED0      udata   0x000f62       data   0x00009e



                              Program Memory Usage 
                               Start         End      
                           ---------   ---------      
                            0x000800    0x005743      
                            0x300000    0x30000d      
            20306 out of 132120 program addresses used, program memory utilization is 15%



                              Symbols - Sorted by Name
                     Name    Address   Location    Storage File                     
                ---------  ---------  ---------  --------- ---------                
          ADC_Int_Handler   0x00401c    program     extern C:\mort\Mort Code 06\adc.c
                  Adj_lp4   0x004546    program     static C:\mcc18\Projects\EduCode\Util_lib.asm
                  Adjust4   0x004542    program     static C:\mcc18\Projects\EduCode\Util_lib.asm
                  BusyADC   0x00080e    program     extern C:\mcc18\src\TRADIT~1\pmc\ADC\adcbusy.c
           Camera_Handler   0x00292e    program     extern C:\mort\Mort Code 06\camera.c
              Camera_Idle   0x002e56    program     extern C:\mort\Mort Code 06\camera.c
Camera_Serial_Port_Byte_Count   0x002f18    program     extern C:\mort\Mort Code 06\camera.c
     Camera_State_Machine   0x0029ac    program     extern C:\mort\Mort Code 06\camera.c
       Check_4_Violations   0x002554    program     extern C:\mcc18\Projects\EduCode\ifi_library.c
      Check_Manual_Toggle   0x0011de    program     extern C:\mort\Mort Code 06\user_routines.c
               Clear_Bank   0x0041d4    program     static C:\mcc18\Projects\EduCode\Util_lib.asm
               Clear_Loop   0x0041c0    program     static C:\mcc18\Projects\EduCode\Util_lib.asm
             Clear_Memory   0x0041ba    program     extern C:\mcc18\Projects\EduCode\Util_lib.asm
       Clear_SPIdata_flag   0x0024c6    program     extern C:\mcc18\Projects\EduCode\ifi_library.c
                 CloseADC   0x0056f0    program     extern C:\mcc18\src\TRADIT~1\pmc\ADC\adcclose.c
               ConvertADC   0x0056f6    program     extern C:\mcc18\src\TRADIT~1\pmc\ADC\adcconv.c
        Convert_ADC_to_mV   0x003f66    program     extern C:\mort\Mort Code 06\adc.c
                    D10_1   0x0056c8    program     static C:\MCC18\SRC\TRADIT~1\DELAYS\d10tcyx.asm
                     D10x   0x0056c0    program     static C:\MCC18\SRC\TRADIT~1\DELAYS\d10tcyx.asm
                   D1616S   0x003396    program     static C:\MCC18\SRC\TRADIT~1\MATH\fxd1616s.asm
                D1616SNEG   0x0033a4    program     static C:\MCC18\SRC\TRADIT~1\MATH\fxd1616s.asm
                 D1616SOK   0x0033a0    program     static C:\MCC18\SRC\TRADIT~1\MATH\fxd1616s.asm
                  D1616SX   0x0033b6    program     static C:\MCC18\SRC\TRADIT~1\MATH\fxd1616s.asm
                    D1K_1   0x005688    program     static C:\MCC18\SRC\TRADIT~1\DELAYS\d1ktcyx.asm
                     D1Kx   0x005686    program     static C:\MCC18\SRC\TRADIT~1\DELAYS\d1ktcyx.asm
                   D3232S   0x0031d2    program     static C:\MCC18\SRC\TRADIT~1\MATH\fxd3232s.asm
                D3232SNEG   0x0031e0    program     static C:\MCC18\SRC\TRADIT~1\MATH\fxd3232s.asm
                 D3232SOK   0x0031dc    program     static C:\MCC18\SRC\TRADIT~1\MATH\fxd3232s.asm
                  D3232SX   0x003200    program     static C:\MCC18\SRC\TRADIT~1\MATH\fxd3232s.asm
                  DA1616S   0x003386    program     static C:\MCC18\SRC\TRADIT~1\MATH\fxd1616s.asm
                  DA3232S   0x0031bc    program     static C:\MCC18\SRC\TRADIT~1\MATH\fxd3232s.asm
                      DL1   0x004502    program     static C:\mcc18\Projects\EduCode\Util_lib.asm
                      DL2   0x004518    program     static C:\mcc18\Projects\EduCode\Util_lib.asm
          Dead_Space_Loop   0x0044fe    program     static C:\mcc18\Projects\EduCode\Util_lib.asm
              Delay10TCYx   0x0056b8    program     extern C:\MCC18\SRC\TRADIT~1\DELAYS\d10tcyx.asm
              Delay1KTCYx   0x00567c    program     extern C:\MCC18\SRC\TRADIT~1\DELAYS\d1ktcyx.asm
         Direction_Change   0x0010b8    program     extern C:\mort\Mort Code 06\user_routines.c
              Disable_ADC   0x003e34    program     extern C:\mort\Mort Code 06\adc.c
          Disable_Timer_2   0x003efe    program     extern C:\mort\Mort Code 06\adc.c
              DisplayBufr   0x004b1a    program     extern C:\mort\Mort Code 06\ifi_utilities.c
                 FLO1632S   0x002f74    program     extern C:\MCC18\SRC\TRADIT~1\MATH\cast16FP.asm
                 FLO1632U   0x002f70    program     extern C:\MCC18\SRC\TRADIT~1\MATH\cast16FP.asm
                    FPA32   0x002f9c    program     extern C:\MCC18\SRC\TRADIT~1\MATH\addFP.asm
                    FPM32   0x0030c8    program     extern C:\MCC18\SRC\TRADIT~1\MATH\mulFP.asm
                    FPS32   0x002f9a    program     extern C:\MCC18\SRC\TRADIT~1\MATH\addFP.asm
                 FXD1616S   0x003374    program     extern C:\MCC18\SRC\TRADIT~1\MATH\fxd1616s.asm
                 FXD1616U   0x0055b8    program     extern C:\mcc18\src\TRADIT~1\math\fxd1616u.c
                 FXD3232S   0x0031a2    program     extern C:\MCC18\SRC\TRADIT~1\MATH\fxd3232s.asm
                 FXD3232U   0x005532    program     extern C:\mcc18\src\TRADIT~1\math\fxd3232u.c
                 FXM1616S   0x00347c    program     extern C:\MCC18\SRC\TRADIT~1\MATH\fxm1616s.asm
                  FXM3232   0x00532a    program     extern C:\mcc18\src\TRADIT~1\math\fxm3232.c
            Generate_Pwms   0x004458    program     extern C:\mcc18\Projects\EduCode\Util_lib.asm
       Generate_Pwms_Cont   0x00449c    program     static C:\mcc18\Projects\EduCode\Util_lib.asm
        GetDataFromMaster   0x004330    program     extern C:\mcc18\Projects\EduCode\Util_lib.asm
           Get_ADC_Result   0x003f04    program     extern C:\mort\Mort Code 06\adc.c
     Get_ADC_Result_Count   0x003fee    program     extern C:\mort\Mort Code 06\adc.c
         Get_Analog_Value   0x004bfa    program     extern C:\mort\Mort Code 06\ifi_utilities.c
            Get_Auto_Mode   0x0034d6    program     extern C:\mort\Mort Code 06\Autonomous.c
      Get_Auto_Mode_DEBUG   0x00157a    program     extern C:\mort\Mort Code 06\user_routines.c
         Get_Camera_State   0x002e66    program     extern C:\mort\Mort Code 06\camera.c
                  Getdata   0x00241a    program     extern C:\mcc18\Projects\EduCode\ifi_library.c
           Handle_Spi_Int   0x0023c2    program     extern C:\mcc18\Projects\EduCode\ifi_library.c
               Hex_output   0x0041de    program     extern C:\mcc18\Projects\EduCode\Util_lib.asm
       IFI_Initialization   0x0022c8    program     extern C:\mcc18\Projects\EduCode\ifi_library.c
                  INT3216   0x00320a    program     extern C:\MCC18\SRC\TRADIT~1\MATH\castFP16.asm
     Init_Serial_Port_One   0x004550    program     extern C:\mort\Mort Code 06\serial_ports.c
     Init_Serial_Port_Two   0x004582    program     extern C:\mort\Mort Code 06\serial_ports.c
              Init_Timers   0x0055e4    program     extern C:\mort\Mort Code 06\MORT_TIMERS.c
           Initialize_ADC   0x003dc0    program     extern C:\mort\Mort Code 06\adc.c
        Initialize_Camera   0x002b2e    program     extern C:\mort\Mort Code 06\camera.c
     Initialize_Registers   0x002250    program     extern C:\mcc18\Projects\EduCode\ifi_library.c
  Initialize_Serial_Comms   0x004bc8    program     extern C:\mort\Mort Code 06\ifi_utilities.c
       Initialize_Timer_2   0x003e4e    program     extern C:\mort\Mort Code 06\adc.c
     InterruptHandlerHigh   0x0021f8    program     extern C:\mcc18\Projects\EduCode\ifi_library.c
      InterruptHandlerLow   0x004824    program     extern C:\mort\Mort Code 06\user_routines_fast.c
      InterruptVectorHigh   0x000808    program     extern C:\mcc18\Projects\EduCode\ifi_library.c
       InterruptVectorLow   0x000818    program     extern C:\mort\Mort Code 06\user_routines_fast.c
                      LP4   0x0044a0    program     static C:\mcc18\Projects\EduCode\Util_lib.asm
                LP4_Cont1   0x0044aa    program     static C:\mcc18\Projects\EduCode\Util_lib.asm
                LP4_Cont2   0x0044b4    program     static C:\mcc18\Projects\EduCode\Util_lib.asm
                LP4_Cont3   0x0044be    program     static C:\mcc18\Projects\EduCode\Util_lib.asm
                LP4_Cont4   0x0044ca    program     static C:\mcc18\Projects\EduCode\Util_lib.asm
                LP4_Cont5   0x0044d4    program     static C:\mcc18\Projects\EduCode\Util_lib.asm
                LP4_Cont6   0x0044de    program     static C:\mcc18\Projects\EduCode\Util_lib.asm
                LP4_Cont7   0x0044e8    program     static C:\mcc18\Projects\EduCode\Util_lib.asm
                LP4_Cont8   0x0044f2    program     static C:\mcc18\Projects\EduCode\Util_lib.asm
                Limit_Mix   0x000900    program     extern C:\mort\Mort Code 06\user_routines.c
         Limit_Switch_Max   0x00088c    program     extern C:\mort\Mort Code 06\user_routines.c
         Limit_Switch_Min   0x0008c4    program     extern C:\mort\Mort Code 06\user_routines.c
             Limit_Turret   0x0014a4    program     extern C:\mort\Mort Code 06\user_routines.c
     MORT_autonomous_mode   0x003532    program     extern C:\mort\Mort Code 06\Autonomous.c
               Manual_Aim   0x0013b8    program     extern C:\mort\Mort Code 06\user_routines.c
           MoveData4Buff0   0x0042a6    program     static C:\mcc18\Projects\EduCode\Util_lib.asm
        MoveDataFromBuff1   0x0043ce    program     static C:\mcc18\Projects\EduCode\Util_lib.asm
             Noise_Filter   0x002eaa    program     extern C:\mort\Mort Code 06\camera.c
               Open1USART   0x0054ce    program     extern C:\mcc18\src\TRADIT~1\pmc\USART\u1open.c
                  OpenADC   0x00539a    program     extern C:\mcc18\src\TRADIT~1\pmc\ADC\adcopen.c
                 OpenSPI1   0x005468    program     extern C:\mcc18\src\TRADIT~1\pmc\SPI\spi1open.c
          PacketNum_Check   0x004b5c    program     extern C:\mort\Mort Code 06\ifi_utilities.c
    Prep_SPI_4_First_Byte   0x002364    program     extern C:\mcc18\Projects\EduCode\ifi_library.c
                PrintByte   0x004aac    program     extern C:\mort\Mort Code 06\ifi_utilities.c
                PrintWord   0x004ace    program     extern C:\mort\Mort Code 06\ifi_utilities.c
Process_Data_From_Local_IO   0x004a90    program     extern C:\mort\Mort Code 06\user_routines_fast.c
Process_Data_From_Master_uP   0x000a3a    program     extern C:\mort\Mort Code 06\user_routines.c
                  Putdata   0x00244c    program     extern C:\mcc18\Projects\EduCode\ifi_library.c
                Pwm_Delay   0x00452e    program     static C:\mcc18\Projects\EduCode\Util_lib.asm
                 Raw_Mode   0x002e6e    program     extern C:\mort\Mort Code 06\camera.c
                  ReadADC   0x00557a    program     extern C:\mcc18\src\TRADIT~1\pmc\ADC\adcread.c
  Read_Camera_Serial_Port   0x002f20    program     extern C:\mort\Mort Code 06\camera.c
     Read_Serial_Port_One   0x0045f4    program     extern C:\mort\Mort Code 06\serial_ports.c
     Read_Serial_Port_Two   0x004640    program     extern C:\mort\Mort Code 06\serial_ports.c
Read_Terminal_Serial_Port   0x002f4c    program     extern C:\mort\Mort Code 06\camera.c
   Reset_ADC_Result_Count   0x00400e    program     extern C:\mort\Mort Code 06\adc.c
           Restart_Camera   0x002e60    program     extern C:\mort\Mort Code 06\camera.c
          Run_Ball_System   0x001212    program     extern C:\mort\Mort Code 06\user_routines.c
         Run_Shooter_Belt   0x0012a6    program     extern C:\mort\Mort Code 06\user_routines.c
        Run_Shooter_Wheel   0x001284    program     extern C:\mort\Mort Code 06\user_routines.c
      Run_Systems_Reverse   0x00135c    program     extern C:\mort\Mort Code 06\user_routines.c
         Rx_1_Int_Handler   0x004710    program     extern C:\mort\Mort Code 06\serial_ports.c
         Rx_2_Int_Handler   0x00474e    program     extern C:\mort\Mort Code 06\serial_ports.c
         SendDataToMaster   0x00420c    program     extern C:\mcc18\Projects\EduCode\Util_lib.asm
     Serial_Char_Callback   0x004a92    program     extern C:\mort\Mort Code 06\user_routines_fast.c
Serial_Port_One_Byte_Count   0x0045b4    program     extern C:\mort\Mort Code 06\serial_ports.c
Serial_Port_Two_Byte_Count   0x0045d4    program     extern C:\mort\Mort Code 06\serial_ports.c
Set_Number_of_Analog_Channels   0x004be4    program     extern C:\mort\Mort Code 06\ifi_utilities.c
    Setup_PWM_Output_Type   0x0024d0    program     extern C:\mcc18\Projects\EduCode\ifi_library.c
          Setup_Spi_Slave   0x00223a    program     extern C:\mcc18\Projects\EduCode\ifi_library.c
          SoftStartWheels   0x000f0a    program     extern C:\mort\Mort Code 06\user_routines.c
                  TALTB32   0x0033c0    program     extern C:\MCC18\SRC\TRADIT~1\MATH\ltFP.asm
               TSIGN1616A   0x0034c8    program     static C:\MCC18\SRC\TRADIT~1\MATH\fxm1616s.asm
Terminal_Serial_Port_Byte_Count   0x002f44    program     extern C:\mort\Mort Code 06\camera.c
             TerminateGet   0x00444e    program     static C:\mcc18\Projects\EduCode\Util_lib.asm
            TerminateSend   0x004326    program     static C:\mcc18\Projects\EduCode\Util_lib.asm
           Timer1_Handler   0x005602    program     extern C:\mort\Mort Code 06\MORT_TIMERS.c
      Timer_2_Int_Handler   0x004018    program     extern C:\mort\Mort Code 06\adc.c
              Track_Color   0x002df2    program     extern C:\mort\Mort Code 06\camera.c
             Turret_Track   0x004c80    program     extern C:\mort\Mort Code 06\MORT_TRACKING.c
         Tx_1_Int_Handler   0x00478c    program     extern C:\mort\Mort Code 06\serial_ports.c
         Tx_2_Int_Handler   0x0047bc    program     extern C:\mort\Mort Code 06\serial_ports.c
  UpdateLocalPWMDirection   0x00420a    program     extern C:\mcc18\Projects\EduCode\Util_lib.asm
                Update_OI   0x000c0a    program     extern C:\mort\Mort Code 06\user_routines.c
     User_Autonomous_Code   0x00495a    program     extern C:\mort\Mort Code 06\user_routines_fast.c
      User_Initialization   0x00097e    program     extern C:\mort\Mort Code 06\user_routines.c
       User_Proc_Is_Ready   0x00235a    program     extern C:\mcc18\Projects\EduCode\ifi_library.c
             Wait4TXEmpty   0x004aa2    program     extern C:\mort\Mort Code 06\ifi_utilities.c
Write_Camera_Module_Register   0x002edc    program     extern C:\mort\Mort Code 06\camera.c
 Write_Camera_Serial_Port   0x002f28    program     extern C:\mort\Mort Code 06\camera.c
    Write_Serial_Port_One   0x00468c    program     extern C:\mort\Mort Code 06\serial_ports.c
    Write_Serial_Port_Two   0x0046ce    program     extern C:\mort\Mort Code 06\serial_ports.c
Write_Terminal_Serial_Port   0x002f54    program     extern C:\mort\Mort Code 06\camera.c
                   _2jEnd   0x005452    program     static C:\MCC18\SRC\TRADIT~1\STDCLIB\slenpgm.asm
        _D10TCYXCODE_000A   0x0056c2    program     static C:\MCC18\SRC\TRADIT~1\DELAYS\d10tcyx.asm
        _D10TCYXCODE_000C   0x0056c4    program     static C:\MCC18\SRC\TRADIT~1\DELAYS\d10tcyx.asm
        _D10TCYXCODE_000E   0x0056c6    program     static C:\MCC18\SRC\TRADIT~1\DELAYS\d10tcyx.asm
        _D1KTCYXCODE_0010   0x00568c    program     static C:\MCC18\SRC\TRADIT~1\DELAYS\d1ktcyx.asm
        _D1KTCYXCODE_0016   0x005692    program     static C:\MCC18\SRC\TRADIT~1\DELAYS\d1ktcyx.asm
                _PackMath   0x00505a    program     extern C:\mcc18\src\TRADIT~1\stdclib\PackMath.c
                _UnpkMath   0x004f3e    program     extern C:\mcc18\src\TRADIT~1\stdclib\UnpkMath.c
              __FpCompare   0x0033d2    program     extern C:\MCC18\SRC\TRADIT~1\MATH\compFP.asm
                 __FpExit   0x003274    program     extern C:\MCC18\SRC\TRADIT~1\MATH\packFP.asm
                 __FpPack   0x0032a0    program     extern C:\MCC18\SRC\TRADIT~1\MATH\packFP.asm
            __FpReturnNaN   0x003268    program     extern C:\MCC18\SRC\TRADIT~1\MATH\packFP.asm
         __FpReturnNegInf   0x00327a    program     extern C:\MCC18\SRC\TRADIT~1\MATH\packFP.asm
        __FpReturnNegZero   0x003292    program     extern C:\MCC18\SRC\TRADIT~1\MATH\packFP.asm
         __FpReturnPosInf   0x003280    program     extern C:\MCC18\SRC\TRADIT~1\MATH\packFP.asm
        __FpReturnPosZero   0x00329a    program     extern C:\MCC18\SRC\TRADIT~1\MATH\packFP.asm
        __FpReturnSignInf   0x003276    program     extern C:\MCC18\SRC\TRADIT~1\MATH\packFP.asm
       __FpReturnSignZero   0x00328e    program     extern C:\MCC18\SRC\TRADIT~1\MATH\packFP.asm
              __FpReturnW   0x0032f8    program     extern C:\MCC18\SRC\TRADIT~1\MATH\packFP.asm
              __FpUnPackA   0x003318    program     extern C:\MCC18\SRC\TRADIT~1\MATH\UnpackFP.asm
              __FpUnPackB   0x003348    program     extern C:\MCC18\SRC\TRADIT~1\MATH\UnpackFP.asm
       ___return_lbl00000   0x00080c    program     static                          
       ___return_lbl00000   0x0055e2    program     static                          
       ___return_lbl00000   0x005398    program     static                          
       ___return_lbl00000   0x005578    program     static                          
       ___return_lbl00000   0x000804    program     static                          
       ___return_lbl00000   0x00081c    program     static                          
       ___return_lbl00001   0x00567a    program     static                          
       ___return_lbl00002   0x005210    program     static                          
                   __pa_0   0x001f16    program     static C:\mcc18\src\TRADIT~1\stdclib\vfprintf.c
                   __pa_0   0x004f34    program     static C:\mcc18\src\TRADIT~1\stdclib\ldexp.c
                   __pa_0   0x00504c    program     static C:\mcc18\src\TRADIT~1\stdclib\UnpkMath.c
                   __pa_0   0x005122    program     static C:\mcc18\src\TRADIT~1\stdclib\PackMath.c
                   __pa_0   0x003d1c    program     static C:\mcc18\src\TRADIT~1\stdclib\sqrt.c
                   __pa_1   0x003d26    program     static C:\mcc18\src\TRADIT~1\stdclib\sqrt.c
                   __pa_1   0x001f1e    program     static C:\mcc18\src\TRADIT~1\stdclib\vfprintf.c
                   __pa_1   0x005132    program     static C:\mcc18\src\TRADIT~1\stdclib\PackMath.c
                  __pa_10   0x001fd2    program     static C:\mcc18\src\TRADIT~1\stdclib\vfprintf.c
                  __pa_11   0x001fe0    program     static C:\mcc18\src\TRADIT~1\stdclib\vfprintf.c
                  __pa_12   0x001ff6    program     static C:\mcc18\src\TRADIT~1\stdclib\vfprintf.c
                  __pa_13   0x002010    program     static C:\mcc18\src\TRADIT~1\stdclib\vfprintf.c
                  __pa_14   0x002028    program     static C:\mcc18\src\TRADIT~1\stdclib\vfprintf.c
                  __pa_15   0x002038    program     static C:\mcc18\src\TRADIT~1\stdclib\vfprintf.c
                  __pa_16   0x00204e    program     static C:\mcc18\src\TRADIT~1\stdclib\vfprintf.c
                  __pa_17   0x002060    program     static C:\mcc18\src\TRADIT~1\stdclib\vfprintf.c
                  __pa_18   0x002072    program     static C:\mcc18\src\TRADIT~1\stdclib\vfprintf.c
                  __pa_19   0x00207c    program     static C:\mcc18\src\TRADIT~1\stdclib\vfprintf.c
                   __pa_2   0x003d40    program     static C:\mcc18\src\TRADIT~1\stdclib\sqrt.c
                   __pa_2   0x001f28    program     static C:\mcc18\src\TRADIT~1\stdclib\vfprintf.c
                   __pa_2   0x005140    program     static C:\mcc18\src\TRADIT~1\stdclib\PackMath.c
                  __pa_20   0x00208c    program     static C:\mcc18\src\TRADIT~1\stdclib\vfprintf.c
                  __pa_21   0x00209c    program     static C:\mcc18\src\TRADIT~1\stdclib\vfprintf.c
                  __pa_22   0x0020ac    program     static C:\mcc18\src\TRADIT~1\stdclib\vfprintf.c
                  __pa_23   0x0020b8    program     static C:\mcc18\src\TRADIT~1\stdclib\vfprintf.c
                  __pa_24   0x0020c6    program     static C:\mcc18\src\TRADIT~1\stdclib\vfprintf.c
                  __pa_25   0x0020ce    program     static C:\mcc18\src\TRADIT~1\stdclib\vfprintf.c
                  __pa_26   0x0020d8    program     static C:\mcc18\src\TRADIT~1\stdclib\vfprintf.c
                  __pa_27   0x0020e2    program     static C:\mcc18\src\TRADIT~1\stdclib\vfprintf.c
                  __pa_28   0x0020ea    program     static C:\mcc18\src\TRADIT~1\stdclib\vfprintf.c
                  __pa_29   0x0020f8    program     static C:\mcc18\src\TRADIT~1\stdclib\vfprintf.c
                   __pa_3   0x00514a    program     static C:\mcc18\src\TRADIT~1\stdclib\PackMath.c
                   __pa_3   0x003d5a    program     static C:\mcc18\src\TRADIT~1\stdclib\sqrt.c
                   __pa_3   0x001f32    program     static C:\mcc18\src\TRADIT~1\stdclib\vfprintf.c
                  __pa_30   0x002114    program     static C:\mcc18\src\TRADIT~1\stdclib\vfprintf.c
                  __pa_31   0x00212e    program     static C:\mcc18\src\TRADIT~1\stdclib\vfprintf.c
                  __pa_32   0x002148    program     static C:\mcc18\src\TRADIT~1\stdclib\vfprintf.c
                  __pa_33   0x002160    program     static C:\mcc18\src\TRADIT~1\stdclib\vfprintf.c
                  __pa_34   0x00216a    program     static C:\mcc18\src\TRADIT~1\stdclib\vfprintf.c
                  __pa_35   0x002178    program     static C:\mcc18\src\TRADIT~1\stdclib\vfprintf.c
                  __pa_36   0x002180    program     static C:\mcc18\src\TRADIT~1\stdclib\vfprintf.c
                  __pa_37   0x00218a    program     static C:\mcc18\src\TRADIT~1\stdclib\vfprintf.c
                  __pa_38   0x00219a    program     static C:\mcc18\src\TRADIT~1\stdclib\vfprintf.c
                  __pa_39   0x0021a8    program     static C:\mcc18\src\TRADIT~1\stdclib\vfprintf.c
                   __pa_4   0x003d6c    program     static C:\mcc18\src\TRADIT~1\stdclib\sqrt.c
                   __pa_4   0x001f4a    program     static C:\mcc18\src\TRADIT~1\stdclib\vfprintf.c
                   __pa_4   0x005158    program     static C:\mcc18\src\TRADIT~1\stdclib\PackMath.c
                  __pa_40   0x0021b4    program     static C:\mcc18\src\TRADIT~1\stdclib\vfprintf.c
                  __pa_41   0x0021c0    program     static C:\mcc18\src\TRADIT~1\stdclib\vfprintf.c
                  __pa_42   0x0021c8    program     static C:\mcc18\src\TRADIT~1\stdclib\vfprintf.c
                  __pa_43   0x0021d2    program     static C:\mcc18\src\TRADIT~1\stdclib\vfprintf.c
                  __pa_44   0x0021d8    program     static C:\mcc18\src\TRADIT~1\stdclib\vfprintf.c
                  __pa_45   0x0021e2    program     static C:\mcc18\src\TRADIT~1\stdclib\vfprintf.c
                  __pa_46   0x0021ee    program     static C:\mcc18\src\TRADIT~1\stdclib\vfprintf.c
                   __pa_5   0x003d7e    program     static C:\mcc18\src\TRADIT~1\stdclib\sqrt.c
                   __pa_5   0x005160    program     static C:\mcc18\src\TRADIT~1\stdclib\PackMath.c
                   __pa_5   0x001f5e    program     static C:\mcc18\src\TRADIT~1\stdclib\vfprintf.c
                   __pa_6   0x003d90    program     static C:\mcc18\src\TRADIT~1\stdclib\sqrt.c
                   __pa_6   0x001f7a    program     static C:\mcc18\src\TRADIT~1\stdclib\vfprintf.c
                   __pa_6   0x005168    program     static C:\mcc18\src\TRADIT~1\stdclib\PackMath.c
                   __pa_7   0x003d9e    program     static C:\mcc18\src\TRADIT~1\stdclib\sqrt.c
                   __pa_7   0x001f84    program     static C:\mcc18\src\TRADIT~1\stdclib\vfprintf.c
                   __pa_8   0x003da6    program     static C:\mcc18\src\TRADIT~1\stdclib\sqrt.c
                   __pa_8   0x001f90    program     static C:\mcc18\src\TRADIT~1\stdclib\vfprintf.c
                   __pa_9   0x003db0    program     static C:\mcc18\src\TRADIT~1\stdclib\sqrt.c
                   __pa_9   0x001fb2    program     static C:\mcc18\src\TRADIT~1\stdclib\vfprintf.c
               __string_0   0x0056ce    program     static C:\mort\Mort Code 06\user_routines.c
              __tmplbl_42   0x0020ac    program     static                          
              __tmplbl_43   0x001ef8    program     static                          
              __tmplbl_44   0x001ede    program     static                          
              __tmplbl_86   0x00162c    program     static                          
                _do_cinit   0x005174    program     extern C:\mort\Mort Code 06\ifi_startup.c
                   _entry   0x000800    program     extern C:\mort\Mort Code 06\ifi_startup.c
                   _false   0x005574    program     static                          
                 _startup   0x00565c    program     extern C:\mort\Mort Code 06\ifi_startup.c
              _usart_putc   0x00569c    program     extern C:\MCC18\SRC\TRADIT~1\PMC\USART\_usartpc.asm
               _user_putc   0x0047ec    program     extern C:\mort\Mort Code 06\serial_ports.c
              close_delay   0x003666    program     extern C:\mort\Mort Code 06\Autonomous.c
              close_shoot   0x003732    program     extern C:\mort\Mort Code 06\Autonomous.c
           close_straight   0x0035dc    program     extern C:\mort\Mort Code 06\Autonomous.c
                copy_loop   0x0051e6    program     static                          
            copy_one_byte   0x0051ec    program     static                          
                  defense   0x00392c    program     extern C:\mort\Mort Code 06\Autonomous.c
                     done   0x005210    program     static                          
             done_copying   0x0051fa    program     static                          
                  endloop   0x0055de    program     static                          
                  isdigit   0x005638    program     extern C:\MCC18\SRC\TRADIT~1\STDCLIB\isdigit.asm
                 jANotInf   0x0030e6    program     static C:\MCC18\SRC\TRADIT~1\MATH\mulFP.asm
                 jANotInf   0x002fc4    program     static C:\MCC18\SRC\TRADIT~1\MATH\addFP.asm
                 jANotNeg   0x003058    program     static C:\MCC18\SRC\TRADIT~1\MATH\addFP.asm
              jAandWsetup   0x003028    program     static C:\MCC18\SRC\TRADIT~1\MATH\addFP.asm
                  jAisNeg   0x00344e    program     static C:\MCC18\SRC\TRADIT~1\MATH\compFP.asm
                 jAltBexp   0x003016    program     static C:\MCC18\SRC\TRADIT~1\MATH\addFP.asm
                jBANotInf   0x002fba    program     static C:\MCC18\SRC\TRADIT~1\MATH\addFP.asm
                 jBNotInf   0x002fd2    program     static C:\MCC18\SRC\TRADIT~1\MATH\addFP.asm
              jBothFinite   0x0030f4    program     static C:\MCC18\SRC\TRADIT~1\MATH\mulFP.asm
             jBothNotZero   0x003100    program     static C:\MCC18\SRC\TRADIT~1\MATH\mulFP.asm
             jBothNotZero   0x0033f0    program     static C:\MCC18\SRC\TRADIT~1\MATH\compFP.asm
            jDifOrPosSign   0x002fe6    program     static C:\MCC18\SRC\TRADIT~1\MATH\addFP.asm
                      jEQ   0x00340c    program     static C:\MCC18\SRC\TRADIT~1\MATH\compFP.asm
                     jEnd   0x005454    program     static C:\MCC18\SRC\TRADIT~1\STDCLIB\slenpgm.asm
                     jEnd   0x00541c    program     static C:\MCC18\SRC\TRADIT~1\STDCLIB\strlen.asm
                    jExch   0x003418    program     static C:\MCC18\SRC\TRADIT~1\MATH\compFP.asm
                    jExit   0x003266    program     static C:\MCC18\SRC\TRADIT~1\MATH\castFP16.asm
                   jExpEQ   0x00345e    program     static C:\MCC18\SRC\TRADIT~1\MATH\compFP.asm
                   jFinal   0x003442    program     static C:\MCC18\SRC\TRADIT~1\MATH\compFP.asm
               jFinalSign   0x0030c0    program     static C:\MCC18\SRC\TRADIT~1\MATH\addFP.asm
                jHaveZero   0x0030fc    program     static C:\MCC18\SRC\TRADIT~1\MATH\mulFP.asm
                jI2F16Beg   0x002f84    program     static C:\MCC18\SRC\TRADIT~1\MATH\cast16FP.asm
                    jLoop   0x005412    program     static C:\MCC18\SRC\TRADIT~1\STDCLIB\strlen.asm
                    jLoop   0x003246    program     static C:\MCC18\SRC\TRADIT~1\MATH\castFP16.asm
                    jLoop   0x00543c    program     static C:\MCC18\SRC\TRADIT~1\STDCLIB\slenpgm.asm
                jLoopExit   0x003256    program     static C:\MCC18\SRC\TRADIT~1\MATH\castFP16.asm
                   jMatch   0x005658    program     static C:\MCC18\SRC\TRADIT~1\STDCLIB\isdigit.asm
                     jMax   0x00321a    program     static C:\MCC18\SRC\TRADIT~1\MATH\castFP16.asm
                  jMaxNeg   0x003228    program     static C:\MCC18\SRC\TRADIT~1\MATH\castFP16.asm
                  jMaxPos   0x00321e    program     static C:\MCC18\SRC\TRADIT~1\MATH\castFP16.asm
                      jNE   0x003410    program     static C:\MCC18\SRC\TRADIT~1\MATH\compFP.asm
                  jNoExch   0x003438    program     static C:\MCC18\SRC\TRADIT~1\MATH\compFP.asm
                 jNoMatch   0x00565a    program     static C:\MCC18\SRC\TRADIT~1\STDCLIB\isdigit.asm
             jNotBothZero   0x002fea    program     static C:\MCC18\SRC\TRADIT~1\MATH\addFP.asm
                  jNotInf   0x003236    program     static C:\MCC18\SRC\TRADIT~1\MATH\castFP16.asm
                  jPkLoop   0x0032ae    program     static C:\MCC18\SRC\TRADIT~1\MATH\packFP.asm
             jPkRoundDone   0x0032f8    program     static C:\MCC18\SRC\TRADIT~1\MATH\packFP.asm
               jPkRoundIt   0x0032e0    program     static C:\MCC18\SRC\TRADIT~1\MATH\packFP.asm
             jPkShiftDone   0x0032ca    program     static C:\MCC18\SRC\TRADIT~1\MATH\packFP.asm
           jReturnPosInf0   0x003284    program     static C:\MCC18\SRC\TRADIT~1\MATH\packFP.asm
                  jRotate   0x00346a    program     static C:\MCC18\SRC\TRADIT~1\MATH\compFP.asm
                   jShift   0x003454    program     static C:\MCC18\SRC\TRADIT~1\MATH\compFP.asm
               jShiftDone   0x003080    program     static C:\MCC18\SRC\TRADIT~1\MATH\addFP.asm
               jShiftLoop   0x003072    program     static C:\MCC18\SRC\TRADIT~1\MATH\addFP.asm
                jSignDone   0x0030b0    program     static C:\MCC18\SRC\TRADIT~1\MATH\addFP.asm
                 jSignsEQ   0x0033f4    program     static C:\MCC18\SRC\TRADIT~1\MATH\compFP.asm
                  jUnpkA1   0x003322    program     static C:\MCC18\SRC\TRADIT~1\MATH\UnpackFP.asm
                  jUnpkA2   0x00333a    program     static C:\MCC18\SRC\TRADIT~1\MATH\UnpackFP.asm
                 jUnpkANZ   0x003330    program     static C:\MCC18\SRC\TRADIT~1\MATH\UnpackFP.asm
                  jUnpkB1   0x003352    program     static C:\MCC18\SRC\TRADIT~1\MATH\UnpackFP.asm
                  jUnpkB2   0x00336a    program     static C:\MCC18\SRC\TRADIT~1\MATH\UnpackFP.asm
                 jUnpkBNZ   0x003360    program     static C:\MCC18\SRC\TRADIT~1\MATH\UnpackFP.asm
                 jUnpkNaN   0x003344    program     static C:\MCC18\SRC\TRADIT~1\MATH\UnpackFP.asm
                 jWNotNeg   0x00306c    program     static C:\MCC18\SRC\TRADIT~1\MATH\addFP.asm
                    jZero   0x003230    program     static C:\MCC18\SRC\TRADIT~1\MATH\castFP16.asm
               jZero1and2   0x003288    program     static C:\MCC18\SRC\TRADIT~1\MATH\packFP.asm
                    ldexp   0x004e0a    program     extern C:\mcc18\src\TRADIT~1\stdclib\ldexp.c
                     loop   0x0055c2    program     static                          
                     loop   0x00566c    program     static                          
                     loop   0x0056ac    program     static C:\MCC18\SRC\TRADIT~1\PMC\USART\_usartpc.asm
                     loop   0x005540    program     static                          
                     main   0x005610    program     extern C:\mort\Mort Code 06\main.c
             middle_right   0x003782    program     extern C:\mort\Mort Code 06\Autonomous.c
                   printf   0x005212    program     extern C:\mcc18\src\TRADIT~1\stdclib\printf.c
                     putc   0x0052a6    program     extern C:\mcc18\src\TRADIT~1\stdclib\putc.c
            ramp_joystick   0x000c80    program     extern C:\mort\Mort Code 06\user_routines.c
                  s_delay   0x004534    program     static C:\mcc18\Projects\EduCode\Util_lib.asm
                 s_digits   0x0056df    program     static C:\mcc18\src\TRADIT~1\stdclib\vfprintf.c
            s_put_n_chars   0x0015d6    program     static C:\mcc18\src\TRADIT~1\stdclib\vfprintf.c
                     sqrt   0x00397e    program     extern C:\mcc18\src\TRADIT~1\stdclib\sqrt.c
                   strlen   0x005402    program     extern C:\MCC18\SRC\TRADIT~1\STDCLIB\strlen.asm
                strlenpgm   0x00541e    program     extern C:\MCC18\SRC\TRADIT~1\STDCLIB\slenpgm.asm
                     test   0x00518e    program     static                          
      turn_off_everything   0x003960    program     extern C:\mort\Mort Code 06\Autonomous.c
                 vfprintf   0x001602    program     extern C:\mcc18\src\TRADIT~1\stdclib\vfprintf.c
                   AARGB0   0x000036       data     extern C:\MCC18\SRC\TRADIT~1\MATH\aarg.asm
                   AARGB1   0x000035       data     extern C:\MCC18\SRC\TRADIT~1\MATH\aarg.asm
                   AARGB2   0x000034       data     extern C:\MCC18\SRC\TRADIT~1\MATH\aarg.asm
                   AARGB3   0x000033       data     extern C:\MCC18\SRC\TRADIT~1\MATH\aarg.asm
                   AARGB4   0x000032       data     extern C:\MCC18\SRC\TRADIT~1\MATH\aarg.asm
                   AARGB5   0x000031       data     extern C:\MCC18\SRC\TRADIT~1\MATH\aarg.asm
                   AARGB6   0x000030       data     extern C:\MCC18\SRC\TRADIT~1\MATH\aarg.asm
                   AARGB7   0x00002f       data     extern C:\MCC18\SRC\TRADIT~1\MATH\aarg.asm
                   ADCON0   0x000fc2       data     extern C:\MCC18\SRC\TRADIT~1\PROC\p18f8722.asm
               ADCON0bits   0x000fc2       data     extern C:\MCC18\SRC\TRADIT~1\PROC\p18f8722.asm
                   ADCON1   0x000fc1       data     extern C:\MCC18\SRC\TRADIT~1\PROC\p18f8722.asm
               ADCON1bits   0x000fc1       data     extern C:\MCC18\SRC\TRADIT~1\PROC\p18f8722.asm
                   ADCON2   0x000fc0       data     extern C:\MCC18\SRC\TRADIT~1\PROC\p18f8722.asm
               ADCON2bits   0x000fc0       data     extern C:\MCC18\SRC\TRADIT~1\PROC\p18f8722.asm
                    ADRES   0x000fc3       data     extern C:\MCC18\SRC\TRADIT~1\PROC\p18f8722.asm
                   ADRESH   0x000fc4       data     extern C:\MCC18\SRC\TRADIT~1\PROC\p18f8722.asm
                   ADRESL   0x000fc3       data     extern C:\MCC18\SRC\TRADIT~1\PROC\p18f8722.asm
                     AEXP   0x000037       data     extern C:\MCC18\SRC\TRADIT~1\MATH\aarg.asm
            Accelleration   0x00021a       data     extern C:\mort\Mort Code 06\user_routines.c
                   BARGB0   0x00003b       data     extern C:\MCC18\SRC\TRADIT~1\MATH\barg.asm
                   BARGB1   0x00003a       data     extern C:\MCC18\SRC\TRADIT~1\MATH\barg.asm
                   BARGB2   0x000039       data     extern C:\MCC18\SRC\TRADIT~1\MATH\barg.asm
                   BARGB3   0x000038       data     extern C:\MCC18\SRC\TRADIT~1\MATH\barg.asm
                  BAUDCON   0x000f7e       data     extern C:\MCC18\SRC\TRADIT~1\PROC\p18f8722.asm
                 BAUDCON1   0x000f7e       data     extern C:\MCC18\SRC\TRADIT~1\PROC\p18f8722.asm
             BAUDCON1bits   0x000f7e       data     extern C:\MCC18\SRC\TRADIT~1\PROC\p18f8722.asm
                 BAUDCON2   0x000f7c       data     extern C:\MCC18\SRC\TRADIT~1\PROC\p18f8722.asm
             BAUDCON2bits   0x000f7c       data     extern C:\MCC18\SRC\TRADIT~1\PROC\p18f8722.asm
              BAUDCONbits   0x000f7e       data     extern C:\MCC18\SRC\TRADIT~1\PROC\p18f8722.asm
                     BEXP   0x00003c       data     extern C:\MCC18\SRC\TRADIT~1\MATH\barg.asm
                      BSR   0x000fe0       data     extern C:\MCC18\SRC\TRADIT~1\PROC\p18f8722.asm
                  CCP1CON   0x000fbd       data     extern C:\MCC18\SRC\TRADIT~1\PROC\p18f8722.asm
              CCP1CONbits   0x000fbd       data     extern C:\MCC18\SRC\TRADIT~1\PROC\p18f8722.asm
                  CCP2CON   0x000fba       data     extern C:\MCC18\SRC\TRADIT~1\PROC\p18f8722.asm
              CCP2CONbits   0x000fba       data     extern C:\MCC18\SRC\TRADIT~1\PROC\p18f8722.asm
                  CCP3CON   0x000fb7       data     extern C:\MCC18\SRC\TRADIT~1\PROC\p18f8722.asm
              CCP3CONbits   0x000fb7       data     extern C:\MCC18\SRC\TRADIT~1\PROC\p18f8722.asm
                  CCP4CON   0x000f73       data     extern C:\MCC18\SRC\TRADIT~1\PROC\p18f8722.asm
              CCP4CONbits   0x000f73       data     extern C:\MCC18\SRC\TRADIT~1\PROC\p18f8722.asm
                  CCP5CON   0x000f70       data     extern C:\MCC18\SRC\TRADIT~1\PROC\p18f8722.asm
              CCP5CONbits   0x000f70       data     extern C:\MCC18\SRC\TRADIT~1\PROC\p18f8722.asm
                    CCPR1   0x000fbe       data     extern C:\MCC18\SRC\TRADIT~1\PROC\p18f8722.asm
                   CCPR1H   0x000fbf       data     extern C:\MCC18\SRC\TRADIT~1\PROC\p18f8722.asm
                   CCPR1L   0x000fbe       data     extern C:\MCC18\SRC\TRADIT~1\PROC\p18f8722.asm
                    CCPR2   0x000fbb       data     extern C:\MCC18\SRC\TRADIT~1\PROC\p18f8722.asm
                   CCPR2H   0x000fbc       data     extern C:\MCC18\SRC\TRADIT~1\PROC\p18f8722.asm
                   CCPR2L   0x000fbb       data     extern C:\MCC18\SRC\TRADIT~1\PROC\p18f8722.asm
                    CCPR3   0x000fb8       data     extern C:\MCC18\SRC\TRADIT~1\PROC\p18f8722.asm
                   CCPR3H   0x000fb9       data     extern C:\MCC18\SRC\TRADIT~1\PROC\p18f8722.asm
                   CCPR3L   0x000fb8       data     extern C:\MCC18\SRC\TRADIT~1\PROC\p18f8722.asm
                    CCPR4   0x000f74       data     extern C:\MCC18\SRC\TRADIT~1\PROC\p18f8722.asm
                   CCPR4H   0x000f75       data     extern C:\MCC18\SRC\TRADIT~1\PROC\p18f8722.asm
                   CCPR4L   0x000f74       data     extern C:\MCC18\SRC\TRADIT~1\PROC\p18f8722.asm
                    CCPR5   0x000f71       data     extern C:\MCC18\SRC\TRADIT~1\PROC\p18f8722.asm
                   CCPR5H   0x000f72       data     extern C:\MCC18\SRC\TRADIT~1\PROC\p18f8722.asm
                   CCPR5L   0x000f71       data     extern C:\MCC18\SRC\TRADIT~1\PROC\p18f8722.asm
                    CMCON   0x000fb4       data     extern C:\MCC18\SRC\TRADIT~1\PROC\p18f8722.asm
                CMCONbits   0x000fb4       data     extern C:\MCC18\SRC\TRADIT~1\PROC\p18f8722.asm
                   CVRCON   0x000fb5       data     extern C:\MCC18\SRC\TRADIT~1\PROC\p18f8722.asm
               CVRCONbits   0x000fb5       data     extern C:\MCC18\SRC\TRADIT~1\PROC\p18f8722.asm
                      Cnt   0x00002b       data     static C:\mcc18\Projects\EduCode\Util_lib.asm
                     Cnt1   0x00002c       data     static C:\mcc18\Projects\EduCode\Util_lib.asm
       Collector_Debounce   0x000229       data     extern C:\mort\Mort Code 06\user_routines.c
                     DDRA   0x000f92       data     extern C:\MCC18\SRC\TRADIT~1\PROC\p18f8722.asm
                 DDRAbits   0x000f92       data     extern C:\MCC18\SRC\TRADIT~1\PROC\p18f8722.asm
                     DDRB   0x000f93       data     extern C:\MCC18\SRC\TRADIT~1\PROC\p18f8722.asm
                 DDRBbits   0x000f93       data     extern C:\MCC18\SRC\TRADIT~1\PROC\p18f8722.asm
                     DDRC   0x000f94       data     extern C:\MCC18\SRC\TRADIT~1\PROC\p18f8722.asm
                 DDRCbits   0x000f94       data     extern C:\MCC18\SRC\TRADIT~1\PROC\p18f8722.asm
                     DDRD   0x000f95       data     extern C:\MCC18\SRC\TRADIT~1\PROC\p18f8722.asm
                 DDRDbits   0x000f95       data     extern C:\MCC18\SRC\TRADIT~1\PROC\p18f8722.asm
                     DDRE   0x000f96       data     extern C:\MCC18\SRC\TRADIT~1\PROC\p18f8722.asm
                 DDREbits   0x000f96       data     extern C:\MCC18\SRC\TRADIT~1\PROC\p18f8722.asm
                     DDRF   0x000f97       data     extern C:\MCC18\SRC\TRADIT~1\PROC\p18f8722.asm
                 DDRFbits   0x000f97       data     extern C:\MCC18\SRC\TRADIT~1\PROC\p18f8722.asm
                     DDRG   0x000f98       data     extern C:\MCC18\SRC\TRADIT~1\PROC\p18f8722.asm
                 DDRGbits   0x000f98       data     extern C:\MCC18\SRC\TRADIT~1\PROC\p18f8722.asm
                     DDRH   0x000f99       data     extern C:\MCC18\SRC\TRADIT~1\PROC\p18f8722.asm
                 DDRHbits   0x000f99       data     extern C:\MCC18\SRC\TRADIT~1\PROC\p18f8722.asm
                     DDRJ   0x000f9a       data     extern C:\MCC18\SRC\TRADIT~1\PROC\p18f8722.asm
                 DDRJbits   0x000f9a       data     extern C:\MCC18\SRC\TRADIT~1\PROC\p18f8722.asm
            DelayCounter1   0x000043       data     extern C:\MCC18\SRC\TRADIT~1\DELAYS\delayd1.asm
                  ECCP1AS   0x000fb6       data     extern C:\MCC18\SRC\TRADIT~1\PROC\p18f8722.asm
              ECCP1ASbits   0x000fb6       data     extern C:\MCC18\SRC\TRADIT~1\PROC\p18f8722.asm
                 ECCP1CON   0x000fbd       data     extern C:\MCC18\SRC\TRADIT~1\PROC\p18f8722.asm
             ECCP1CONbits   0x000fbd       data     extern C:\MCC18\SRC\TRADIT~1\PROC\p18f8722.asm
                 ECCP1DEL   0x000f79       data     extern C:\MCC18\SRC\TRADIT~1\PROC\p18f8722.asm
             ECCP1DELbits   0x000f79       data     extern C:\MCC18\SRC\TRADIT~1\PROC\p18f8722.asm
                  ECCP2AS   0x000f68       data     extern C:\MCC18\SRC\TRADIT~1\PROC\p18f8722.asm
              ECCP2ASbits   0x000f68       data     extern C:\MCC18\SRC\TRADIT~1\PROC\p18f8722.asm
                 ECCP2CON   0x000fba       data     extern C:\MCC18\SRC\TRADIT~1\PROC\p18f8722.asm
             ECCP2CONbits   0x000fba       data     extern C:\MCC18\SRC\TRADIT~1\PROC\p18f8722.asm
                 ECCP2DEL   0x000f67       data     extern C:\MCC18\SRC\TRADIT~1\PROC\p18f8722.asm
             ECCP2DELbits   0x000f67       data     extern C:\MCC18\SRC\TRADIT~1\PROC\p18f8722.asm
                  ECCP3AS   0x000f6a       data     extern C:\MCC18\SRC\TRADIT~1\PROC\p18f8722.asm
              ECCP3ASbits   0x000f6a       data     extern C:\MCC18\SRC\TRADIT~1\PROC\p18f8722.asm
                 ECCP3CON   0x000fb7       data     extern C:\MCC18\SRC\TRADIT~1\PROC\p18f8722.asm
             ECCP3CONbits   0x000fb7       data     extern C:\MCC18\SRC\TRADIT~1\PROC\p18f8722.asm
                 ECCP3DEL   0x000f69       data     extern C:\MCC18\SRC\TRADIT~1\PROC\p18f8722.asm
             ECCP3DELbits   0x000f69       data     extern C:\MCC18\SRC\TRADIT~1\PROC\p18f8722.asm
                    EEADR   0x000fa9       data     extern C:\MCC18\SRC\TRADIT~1\PROC\p18f8722.asm
                   EEADRH   0x000faa       data     extern C:\MCC18\SRC\TRADIT~1\PROC\p18f8722.asm
                   EECON1   0x000fa6       data     extern C:\MCC18\SRC\TRADIT~1\PROC\p18f8722.asm
               EECON1bits   0x000fa6       data     extern C:\MCC18\SRC\TRADIT~1\PROC\p18f8722.asm
                   EECON2   0x000fa7       data     extern C:\MCC18\SRC\TRADIT~1\PROC\p18f8722.asm
                   EEDATA   0x000fa8       data     extern C:\MCC18\SRC\TRADIT~1\PROC\p18f8722.asm
                  FPFLAGS   0x00003e       data     extern C:\MCC18\SRC\TRADIT~1\MATH\cmath18.asm
              FPFLAGSbits   0x00003e       data     extern C:\MCC18\SRC\TRADIT~1\MATH\cmath18.asm
                     FSR0   0x000fe9       data     extern C:\MCC18\SRC\TRADIT~1\PROC\p18f8722.asm
                    FSR0H   0x000fea       data     extern C:\MCC18\SRC\TRADIT~1\PROC\p18f8722.asm
                    FSR0L   0x000fe9       data     extern C:\MCC18\SRC\TRADIT~1\PROC\p18f8722.asm
                     FSR1   0x000fe1       data     extern C:\MCC18\SRC\TRADIT~1\PROC\p18f8722.asm
                    FSR1H   0x000fe2       data     extern C:\MCC18\SRC\TRADIT~1\PROC\p18f8722.asm
                    FSR1L   0x000fe1       data     extern C:\MCC18\SRC\TRADIT~1\PROC\p18f8722.asm
                     FSR2   0x000fd9       data     extern C:\MCC18\SRC\TRADIT~1\PROC\p18f8722.asm
                    FSR2H   0x000fda       data     extern C:\MCC18\SRC\TRADIT~1\PROC\p18f8722.asm
                    FSR2L   0x000fd9       data     extern C:\MCC18\SRC\TRADIT~1\PROC\p18f8722.asm
                FSRH_temp   0x00001c       data     static C:\mcc18\Projects\EduCode\Util_lib.asm
                FSRL_temp   0x00001d       data     static C:\mcc18\Projects\EduCode\Util_lib.asm
            Feed_Debounce   0x00022b       data     extern C:\mort\Mort Code 06\user_routines.c
         Gravity_Debounce   0x00022a       data     extern C:\mort\Mort Code 06\user_routines.c
                  HLVDCON   0x000fd2       data     extern C:\MCC18\SRC\TRADIT~1\PROC\p18f8722.asm
              HLVDCONbits   0x000fd2       data     extern C:\MCC18\SRC\TRADIT~1\PROC\p18f8722.asm
                        I   0x0001f8       data     static C:\mcc18\Projects\EduCode\ifi_library.c
                    INDF0   0x000fef       data     extern C:\MCC18\SRC\TRADIT~1\PROC\p18f8722.asm
                    INDF1   0x000fe7       data     extern C:\MCC18\SRC\TRADIT~1\PROC\p18f8722.asm
                    INDF2   0x000fdf       data     extern C:\MCC18\SRC\TRADIT~1\PROC\p18f8722.asm
                   INTCON   0x000ff2       data     extern C:\MCC18\SRC\TRADIT~1\PROC\p18f8722.asm
                  INTCON2   0x000ff1       data     extern C:\MCC18\SRC\TRADIT~1\PROC\p18f8722.asm
              INTCON2bits   0x000ff1       data     extern C:\MCC18\SRC\TRADIT~1\PROC\p18f8722.asm
                  INTCON3   0x000ff0       data     extern C:\MCC18\SRC\TRADIT~1\PROC\p18f8722.asm
              INTCON3bits   0x000ff0       data     extern C:\MCC18\SRC\TRADIT~1\PROC\p18f8722.asm
               INTCONbits   0x000ff2       data     extern C:\MCC18\SRC\TRADIT~1\PROC\p18f8722.asm
                     IPR1   0x000f9f       data     extern C:\MCC18\SRC\TRADIT~1\PROC\p18f8722.asm
                 IPR1bits   0x000f9f       data     extern C:\MCC18\SRC\TRADIT~1\PROC\p18f8722.asm
                     IPR2   0x000fa2       data     extern C:\MCC18\SRC\TRADIT~1\PROC\p18f8722.asm
                 IPR2bits   0x000fa2       data     extern C:\MCC18\SRC\TRADIT~1\PROC\p18f8722.asm
                     IPR3   0x000fa5       data     extern C:\MCC18\SRC\TRADIT~1\PROC\p18f8722.asm
                 IPR3bits   0x000fa5       data     extern C:\MCC18\SRC\TRADIT~1\PROC\p18f8722.asm
                     LATA   0x000f89       data     extern C:\MCC18\SRC\TRADIT~1\PROC\p18f8722.asm
                 LATAbits   0x000f89       data     extern C:\MCC18\SRC\TRADIT~1\PROC\p18f8722.asm
                     LATB   0x000f8a       data     extern C:\MCC18\SRC\TRADIT~1\PROC\p18f8722.asm
                 LATBbits   0x000f8a       data     extern C:\MCC18\SRC\TRADIT~1\PROC\p18f8722.asm
                     LATC   0x000f8b       data     extern C:\MCC18\SRC\TRADIT~1\PROC\p18f8722.asm
                 LATCbits   0x000f8b       data     extern C:\MCC18\SRC\TRADIT~1\PROC\p18f8722.asm
                     LATD   0x000f8c       data     extern C:\MCC18\SRC\TRADIT~1\PROC\p18f8722.asm
                 LATDbits   0x000f8c       data     extern C:\MCC18\SRC\TRADIT~1\PROC\p18f8722.asm
                     LATE   0x000f8d       data     extern C:\MCC18\SRC\TRADIT~1\PROC\p18f8722.asm
                 LATEbits   0x000f8d       data     extern C:\MCC18\SRC\TRADIT~1\PROC\p18f8722.asm
                     LATF   0x000f8e       data     extern C:\MCC18\SRC\TRADIT~1\PROC\p18f8722.asm
                 LATFbits   0x000f8e       data     extern C:\MCC18\SRC\TRADIT~1\PROC\p18f8722.asm
                     LATG   0x000f8f       data     extern C:\MCC18\SRC\TRADIT~1\PROC\p18f8722.asm
                 LATGbits   0x000f8f       data     extern C:\MCC18\SRC\TRADIT~1\PROC\p18f8722.asm
                     LATH   0x000f90       data     extern C:\MCC18\SRC\TRADIT~1\PROC\p18f8722.asm
                 LATHbits   0x000f90       data     extern C:\MCC18\SRC\TRADIT~1\PROC\p18f8722.asm
                     LATJ   0x000f91       data     extern C:\MCC18\SRC\TRADIT~1\PROC\p18f8722.asm
                 LATJbits   0x000f91       data     extern C:\MCC18\SRC\TRADIT~1\PROC\p18f8722.asm
                   LVDCON   0x000fd2       data     extern C:\MCC18\SRC\TRADIT~1\PROC\p18f8722.asm
               LVDCONbits   0x000fd2       data     extern C:\MCC18\SRC\TRADIT~1\PROC\p18f8722.asm
                   MEMCON   0x000f9c       data     extern C:\MCC18\SRC\TRADIT~1\PROC\p18f8722.asm
               MEMCONbits   0x000f9c       data     extern C:\MCC18\SRC\TRADIT~1\PROC\p18f8722.asm
   Manual_Toggle_Debounce   0x000227       data     extern C:\mort\Mort Code 06\user_routines.c
      Manual_Toggle_State   0x000226       data     extern C:\mort\Mort Code 06\user_routines.c
Manual_Toggle_State_Change   0x000228       data     extern C:\mort\Mort Code 06\user_routines.c
                   OSCCON   0x000fd3       data     extern C:\MCC18\SRC\TRADIT~1\PROC\p18f8722.asm
               OSCCONbits   0x000fd3       data     extern C:\MCC18\SRC\TRADIT~1\PROC\p18f8722.asm
                  OSCTUNE   0x000f9b       data     extern C:\MCC18\SRC\TRADIT~1\PROC\p18f8722.asm
              OSCTUNEbits   0x000f9b       data     extern C:\MCC18\SRC\TRADIT~1\PROC\p18f8722.asm
                       PC   0x000ff9       data     extern C:\MCC18\SRC\TRADIT~1\PROC\p18f8722.asm
                      PCL   0x000ff9       data     extern C:\MCC18\SRC\TRADIT~1\PROC\p18f8722.asm
                   PCLATH   0x000ffa       data     extern C:\MCC18\SRC\TRADIT~1\PROC\p18f8722.asm
                   PCLATU   0x000ffb       data     extern C:\MCC18\SRC\TRADIT~1\PROC\p18f8722.asm
                     PIE1   0x000f9d       data     extern C:\MCC18\SRC\TRADIT~1\PROC\p18f8722.asm
                 PIE1bits   0x000f9d       data     extern C:\MCC18\SRC\TRADIT~1\PROC\p18f8722.asm
                     PIE2   0x000fa0       data     extern C:\MCC18\SRC\TRADIT~1\PROC\p18f8722.asm
                 PIE2bits   0x000fa0       data     extern C:\MCC18\SRC\TRADIT~1\PROC\p18f8722.asm
                     PIE3   0x000fa3       data     extern C:\MCC18\SRC\TRADIT~1\PROC\p18f8722.asm
                 PIE3bits   0x000fa3       data     extern C:\MCC18\SRC\TRADIT~1\PROC\p18f8722.asm
                     PIR1   0x000f9e       data     extern C:\MCC18\SRC\TRADIT~1\PROC\p18f8722.asm
                 PIR1bits   0x000f9e       data     extern C:\MCC18\SRC\TRADIT~1\PROC\p18f8722.asm
                     PIR2   0x000fa1       data     extern C:\MCC18\SRC\TRADIT~1\PROC\p18f8722.asm
                 PIR2bits   0x000fa1       data     extern C:\MCC18\SRC\TRADIT~1\PROC\p18f8722.asm
                     PIR3   0x000fa4       data     extern C:\MCC18\SRC\TRADIT~1\PROC\p18f8722.asm
                 PIR3bits   0x000fa4       data     extern C:\MCC18\SRC\TRADIT~1\PROC\p18f8722.asm
                   PLUSW0   0x000feb       data     extern C:\MCC18\SRC\TRADIT~1\PROC\p18f8722.asm
                   PLUSW1   0x000fe3       data     extern C:\MCC18\SRC\TRADIT~1\PROC\p18f8722.asm
                   PLUSW2   0x000fdb       data     extern C:\MCC18\SRC\TRADIT~1\PROC\p18f8722.asm
                    PORTA   0x000f80       data     extern C:\MCC18\SRC\TRADIT~1\PROC\p18f8722.asm
                PORTAbits   0x000f80       data     extern C:\MCC18\SRC\TRADIT~1\PROC\p18f8722.asm
                    PORTB   0x000f81       data     extern C:\MCC18\SRC\TRADIT~1\PROC\p18f8722.asm
                PORTBbits   0x000f81       data     extern C:\MCC18\SRC\TRADIT~1\PROC\p18f8722.asm
                    PORTC   0x000f82       data     extern C:\MCC18\SRC\TRADIT~1\PROC\p18f8722.asm
                PORTCbits   0x000f82       data     extern C:\MCC18\SRC\TRADIT~1\PROC\p18f8722.asm
                    PORTD   0x000f83       data     extern C:\MCC18\SRC\TRADIT~1\PROC\p18f8722.asm
                PORTDbits   0x000f83       data     extern C:\MCC18\SRC\TRADIT~1\PROC\p18f8722.asm
                    PORTE   0x000f84       data     extern C:\MCC18\SRC\TRADIT~1\PROC\p18f8722.asm
                PORTEbits   0x000f84       data     extern C:\MCC18\SRC\TRADIT~1\PROC\p18f8722.asm
                    PORTF   0x000f85       data     extern C:\MCC18\SRC\TRADIT~1\PROC\p18f8722.asm
                PORTFbits   0x000f85       data     extern C:\MCC18\SRC\TRADIT~1\PROC\p18f8722.asm
                    PORTG   0x000f86       data     extern C:\MCC18\SRC\TRADIT~1\PROC\p18f8722.asm
                PORTGbits   0x000f86       data     extern C:\MCC18\SRC\TRADIT~1\PROC\p18f8722.asm
                    PORTH   0x000f87       data     extern C:\MCC18\SRC\TRADIT~1\PROC\p18f8722.asm
                PORTHbits   0x000f87       data     extern C:\MCC18\SRC\TRADIT~1\PROC\p18f8722.asm
                    PORTJ   0x000f88       data     extern C:\MCC18\SRC\TRADIT~1\PROC\p18f8722.asm
                PORTJbits   0x000f88       data     extern C:\MCC18\SRC\TRADIT~1\PROC\p18f8722.asm
               PORT_TRASH   0x00002a       data     static C:\mcc18\Projects\EduCode\Util_lib.asm
                 POSTDEC0   0x000fed       data     extern C:\MCC18\SRC\TRADIT~1\PROC\p18f8722.asm
                 POSTDEC1   0x000fe5       data     extern C:\MCC18\SRC\TRADIT~1\PROC\p18f8722.asm
                 POSTDEC2   0x000fdd       data     extern C:\MCC18\SRC\TRADIT~1\PROC\p18f8722.asm
                 POSTINC0   0x000fee       data     extern C:\MCC18\SRC\TRADIT~1\PROC\p18f8722.asm
                 POSTINC1   0x000fe6       data     extern C:\MCC18\SRC\TRADIT~1\PROC\p18f8722.asm
                 POSTINC2   0x000fde       data     extern C:\MCC18\SRC\TRADIT~1\PROC\p18f8722.asm
                      PR2   0x000fcb       data     extern C:\MCC18\SRC\TRADIT~1\PROC\p18f8722.asm
                      PR4   0x000f77       data     extern C:\MCC18\SRC\TRADIT~1\PROC\p18f8722.asm
                  PREINC0   0x000fec       data     extern C:\MCC18\SRC\TRADIT~1\PROC\p18f8722.asm
                  PREINC1   0x000fe4       data     extern C:\MCC18\SRC\TRADIT~1\PROC\p18f8722.asm
                  PREINC2   0x000fdc       data     extern C:\MCC18\SRC\TRADIT~1\PROC\p18f8722.asm
                     PROD   0x000ff3       data     extern C:\MCC18\SRC\TRADIT~1\PROC\p18f8722.asm
                    PRODH   0x000ff4       data     extern C:\MCC18\SRC\TRADIT~1\PROC\p18f8722.asm
                    PRODL   0x000ff3       data     extern C:\MCC18\SRC\TRADIT~1\PROC\p18f8722.asm
                   PSPCON   0x000fb0       data     extern C:\MCC18\SRC\TRADIT~1\PROC\p18f8722.asm
               PSPCONbits   0x000fb0       data     extern C:\MCC18\SRC\TRADIT~1\PROC\p18f8722.asm
           PWMdisableMask   0x00002e       data     extern C:\mcc18\Projects\EduCode\Util_lib.asm
                     RCON   0x000fd0       data     extern C:\MCC18\SRC\TRADIT~1\PROC\p18f8722.asm
                 RCONbits   0x000fd0       data     extern C:\MCC18\SRC\TRADIT~1\PROC\p18f8722.asm
                    RCREG   0x000fae       data     extern C:\MCC18\SRC\TRADIT~1\PROC\p18f8722.asm
                   RCREG1   0x000fae       data     extern C:\MCC18\SRC\TRADIT~1\PROC\p18f8722.asm
                   RCREG2   0x000f6e       data     extern C:\MCC18\SRC\TRADIT~1\PROC\p18f8722.asm
                    RCSTA   0x000fab       data     extern C:\MCC18\SRC\TRADIT~1\PROC\p18f8722.asm
                   RCSTA1   0x000fab       data     extern C:\MCC18\SRC\TRADIT~1\PROC\p18f8722.asm
               RCSTA1bits   0x000fab       data     extern C:\MCC18\SRC\TRADIT~1\PROC\p18f8722.asm
                   RCSTA2   0x000f6b       data     extern C:\MCC18\SRC\TRADIT~1\PROC\p18f8722.asm
               RCSTA2bits   0x000f6b       data     extern C:\MCC18\SRC\TRADIT~1\PROC\p18f8722.asm
                RCSTAbits   0x000fab       data     extern C:\MCC18\SRC\TRADIT~1\PROC\p18f8722.asm
                    REMB0   0x000032       data     extern C:\MCC18\SRC\TRADIT~1\MATH\aarg.asm
                    REMB1   0x000031       data     extern C:\MCC18\SRC\TRADIT~1\MATH\aarg.asm
                    REMB2   0x000030       data     extern C:\MCC18\SRC\TRADIT~1\MATH\aarg.asm
                    REMB3   0x00002f       data     extern C:\MCC18\SRC\TRADIT~1\MATH\aarg.asm
      RX_1_Framing_Errors   0x000207       data     extern C:\mort\Mort Code 06\serial_ports.c
      RX_1_Overrun_Errors   0x000206       data     extern C:\mort\Mort Code 06\serial_ports.c
      RX_2_Framing_Errors   0x000213       data     extern C:\mort\Mort Code 06\serial_ports.c
      RX_2_Overrun_Errors   0x000212       data     extern C:\mort\Mort Code 06\serial_ports.c
               Rx_1_Queue   0x000100       data     extern C:\mort\Mort Code 06\serial_ports.c
    Rx_1_Queue_Byte_Count   0x000205       data     extern C:\mort\Mort Code 06\serial_ports.c
         Rx_1_Queue_Empty   0x000202       data     extern C:\mort\Mort Code 06\serial_ports.c
          Rx_1_Queue_Full   0x000201       data     extern C:\mort\Mort Code 06\serial_ports.c
    Rx_1_Queue_Read_Index   0x000203       data     extern C:\mort\Mort Code 06\serial_ports.c
   Rx_1_Queue_Write_Index   0x000204       data     extern C:\mort\Mort Code 06\serial_ports.c
               Rx_2_Queue   0x000140       data     extern C:\mort\Mort Code 06\serial_ports.c
    Rx_2_Queue_Byte_Count   0x000211       data     extern C:\mort\Mort Code 06\serial_ports.c
         Rx_2_Queue_Empty   0x00020e       data     extern C:\mort\Mort Code 06\serial_ports.c
          Rx_2_Queue_Full   0x00020d       data     extern C:\mort\Mort Code 06\serial_ports.c
    Rx_2_Queue_Read_Index   0x00020f       data     extern C:\mort\Mort Code 06\serial_ports.c
   Rx_2_Queue_Write_Index   0x000210       data     extern C:\mort\Mort Code 06\serial_ports.c
                     SIGN   0x00003d       data     extern C:\MCC18\SRC\TRADIT~1\MATH\cmath18.asm
                    SPBRG   0x000faf       data     extern C:\MCC18\SRC\TRADIT~1\PROC\p18f8722.asm
                   SPBRG1   0x000faf       data     extern C:\MCC18\SRC\TRADIT~1\PROC\p18f8722.asm
                   SPBRG2   0x000f6f       data     extern C:\MCC18\SRC\TRADIT~1\PROC\p18f8722.asm
                   SPBRGH   0x000f7f       data     extern C:\MCC18\SRC\TRADIT~1\PROC\p18f8722.asm
                  SPBRGH1   0x000f7f       data     extern C:\MCC18\SRC\TRADIT~1\PROC\p18f8722.asm
                  SPBRGH2   0x000f7d       data     extern C:\MCC18\SRC\TRADIT~1\PROC\p18f8722.asm
                  SSP1ADD   0x000fc8       data     extern C:\MCC18\SRC\TRADIT~1\PROC\p18f8722.asm
                  SSP1BUF   0x000fc9       data     extern C:\MCC18\SRC\TRADIT~1\PROC\p18f8722.asm
                 SSP1CON1   0x000fc6       data     extern C:\MCC18\SRC\TRADIT~1\PROC\p18f8722.asm
             SSP1CON1bits   0x000fc6       data     extern C:\MCC18\SRC\TRADIT~1\PROC\p18f8722.asm
                 SSP1CON2   0x000fc5       data     extern C:\MCC18\SRC\TRADIT~1\PROC\p18f8722.asm
             SSP1CON2bits   0x000fc5       data     extern C:\MCC18\SRC\TRADIT~1\PROC\p18f8722.asm
                 SSP1STAT   0x000fc7       data     extern C:\MCC18\SRC\TRADIT~1\PROC\p18f8722.asm
             SSP1STATbits   0x000fc7       data     extern C:\MCC18\SRC\TRADIT~1\PROC\p18f8722.asm
                  SSP2ADD   0x000f65       data     extern C:\MCC18\SRC\TRADIT~1\PROC\p18f8722.asm
                  SSP2BUF   0x000f66       data     extern C:\MCC18\SRC\TRADIT~1\PROC\p18f8722.asm
                 SSP2CON1   0x000f63       data     extern C:\MCC18\SRC\TRADIT~1\PROC\p18f8722.asm
             SSP2CON1bits   0x000f63       data     extern C:\MCC18\SRC\TRADIT~1\PROC\p18f8722.asm
                 SSP2CON2   0x000f62       data     extern C:\MCC18\SRC\TRADIT~1\PROC\p18f8722.asm
             SSP2CON2bits   0x000f62       data     extern C:\MCC18\SRC\TRADIT~1\PROC\p18f8722.asm
                 SSP2STAT   0x000f64       data     extern C:\MCC18\SRC\TRADIT~1\PROC\p18f8722.asm
             SSP2STATbits   0x000f64       data     extern C:\MCC18\SRC\TRADIT~1\PROC\p18f8722.asm
                   SSPADD   0x000fc8       data     extern C:\MCC18\SRC\TRADIT~1\PROC\p18f8722.asm
                   SSPBUF   0x000fc9       data     extern C:\MCC18\SRC\TRADIT~1\PROC\p18f8722.asm
                  SSPCON1   0x000fc6       data     extern C:\MCC18\SRC\TRADIT~1\PROC\p18f8722.asm
              SSPCON1bits   0x000fc6       data     extern C:\MCC18\SRC\TRADIT~1\PROC\p18f8722.asm
                  SSPCON2   0x000fc5       data     extern C:\MCC18\SRC\TRADIT~1\PROC\p18f8722.asm
              SSPCON2bits   0x000fc5       data     extern C:\MCC18\SRC\TRADIT~1\PROC\p18f8722.asm
                  SSPSTAT   0x000fc7       data     extern C:\MCC18\SRC\TRADIT~1\PROC\p18f8722.asm
              SSPSTATbits   0x000fc7       data     extern C:\MCC18\SRC\TRADIT~1\PROC\p18f8722.asm
                   STATUS   0x000fd8       data     extern C:\MCC18\SRC\TRADIT~1\PROC\p18f8722.asm
               STATUSbits   0x000fd8       data     extern C:\MCC18\SRC\TRADIT~1\PROC\p18f8722.asm
                   STKPTR   0x000ffc       data     extern C:\MCC18\SRC\TRADIT~1\PROC\p18f8722.asm
               STKPTRbits   0x000ffc       data     extern C:\MCC18\SRC\TRADIT~1\PROC\p18f8722.asm
         Shooter_Debounce   0x00022c       data     extern C:\mort\Mort Code 06\user_routines.c
                    T0CON   0x000fd5       data     extern C:\MCC18\SRC\TRADIT~1\PROC\p18f8722.asm
                T0CONbits   0x000fd5       data     extern C:\MCC18\SRC\TRADIT~1\PROC\p18f8722.asm
                    T1CON   0x000fcd       data     extern C:\MCC18\SRC\TRADIT~1\PROC\p18f8722.asm
                T1CONbits   0x000fcd       data     extern C:\MCC18\SRC\TRADIT~1\PROC\p18f8722.asm
                    T2CON   0x000fca       data     extern C:\MCC18\SRC\TRADIT~1\PROC\p18f8722.asm
                T2CONbits   0x000fca       data     extern C:\MCC18\SRC\TRADIT~1\PROC\p18f8722.asm
                    T3CON   0x000fb1       data     extern C:\MCC18\SRC\TRADIT~1\PROC\p18f8722.asm
                T3CONbits   0x000fb1       data     extern C:\MCC18\SRC\TRADIT~1\PROC\p18f8722.asm
                    T4CON   0x000f76       data     extern C:\MCC18\SRC\TRADIT~1\PROC\p18f8722.asm
                T4CONbits   0x000f76       data     extern C:\MCC18\SRC\TRADIT~1\PROC\p18f8722.asm
                   TABLAT   0x000ff5       data     extern C:\MCC18\SRC\TRADIT~1\PROC\p18f8722.asm
                   TBLPTR   0x000ff6       data     extern C:\MCC18\SRC\TRADIT~1\PROC\p18f8722.asm
                  TBLPTRH   0x000ff7       data     extern C:\MCC18\SRC\TRADIT~1\PROC\p18f8722.asm
                  TBLPTRL   0x000ff6       data     extern C:\MCC18\SRC\TRADIT~1\PROC\p18f8722.asm
                  TBLPTRU   0x000ff8       data     extern C:\MCC18\SRC\TRADIT~1\PROC\p18f8722.asm
                     TEMP   0x000042       data     extern C:\MCC18\SRC\TRADIT~1\MATH\temparg.asm
                   TEMPB0   0x000042       data     extern C:\MCC18\SRC\TRADIT~1\MATH\temparg.asm
                   TEMPB1   0x000041       data     extern C:\MCC18\SRC\TRADIT~1\MATH\temparg.asm
                   TEMPB2   0x000040       data     extern C:\MCC18\SRC\TRADIT~1\MATH\temparg.asm
                   TEMPB3   0x00003f       data     extern C:\MCC18\SRC\TRADIT~1\MATH\temparg.asm
                    TMR0H   0x000fd7       data     extern C:\MCC18\SRC\TRADIT~1\PROC\p18f8722.asm
                    TMR0L   0x000fd6       data     extern C:\MCC18\SRC\TRADIT~1\PROC\p18f8722.asm
                    TMR1H   0x000fcf       data     extern C:\MCC18\SRC\TRADIT~1\PROC\p18f8722.asm
                    TMR1L   0x000fce       data     extern C:\MCC18\SRC\TRADIT~1\PROC\p18f8722.asm
                     TMR2   0x000fcc       data     extern C:\MCC18\SRC\TRADIT~1\PROC\p18f8722.asm
                    TMR3H   0x000fb3       data     extern C:\MCC18\SRC\TRADIT~1\PROC\p18f8722.asm
                    TMR3L   0x000fb2       data     extern C:\MCC18\SRC\TRADIT~1\PROC\p18f8722.asm
                     TMR4   0x000f78       data     extern C:\MCC18\SRC\TRADIT~1\PROC\p18f8722.asm
                      TOS   0x000ffd       data     extern C:\MCC18\SRC\TRADIT~1\PROC\p18f8722.asm
                     TOSH   0x000ffe       data     extern C:\MCC18\SRC\TRADIT~1\PROC\p18f8722.asm
                     TOSL   0x000ffd       data     extern C:\MCC18\SRC\TRADIT~1\PROC\p18f8722.asm
                     TOSU   0x000fff       data     extern C:\MCC18\SRC\TRADIT~1\PROC\p18f8722.asm
                    TRISA   0x000f92       data     extern C:\MCC18\SRC\TRADIT~1\PROC\p18f8722.asm
                TRISAbits   0x000f92       data     extern C:\MCC18\SRC\TRADIT~1\PROC\p18f8722.asm
                    TRISB   0x000f93       data     extern C:\MCC18\SRC\TRADIT~1\PROC\p18f8722.asm
                TRISBbits   0x000f93       data     extern C:\MCC18\SRC\TRADIT~1\PROC\p18f8722.asm
                    TRISC   0x000f94       data     extern C:\MCC18\SRC\TRADIT~1\PROC\p18f8722.asm
                TRISCbits   0x000f94       data     extern C:\MCC18\SRC\TRADIT~1\PROC\p18f8722.asm
                    TRISD   0x000f95       data     extern C:\MCC18\SRC\TRADIT~1\PROC\p18f8722.asm
                TRISDbits   0x000f95       data     extern C:\MCC18\SRC\TRADIT~1\PROC\p18f8722.asm
                    TRISE   0x000f96       data     extern C:\MCC18\SRC\TRADIT~1\PROC\p18f8722.asm
                TRISEbits   0x000f96       data     extern C:\MCC18\SRC\TRADIT~1\PROC\p18f8722.asm
                    TRISF   0x000f97       data     extern C:\MCC18\SRC\TRADIT~1\PROC\p18f8722.asm
                TRISFbits   0x000f97       data     extern C:\MCC18\SRC\TRADIT~1\PROC\p18f8722.asm
                    TRISG   0x000f98       data     extern C:\MCC18\SRC\TRADIT~1\PROC\p18f8722.asm
                TRISGbits   0x000f98       data     extern C:\MCC18\SRC\TRADIT~1\PROC\p18f8722.asm
                    TRISH   0x000f99       data     extern C:\MCC18\SRC\TRADIT~1\PROC\p18f8722.asm
                TRISHbits   0x000f99       data     extern C:\MCC18\SRC\TRADIT~1\PROC\p18f8722.asm
                    TRISJ   0x000f9a       data     extern C:\MCC18\SRC\TRADIT~1\PROC\p18f8722.asm
                TRISJbits   0x000f9a       data     extern C:\MCC18\SRC\TRADIT~1\PROC\p18f8722.asm
                    TXREG   0x000fad       data     extern C:\MCC18\SRC\TRADIT~1\PROC\p18f8722.asm
                   TXREG1   0x000fad       data     extern C:\MCC18\SRC\TRADIT~1\PROC\p18f8722.asm
                   TXREG2   0x000f6d       data     extern C:\MCC18\SRC\TRADIT~1\PROC\p18f8722.asm
[...]
                TRISCbits   0x000f94       data     extern C:\MCC18\SRC\TRADIT~1\PROC\p18f8722.asm
                 DDRCbits   0x000f94       data     extern C:\MCC18\SRC\TRADIT~1\PROC\p18f8722.asm
                     DDRC   0x000f94       data     extern C:\MCC18\SRC\TRADIT~1\PROC\p18f8722.asm
                     DDRD   0x000f95       data     extern C:\MCC18\SRC\TRADIT~1\PROC\p18f8722.asm
                 DDRDbits   0x000f95       data     extern C:\MCC18\SRC\TRADIT~1\PROC\p18f8722.asm
                TRISDbits   0x000f95       data     extern C:\MCC18\SRC\TRADIT~1\PROC\p18f8722.asm
                    TRISD   0x000f95       data     extern C:\MCC18\SRC\TRADIT~1\PROC\p18f8722.asm
                TRISEbits   0x000f96       data     extern C:\MCC18\SRC\TRADIT~1\PROC\p18f8722.asm
                    TRISE   0x000f96       data     extern C:\MCC18\SRC\TRADIT~1\PROC\p18f8722.asm
                 DDREbits   0x000f96       data     extern C:\MCC18\SRC\TRADIT~1\PROC\p18f8722.asm
                     DDRE   0x000f96       data     extern C:\MCC18\SRC\TRADIT~1\PROC\p18f8722.asm
                     DDRF   0x000f97       data     extern C:\MCC18\SRC\TRADIT~1\PROC\p18f8722.asm
                 DDRFbits   0x000f97       data     extern C:\MCC18\SRC\TRADIT~1\PROC\p18f8722.asm
                    TRISF   0x000f97       data     extern C:\MCC18\SRC\TRADIT~1\PROC\p18f8722.asm
                TRISFbits   0x000f97       data     extern C:\MCC18\SRC\TRADIT~1\PROC\p18f8722.asm
                     DDRG   0x000f98       data     extern C:\MCC18\SRC\TRADIT~1\PROC\p18f8722.asm
                 DDRGbits   0x000f98       data     extern C:\MCC18\SRC\TRADIT~1\PROC\p18f8722.asm
                    TRISG   0x000f98       data     extern C:\MCC18\SRC\TRADIT~1\PROC\p18f8722.asm
                TRISGbits   0x000f98       data     extern C:\MCC18\SRC\TRADIT~1\PROC\p18f8722.asm
                 DDRHbits   0x000f99       data     extern C:\MCC18\SRC\TRADIT~1\PROC\p18f8722.asm
                    TRISH   0x000f99       data     extern C:\MCC18\SRC\TRADIT~1\PROC\p18f8722.asm
                TRISHbits   0x000f99       data     extern C:\MCC18\SRC\TRADIT~1\PROC\p18f8722.asm
                     DDRH   0x000f99       data     extern C:\MCC18\SRC\TRADIT~1\PROC\p18f8722.asm
                TRISJbits   0x000f9a       data     extern C:\MCC18\SRC\TRADIT~1\PROC\p18f8722.asm
                    TRISJ   0x000f9a       data     extern C:\MCC18\SRC\TRADIT~1\PROC\p18f8722.asm
                     DDRJ   0x000f9a       data     extern C:\MCC18\SRC\TRADIT~1\PROC\p18f8722.asm
                 DDRJbits   0x000f9a       data     extern C:\MCC18\SRC\TRADIT~1\PROC\p18f8722.asm
              OSCTUNEbits   0x000f9b       data     extern C:\MCC18\SRC\TRADIT~1\PROC\p18f8722.asm
                  OSCTUNE   0x000f9b       data     extern C:\MCC18\SRC\TRADIT~1\PROC\p18f8722.asm
                   MEMCON   0x000f9c       data     extern C:\MCC18\SRC\TRADIT~1\PROC\p18f8722.asm
               MEMCONbits   0x000f9c       data     extern C:\MCC18\SRC\TRADIT~1\PROC\p18f8722.asm
                 PIE1bits   0x000f9d       data     extern C:\MCC18\SRC\TRADIT~1\PROC\p18f8722.asm
                     PIE1   0x000f9d       data     extern C:\MCC18\SRC\TRADIT~1\PROC\p18f8722.asm
                     PIR1   0x000f9e       data     extern C:\MCC18\SRC\TRADIT~1\PROC\p18f8722.asm
                 PIR1bits   0x000f9e       data     extern C:\MCC18\SRC\TRADIT~1\PROC\p18f8722.asm
                     IPR1   0x000f9f       data     extern C:\MCC18\SRC\TRADIT~1\PROC\p18f8722.asm
                 IPR1bits   0x000f9f       data     extern C:\MCC18\SRC\TRADIT~1\PROC\p18f8722.asm
                     PIE2   0x000fa0       data     extern C:\MCC18\SRC\TRADIT~1\PROC\p18f8722.asm
                 PIE2bits   0x000fa0       data     extern C:\MCC18\SRC\TRADIT~1\PROC\p18f8722.asm
                     PIR2   0x000fa1       data     extern C:\MCC18\SRC\TRADIT~1\PROC\p18f8722.asm
                 PIR2bits   0x000fa1       data     extern C:\MCC18\SRC\TRADIT~1\PROC\p18f8722.asm
                 IPR2bits   0x000fa2       data     extern C:\MCC18\SRC\TRADIT~1\PROC\p18f8722.asm
                     IPR2   0x000fa2       data     extern C:\MCC18\SRC\TRADIT~1\PROC\p18f8722.asm
                     PIE3   0x000fa3       data     extern C:\MCC18\SRC\TRADIT~1\PROC\p18f8722.asm
                 PIE3bits   0x000fa3       data     extern C:\MCC18\SRC\TRADIT~1\PROC\p18f8722.asm
                     PIR3   0x000fa4       data     extern C:\MCC18\SRC\TRADIT~1\PROC\p18f8722.asm
                 PIR3bits   0x000fa4       data     extern C:\MCC18\SRC\TRADIT~1\PROC\p18f8722.asm
                 IPR3bits   0x000fa5       data     extern C:\MCC18\SRC\TRADIT~1\PROC\p18f8722.asm
                     IPR3   0x000fa5       data     extern C:\MCC18\SRC\TRADIT~1\PROC\p18f8722.asm
               EECON1bits   0x000fa6       data     extern C:\MCC18\SRC\TRADIT~1\PROC\p18f8722.asm
                   EECON1   0x000fa6       data     extern C:\MCC18\SRC\TRADIT~1\PROC\p18f8722.asm
                   EECON2   0x000fa7       data     extern C:\MCC18\SRC\TRADIT~1\PROC\p18f8722.asm
                   EEDATA   0x000fa8       data     extern C:\MCC18\SRC\TRADIT~1\PROC\p18f8722.asm
                    EEADR   0x000fa9       data     extern C:\MCC18\SRC\TRADIT~1\PROC\p18f8722.asm
                   EEADRH   0x000faa       data     extern C:\MCC18\SRC\TRADIT~1\PROC\p18f8722.asm
                    RCSTA   0x000fab       data     extern C:\MCC18\SRC\TRADIT~1\PROC\p18f8722.asm
                   RCSTA1   0x000fab       data     extern C:\MCC18\SRC\TRADIT~1\PROC\p18f8722.asm
               RCSTA1bits   0x000fab       data     extern C:\MCC18\SRC\TRADIT~1\PROC\p18f8722.asm
                RCSTAbits   0x000fab       data     extern C:\MCC18\SRC\TRADIT~1\PROC\p18f8722.asm
                    TXSTA   0x000fac       data     extern C:\MCC18\SRC\TRADIT~1\PROC\p18f8722.asm
                   TXSTA1   0x000fac       data     extern C:\MCC18\SRC\TRADIT~1\PROC\p18f8722.asm
               TXSTA1bits   0x000fac       data     extern C:\MCC18\SRC\TRADIT~1\PROC\p18f8722.asm
                TXSTAbits   0x000fac       data     extern C:\MCC18\SRC\TRADIT~1\PROC\p18f8722.asm
                    TXREG   0x000fad       data     extern C:\MCC18\SRC\TRADIT~1\PROC\p18f8722.asm
                   TXREG1   0x000fad       data     extern C:\MCC18\SRC\TRADIT~1\PROC\p18f8722.asm
                   RCREG1   0x000fae       data     extern C:\MCC18\SRC\TRADIT~1\PROC\p18f8722.asm
                    RCREG   0x000fae       data     extern C:\MCC18\SRC\TRADIT~1\PROC\p18f8722.asm
                    SPBRG   0x000faf       data     extern C:\MCC18\SRC\TRADIT~1\PROC\p18f8722.asm
                   SPBRG1   0x000faf       data     extern C:\MCC18\SRC\TRADIT~1\PROC\p18f8722.asm
               PSPCONbits   0x000fb0       data     extern C:\MCC18\SRC\TRADIT~1\PROC\p18f8722.asm
                   PSPCON   0x000fb0       data     extern C:\MCC18\SRC\TRADIT~1\PROC\p18f8722.asm
                    T3CON   0x000fb1       data     extern C:\MCC18\SRC\TRADIT~1\PROC\p18f8722.asm
                T3CONbits   0x000fb1       data     extern C:\MCC18\SRC\TRADIT~1\PROC\p18f8722.asm
                    TMR3L   0x000fb2       data     extern C:\MCC18\SRC\TRADIT~1\PROC\p18f8722.asm
                    TMR3H   0x000fb3       data     extern C:\MCC18\SRC\TRADIT~1\PROC\p18f8722.asm
                    CMCON   0x000fb4       data     extern C:\MCC18\SRC\TRADIT~1\PROC\p18f8722.asm
                CMCONbits   0x000fb4       data     extern C:\MCC18\SRC\TRADIT~1\PROC\p18f8722.asm
               CVRCONbits   0x000fb5       data     extern C:\MCC18\SRC\TRADIT~1\PROC\p18f8722.asm
                   CVRCON   0x000fb5       data     extern C:\MCC18\SRC\TRADIT~1\PROC\p18f8722.asm
                  ECCP1AS   0x000fb6       data     extern C:\MCC18\SRC\TRADIT~1\PROC\p18f8722.asm
              ECCP1ASbits   0x000fb6       data     extern C:\MCC18\SRC\TRADIT~1\PROC\p18f8722.asm
                 ECCP3CON   0x000fb7       data     extern C:\MCC18\SRC\TRADIT~1\PROC\p18f8722.asm
             ECCP3CONbits   0x000fb7       data     extern C:\MCC18\SRC\TRADIT~1\PROC\p18f8722.asm
                  CCP3CON   0x000fb7       data     extern C:\MCC18\SRC\TRADIT~1\PROC\p18f8722.asm
              CCP3CONbits   0x000fb7       data     extern C:\MCC18\SRC\TRADIT~1\PROC\p18f8722.asm
                   CCPR3L   0x000fb8       data     extern C:\MCC18\SRC\TRADIT~1\PROC\p18f8722.asm
                    CCPR3   0x000fb8       data     extern C:\MCC18\SRC\TRADIT~1\PROC\p18f8722.asm
                   CCPR3H   0x000fb9       data     extern C:\MCC18\SRC\TRADIT~1\PROC\p18f8722.asm
                  CCP2CON   0x000fba       data     extern C:\MCC18\SRC\TRADIT~1\PROC\p18f8722.asm
              CCP2CONbits   0x000fba       data     extern C:\MCC18\SRC\TRADIT~1\PROC\p18f8722.asm
                 ECCP2CON   0x000fba       data     extern C:\MCC18\SRC\TRADIT~1\PROC\p18f8722.asm
             ECCP2CONbits   0x000fba       data     extern C:\MCC18\SRC\TRADIT~1\PROC\p18f8722.asm
                    CCPR2   0x000fbb       data     extern C:\MCC18\SRC\TRADIT~1\PROC\p18f8722.asm
                   CCPR2L   0x000fbb       data     extern C:\MCC18\SRC\TRADIT~1\PROC\p18f8722.asm
                   CCPR2H   0x000fbc       data     extern C:\MCC18\SRC\TRADIT~1\PROC\p18f8722.asm
                  CCP1CON   0x000fbd       data     extern C:\MCC18\SRC\TRADIT~1\PROC\p18f8722.asm
              CCP1CONbits   0x000fbd       data     extern C:\MCC18\SRC\TRADIT~1\PROC\p18f8722.asm
             ECCP1CONbits   0x000fbd       data     extern C:\MCC18\SRC\TRADIT~1\PROC\p18f8722.asm
                 ECCP1CON   0x000fbd       data     extern C:\MCC18\SRC\TRADIT~1\PROC\p18f8722.asm
                   CCPR1L   0x000fbe       data     extern C:\MCC18\SRC\TRADIT~1\PROC\p18f8722.asm
                    CCPR1   0x000fbe       data     extern C:\MCC18\SRC\TRADIT~1\PROC\p18f8722.asm
                   CCPR1H   0x000fbf       data     extern C:\MCC18\SRC\TRADIT~1\PROC\p18f8722.asm
               ADCON2bits   0x000fc0       data     extern C:\MCC18\SRC\TRADIT~1\PROC\p18f8722.asm
                   ADCON2   0x000fc0       data     extern C:\MCC18\SRC\TRADIT~1\PROC\p18f8722.asm
               ADCON1bits   0x000fc1       data     extern C:\MCC18\SRC\TRADIT~1\PROC\p18f8722.asm
                   ADCON1   0x000fc1       data     extern C:\MCC18\SRC\TRADIT~1\PROC\p18f8722.asm
               ADCON0bits   0x000fc2       data     extern C:\MCC18\SRC\TRADIT~1\PROC\p18f8722.asm
                   ADCON0   0x000fc2       data     extern C:\MCC18\SRC\TRADIT~1\PROC\p18f8722.asm
                   ADRESL   0x000fc3       data     extern C:\MCC18\SRC\TRADIT~1\PROC\p18f8722.asm
                    ADRES   0x000fc3       data     extern C:\MCC18\SRC\TRADIT~1\PROC\p18f8722.asm
                   ADRESH   0x000fc4       data     extern C:\MCC18\SRC\TRADIT~1\PROC\p18f8722.asm
              SSPCON2bits   0x000fc5       data     extern C:\MCC18\SRC\TRADIT~1\PROC\p18f8722.asm
                  SSPCON2   0x000fc5       data     extern C:\MCC18\SRC\TRADIT~1\PROC\p18f8722.asm
             SSP1CON2bits   0x000fc5       data     extern C:\MCC18\SRC\TRADIT~1\PROC\p18f8722.asm
                 SSP1CON2   0x000fc5       data     extern C:\MCC18\SRC\TRADIT~1\PROC\p18f8722.asm
                  SSPCON1   0x000fc6       data     extern C:\MCC18\SRC\TRADIT~1\PROC\p18f8722.asm
             SSP1CON1bits   0x000fc6       data     extern C:\MCC18\SRC\TRADIT~1\PROC\p18f8722.asm
                 SSP1CON1   0x000fc6       data     extern C:\MCC18\SRC\TRADIT~1\PROC\p18f8722.asm
              SSPCON1bits   0x000fc6       data     extern C:\MCC18\SRC\TRADIT~1\PROC\p18f8722.asm
                 SSP1STAT   0x000fc7       data     extern C:\MCC18\SRC\TRADIT~1\PROC\p18f8722.asm
             SSP1STATbits   0x000fc7       data     extern C:\MCC18\SRC\TRADIT~1\PROC\p18f8722.asm
              SSPSTATbits   0x000fc7       data     extern C:\MCC18\SRC\TRADIT~1\PROC\p18f8722.asm
                  SSPSTAT   0x000fc7       data     extern C:\MCC18\SRC\TRADIT~1\PROC\p18f8722.asm
                   SSPADD   0x000fc8       data     extern C:\MCC18\SRC\TRADIT~1\PROC\p18f8722.asm
                  SSP1ADD   0x000fc8       data     extern C:\MCC18\SRC\TRADIT~1\PROC\p18f8722.asm
                   SSPBUF   0x000fc9       data     extern C:\MCC18\SRC\TRADIT~1\PROC\p18f8722.asm
                  SSP1BUF   0x000fc9       data     extern C:\MCC18\SRC\TRADIT~1\PROC\p18f8722.asm
                    T2CON   0x000fca       data     extern C:\MCC18\SRC\TRADIT~1\PROC\p18f8722.asm
                T2CONbits   0x000fca       data     extern C:\MCC18\SRC\TRADIT~1\PROC\p18f8722.asm
                      PR2   0x000fcb       data     extern C:\MCC18\SRC\TRADIT~1\PROC\p18f8722.asm
                     TMR2   0x000fcc       data     extern C:\MCC18\SRC\TRADIT~1\PROC\p18f8722.asm
                    T1CON   0x000fcd       data     extern C:\MCC18\SRC\TRADIT~1\PROC\p18f8722.asm
                T1CONbits   0x000fcd       data     extern C:\MCC18\SRC\TRADIT~1\PROC\p18f8722.asm
                    TMR1L   0x000fce       data     extern C:\MCC18\SRC\TRADIT~1\PROC\p18f8722.asm
                    TMR1H   0x000fcf       data     extern C:\MCC18\SRC\TRADIT~1\PROC\p18f8722.asm
                     RCON   0x000fd0       data     extern C:\MCC18\SRC\TRADIT~1\PROC\p18f8722.asm
                 RCONbits   0x000fd0       data     extern C:\MCC18\SRC\TRADIT~1\PROC\p18f8722.asm
                   WDTCON   0x000fd1       data     extern C:\MCC18\SRC\TRADIT~1\PROC\p18f8722.asm
               WDTCONbits   0x000fd1       data     extern C:\MCC18\SRC\TRADIT~1\PROC\p18f8722.asm
                  HLVDCON   0x000fd2       data     extern C:\MCC18\SRC\TRADIT~1\PROC\p18f8722.asm
              HLVDCONbits   0x000fd2       data     extern C:\MCC18\SRC\TRADIT~1\PROC\p18f8722.asm
                   LVDCON   0x000fd2       data     extern C:\MCC18\SRC\TRADIT~1\PROC\p18f8722.asm
               LVDCONbits   0x000fd2       data     extern C:\MCC18\SRC\TRADIT~1\PROC\p18f8722.asm
                   OSCCON   0x000fd3       data     extern C:\MCC18\SRC\TRADIT~1\PROC\p18f8722.asm
               OSCCONbits   0x000fd3       data     extern C:\MCC18\SRC\TRADIT~1\PROC\p18f8722.asm
                    T0CON   0x000fd5       data     extern C:\MCC18\SRC\TRADIT~1\PROC\p18f8722.asm
                T0CONbits   0x000fd5       data     extern C:\MCC18\SRC\TRADIT~1\PROC\p18f8722.asm
                    TMR0L   0x000fd6       data     extern C:\MCC18\SRC\TRADIT~1\PROC\p18f8722.asm
                    TMR0H   0x000fd7       data     extern C:\MCC18\SRC\TRADIT~1\PROC\p18f8722.asm
                   STATUS   0x000fd8       data     extern C:\MCC18\SRC\TRADIT~1\PROC\p18f8722.asm
               STATUSbits   0x000fd8       data     extern C:\MCC18\SRC\TRADIT~1\PROC\p18f8722.asm
                     FSR2   0x000fd9       data     extern C:\MCC18\SRC\TRADIT~1\PROC\p18f8722.asm
                    FSR2L   0x000fd9       data     extern C:\MCC18\SRC\TRADIT~1\PROC\p18f8722.asm
                    FSR2H   0x000fda       data     extern C:\MCC18\SRC\TRADIT~1\PROC\p18f8722.asm
                   PLUSW2   0x000fdb       data     extern C:\MCC18\SRC\TRADIT~1\PROC\p18f8722.asm
                  PREINC2   0x000fdc       data     extern C:\MCC18\SRC\TRADIT~1\PROC\p18f8722.asm
                 POSTDEC2   0x000fdd       data     extern C:\MCC18\SRC\TRADIT~1\PROC\p18f8722.asm
                 POSTINC2   0x000fde       data     extern C:\MCC18\SRC\TRADIT~1\PROC\p18f8722.asm
                    INDF2   0x000fdf       data     extern C:\MCC18\SRC\TRADIT~1\PROC\p18f8722.asm
                      BSR   0x000fe0       data     extern C:\MCC18\SRC\TRADIT~1\PROC\p18f8722.asm
                    FSR1L   0x000fe1       data     extern C:\MCC18\SRC\TRADIT~1\PROC\p18f8722.asm
                     FSR1   0x000fe1       data     extern C:\MCC18\SRC\TRADIT~1\PROC\p18f8722.asm
                    FSR1H   0x000fe2       data     extern C:\MCC18\SRC\TRADIT~1\PROC\p18f8722.asm
                   PLUSW1   0x000fe3       data     extern C:\MCC18\SRC\TRADIT~1\PROC\p18f8722.asm
                  PREINC1   0x000fe4       data     extern C:\MCC18\SRC\TRADIT~1\PROC\p18f8722.asm
                 POSTDEC1   0x000fe5       data     extern C:\MCC18\SRC\TRADIT~1\PROC\p18f8722.asm
                 POSTINC1   0x000fe6       data     extern C:\MCC18\SRC\TRADIT~1\PROC\p18f8722.asm
                    INDF1   0x000fe7       data     extern C:\MCC18\SRC\TRADIT~1\PROC\p18f8722.asm
                     WREG   0x000fe8       data     extern C:\MCC18\SRC\TRADIT~1\PROC\p18f8722.asm
                    FSR0L   0x000fe9       data     extern C:\MCC18\SRC\TRADIT~1\PROC\p18f8722.asm
                     FSR0   0x000fe9       data     extern C:\MCC18\SRC\TRADIT~1\PROC\p18f8722.asm
                    FSR0H   0x000fea       data     extern C:\MCC18\SRC\TRADIT~1\PROC\p18f8722.asm
                   PLUSW0   0x000feb       data     extern C:\MCC18\SRC\TRADIT~1\PROC\p18f8722.asm
                  PREINC0   0x000fec       data     extern C:\MCC18\SRC\TRADIT~1\PROC\p18f8722.asm
                 POSTDEC0   0x000fed       data     extern C:\MCC18\SRC\TRADIT~1\PROC\p18f8722.asm
                 POSTINC0   0x000fee       data     extern C:\MCC18\SRC\TRADIT~1\PROC\p18f8722.asm
                    INDF0   0x000fef       data     extern C:\MCC18\SRC\TRADIT~1\PROC\p18f8722.asm
                  INTCON3   0x000ff0       data     extern C:\MCC18\SRC\TRADIT~1\PROC\p18f8722.asm
              INTCON3bits   0x000ff0       data     extern C:\MCC18\SRC\TRADIT~1\PROC\p18f8722.asm
                  INTCON2   0x000ff1       data     extern C:\MCC18\SRC\TRADIT~1\PROC\p18f8722.asm
              INTCON2bits   0x000ff1       data     extern C:\MCC18\SRC\TRADIT~1\PROC\p18f8722.asm
                   INTCON   0x000ff2       data     extern C:\MCC18\SRC\TRADIT~1\PROC\p18f8722.asm
               INTCONbits   0x000ff2       data     extern C:\MCC18\SRC\TRADIT~1\PROC\p18f8722.asm
                     PROD   0x000ff3       data     extern C:\MCC18\SRC\TRADIT~1\PROC\p18f8722.asm
                    PRODL   0x000ff3       data     extern C:\MCC18\SRC\TRADIT~1\PROC\p18f8722.asm
                    PRODH   0x000ff4       data     extern C:\MCC18\SRC\TRADIT~1\PROC\p18f8722.asm
                   TABLAT   0x000ff5       data     extern C:\MCC18\SRC\TRADIT~1\PROC\p18f8722.asm
                  TBLPTRL   0x000ff6       data     extern C:\MCC18\SRC\TRADIT~1\PROC\p18f8722.asm
                   TBLPTR   0x000ff6       data     extern C:\MCC18\SRC\TRADIT~1\PROC\p18f8722.asm
                  TBLPTRH   0x000ff7       data     extern C:\MCC18\SRC\TRADIT~1\PROC\p18f8722.asm
                  TBLPTRU   0x000ff8       data     extern C:\MCC18\SRC\TRADIT~1\PROC\p18f8722.asm
                       PC   0x000ff9       data     extern C:\MCC18\SRC\TRADIT~1\PROC\p18f8722.asm
                      PCL   0x000ff9       data     extern C:\MCC18\SRC\TRADIT~1\PROC\p18f8722.asm
                   PCLATH   0x000ffa       data     extern C:\MCC18\SRC\TRADIT~1\PROC\p18f8722.asm
                   PCLATU   0x000ffb       data     extern C:\MCC18\SRC\TRADIT~1\PROC\p18f8722.asm
               STKPTRbits   0x000ffc       data     extern C:\MCC18\SRC\TRADIT~1\PROC\p18f8722.asm
                   STKPTR   0x000ffc       data     extern C:\MCC18\SRC\TRADIT~1\PROC\p18f8722.asm
                      TOS   0x000ffd       data     extern C:\MCC18\SRC\TRADIT~1\PROC\p18f8722.asm
                     TOSL   0x000ffd       data     extern C:\MCC18\SRC\TRADIT~1\PROC\p18f8722.asm
                     TOSH   0x000ffe       data     extern C:\MCC18\SRC\TRADIT~1\PROC\p18f8722.asm
                     TOSU   0x000fff       data     extern C:\MCC18\SRC\TRADIT~1\PROC\p18f8722.asm


