MPLINK 3.90, Linker
Linker Map File - Created Sat Apr 01 11:54:18 2006

                                 Section Info
                  Section       Type    Address   Location Size(Bytes)
                ---------  ---------  ---------  ---------  ---------
               _entry_scn       code   0x000800    program   0x000006
 .romdata_user_routines.o    romdata   0x000806    program   0x000000
       .romdata_adcconv.o    romdata   0x000806    program   0x000000
.idata_user_routines_fast.o_i    romdata   0x000806    program   0x000000
.romdata_user_routines_fast.o    romdata   0x000806    program   0x000000
        .romdata_printf.o    romdata   0x000806    program   0x000000
         .romdata_ldexp.o    romdata   0x000806    program   0x000000
           .romdata_adc.o    romdata   0x000806    program   0x000000
      .romdata_adcclose.o    romdata   0x000806    program   0x000000
         .romdata_errno.o    romdata   0x000806    program   0x000000
    .romdata_Autonomous.o    romdata   0x000806    program   0x000000
          .romdata_sqrt.o    romdata   0x000806    program   0x000000
   .romdata_MORT_TIMERS.o    romdata   0x000806    program   0x000000
      .romdata_UnpkMath.o    romdata   0x000806    program   0x000000
       .romdata_adcbusy.o    romdata   0x000806    program   0x000000
 .romdata_MORT_TRACKING.o    romdata   0x000806    program   0x000000
      .romdata_fxd1616u.o    romdata   0x000806    program   0x000000
      .romdata_PackMath.o    romdata   0x000806    program   0x000000
        .idata_u1open.o_i    romdata   0x000806    program   0x000000
        .romdata_camera.o    romdata   0x000806    program   0x000000
   .romdata_ifi_library.o    romdata   0x000806    program   0x000000
   .romdata_ifi_startup.o    romdata   0x000806    program   0x000000
        .romdata_u1open.o    romdata   0x000806    program   0x000000
          .romdata_putc.o    romdata   0x000806    program   0x000000
       .romdata_fxm3232.o    romdata   0x000806    program   0x000000
       .romdata_adcopen.o    romdata   0x000806    program   0x000000
 .romdata_ifi_utilities.o    romdata   0x000806    program   0x000000
      .romdata_fxd3232u.o    romdata   0x000806    program   0x000000
      .idata_vfprintf.o_i    romdata   0x000806    program   0x000000
          .romdata_main.o    romdata   0x000806    program   0x000000
        .romdata_stdout.o    romdata   0x000806    program   0x000000
        .idata_stdout.o_i    romdata   0x000806    program   0x000002
  .romdata_serial_ports.o    romdata   0x000806    program   0x000000
      .romdata_spi1open.o    romdata   0x000806    program   0x000000
       .romdata_adcread.o    romdata   0x000806    program   0x000000
      InterruptVectorHigh       code   0x000808    program   0x000006
          .code_adcbusy.o       code   0x00080e    program   0x00000a
       InterruptVectorLow       code   0x000818    program   0x000006
                   .cinit    romdata   0x00081e    program   0x00006e
    .code_user_routines.o       code   0x00088c    program   0x000d2a
         .code_vfprintf.o       code   0x0015b6    program   0x000c22
      .code_ifi_library.o       code   0x0021d8    program   0x000736
           .code_camera.o       code   0x00290e    program   0x000642
                     PROG       code   0x002f50    program   0x000566
       .code_Autonomous.o       code   0x0034b6    program   0x0004a8
             .code_sqrt.o       code   0x00395e    program   0x000442
              .code_adc.o       code   0x003da0    program   0x0003fa
                 UTIL_LIB       code   0x00419a    program   0x000396
     .code_serial_ports.o       code   0x004530    program   0x0002d4
.code_user_routines_fast.o       code   0x004804    program   0x00027e
    .code_ifi_utilities.o       code   0x004a82    program   0x0001de
    .code_MORT_TRACKING.o       code   0x004c60    program   0x0001b4
            .code_ldexp.o       code   0x004e14    program   0x000134
         .code_UnpkMath.o       code   0x004f48    program   0x00011c
         .code_PackMath.o       code   0x005064    program   0x00011a
               _cinit_scn       code   0x00517e    program   0x00009e
           .code_printf.o       code   0x00521c    program   0x000094
             .code_putc.o       code   0x0052b0    program   0x000084
          .code_fxm3232.o       code   0x005334    program   0x000070
          .code_adcopen.o       code   0x0053a4    program   0x000068
                   STRING       code   0x00540c    program   0x000066
         .code_spi1open.o       code   0x005472    program   0x000066
           .code_u1open.o       code   0x0054d8    program   0x000064
         .code_fxd3232u.o       code   0x00553c    program   0x000048
          .code_adcread.o       code   0x005584    program   0x00003e
         .code_fxd1616u.o       code   0x0055c2    program   0x00002c
      .code_MORT_TIMERS.o       code   0x0055ee    program   0x00002c
             .code_main.o       code   0x00561a    program   0x000028
                    CTYPE       code   0x005642    program   0x000024
             _startup_scn       code   0x005666    program   0x000020
              D1KTCYXCODE       code   0x005686    program   0x000020
                    STDIO       code   0x0056a6    program   0x00001c
              D10TCYXCODE       code   0x0056c2    program   0x000016
             .stringtable    romdata   0x0056d8    program   0x000011
      .romdata_vfprintf.o    romdata   0x0056e9    program   0x000011
         .code_adcclose.o       code   0x0056fa    program   0x000006
          .code_adcconv.o       code   0x005700    program   0x000004
 .idata_user_routines.o_i    romdata   0x005704    program   0x000014
          .idata_sqrt.o_i    romdata   0x005718    program   0x000000
  .idata_serial_ports.o_i    romdata   0x005718    program   0x000019
      .idata_spi1open.o_i    romdata   0x005718    program   0x000000
         .idata_ldexp.o_i    romdata   0x005731    program   0x000000
          .idata_main.o_i    romdata   0x005731    program   0x000000
 .idata_ifi_utilities.o_i    romdata   0x005731    program   0x000004
        .idata_printf.o_i    romdata   0x005731    program   0x000000
          .idata_putc.o_i    romdata   0x005731    program   0x000000
         .idata_errno.o_i    romdata   0x005735    program   0x000000
   .idata_ifi_startup.o_i    romdata   0x005735    program   0x000000
        .idata_camera.o_i    romdata   0x005735    program   0x00000b
   .idata_ifi_library.o_i    romdata   0x005735    program   0x000000
       .idata_fxm3232.o_i    romdata   0x005735    program   0x000000
      .idata_fxd3232u.o_i    romdata   0x005735    program   0x000000
      .idata_fxd1616u.o_i    romdata   0x005735    program   0x000000
           .idata_adc.o_i    romdata   0x005740    program   0x000001
       .idata_adcbusy.o_i    romdata   0x005740    program   0x000000
      .idata_adcclose.o_i    romdata   0x005740    program   0x000000
       .idata_adcconv.o_i    romdata   0x005740    program   0x000000
       .idata_adcread.o_i    romdata   0x005740    program   0x000000
       .idata_adcopen.o_i    romdata   0x005740    program   0x000000
 .idata_MORT_TRACKING.o_i    romdata   0x005741    program   0x000006
      .idata_PackMath.o_i    romdata   0x005741    program   0x000000
      .idata_UnpkMath.o_i    romdata   0x005741    program   0x000000
   .idata_MORT_TIMERS.o_i    romdata   0x005747    program   0x000004
    .idata_Autonomous.o_i    romdata   0x00574b    program   0x000003
           .code_stdout.o       code   0x00574e    program   0x000000
            .code_errno.o       code   0x00574e    program   0x000000
      .code_ifi_startup.o       code   0x00574e    program   0x000000
                  .config       code   0x300000    program   0x00000e
                 .tmpdata      udata   0x000000       data   0x000018
                  SPI_VAR      udata   0x000018       data   0x000017
                MATH_DATA      udata   0x00002f       data   0x000014
                DELAYDAT1      udata   0x000043       data   0x000001
                 COPY_VAR      udata   0x000080       data   0x000080
    .udata_serial_ports.o      udata   0x000100       data   0x000080
            .udata_main.o      udata   0x000180       data   0x000041
          .udata_camera.o      udata   0x0001c1       data   0x000031
     .udata_ifi_library.o      udata   0x0001f2       data   0x00000d
             .idata_adc.o      idata   0x0001ff       data   0x000001
    .idata_serial_ports.o      idata   0x000200       data   0x000019
   .idata_user_routines.o      idata   0x000219       data   0x000014
             .udata_adc.o      udata   0x00022d       data   0x00000f
          .idata_camera.o      idata   0x00023c       data   0x00000b
     .udata_ifi_startup.o      udata   0x000247       data   0x00000a
   .idata_MORT_TRACKING.o      idata   0x000251       data   0x000006
   .udata_ifi_utilities.o      udata   0x000257       data   0x000004
   .idata_ifi_utilities.o      idata   0x00025b       data   0x000004
     .idata_MORT_TIMERS.o      idata   0x00025f       data   0x000004
      .idata_Autonomous.o      idata   0x000263       data   0x000003
   .udata_user_routines.o      udata   0x000266       data   0x000002
           .udata_errno.o      udata   0x000268       data   0x000002
      .udata_Autonomous.o      udata   0x00026a       data   0x000002
          .idata_stdout.o      idata   0x00026c       data   0x000002
        .idata_fxd1616u.o      idata   0x00026e       data   0x000000
        .udata_fxd1616u.o      udata   0x00026e       data   0x000000
            .idata_sqrt.o      idata   0x00026e       data   0x000000
            .idata_putc.o      idata   0x00026e       data   0x000000
            .udata_sqrt.o      udata   0x00026e       data   0x000000
          .idata_printf.o      idata   0x00026e       data   0x000000
          .udata_printf.o      udata   0x00026e       data   0x000000
         .idata_adcread.o      idata   0x00026e       data   0x000000
         .udata_adcread.o      udata   0x00026e       data   0x000000
        .idata_spi1open.o      idata   0x00026e       data   0x000000
        .udata_PackMath.o      udata   0x00026e       data   0x000000
        .idata_PackMath.o      idata   0x00026e       data   0x000000
        .udata_UnpkMath.o      udata   0x00026e       data   0x000000
        .idata_UnpkMath.o      idata   0x00026e       data   0x000000
            .udata_putc.o      udata   0x00026e       data   0x000000
           .idata_errno.o      idata   0x00026e       data   0x000000
           .udata_ldexp.o      udata   0x00026e       data   0x000000
           .idata_ldexp.o      idata   0x00026e       data   0x000000
        .idata_vfprintf.o      idata   0x00026e       data   0x000000
          .udata_stdout.o      udata   0x00026e       data   0x000000
        .udata_vfprintf.o      udata   0x00026e       data   0x000000
     .idata_ifi_startup.o      idata   0x00026e       data   0x000000
            .idata_main.o      idata   0x00026e       data   0x000000
.udata_user_routines_fast.o      udata   0x00026e       data   0x000000
.idata_user_routines_fast.o      idata   0x00026e       data   0x000000
     .udata_MORT_TIMERS.o      udata   0x00026e       data   0x000000
   .udata_MORT_TRACKING.o      udata   0x00026e       data   0x000000
         .udata_adcbusy.o      udata   0x00026e       data   0x000000
         .idata_adcbusy.o      idata   0x00026e       data   0x000000
        .udata_adcclose.o      udata   0x00026e       data   0x000000
        .idata_adcclose.o      idata   0x00026e       data   0x000000
         .udata_adcconv.o      udata   0x00026e       data   0x000000
         .idata_adcconv.o      idata   0x00026e       data   0x000000
        .udata_fxd3232u.o      udata   0x00026e       data   0x000000
        .idata_fxd3232u.o      idata   0x00026e       data   0x000000
         .udata_fxm3232.o      udata   0x00026e       data   0x000000
         .idata_fxm3232.o      idata   0x00026e       data   0x000000
     .idata_ifi_library.o      idata   0x00026e       data   0x000000
          .udata_u1open.o      udata   0x00026e       data   0x000000
          .idata_u1open.o      idata   0x00026e       data   0x000000
         .udata_adcopen.o      udata   0x00026e       data   0x000000
         .idata_adcopen.o      idata   0x00026e       data   0x000000
        .udata_spi1open.o      udata   0x00026e       data   0x000000
                   .stack      udata   0x000e00       data   0x000100
            SFR_UNBANKED0      udata   0x000f62       data   0x00009e



                              Program Memory Usage 
                               Start         End      
                           ---------   ---------      
                            0x000800    0x00574d      
                            0x300000    0x30000d      
            20316 out of 132120 program addresses used, program memory utilization is 15%



                              Symbols - Sorted by Name
                     Name    Address   Location    Storage File                     
                ---------  ---------  ---------  --------- ---------                
          ADC_Int_Handler   0x003ffc    program     extern C:\mort\mort_code_2006_PrePalmetto\adc.c
                  Adj_lp4   0x004526    program     static C:\mcc18\Projects\EduCode\Util_lib.asm
                  Adjust4   0x004522    program     static C:\mcc18\Projects\EduCode\Util_lib.asm
                  BusyADC   0x00080e    program     extern C:\mcc18\src\TRADIT~1\pmc\ADC\adcbusy.c
           Camera_Handler   0x00290e    program     extern C:\mort\mort_code_2006_PrePalmetto\camera.c
              Camera_Idle   0x002e36    program     extern C:\mort\mort_code_2006_PrePalmetto\camera.c
Camera_Serial_Port_Byte_Count   0x002ef8    program     extern C:\mort\mort_code_2006_PrePalmetto\camera.c
     Camera_State_Machine   0x00298c    program     extern C:\mort\mort_code_2006_PrePalmetto\camera.c
       Check_4_Violations   0x002534    program     extern C:\mcc18\Projects\EduCode\ifi_library.c
      Check_Manual_Toggle   0x0011e0    program     extern C:\mort\mort_code_2006_PrePalmetto\user_routines.c
               Clear_Bank   0x0041b4    program     static C:\mcc18\Projects\EduCode\Util_lib.asm
               Clear_Loop   0x0041a0    program     static C:\mcc18\Projects\EduCode\Util_lib.asm
             Clear_Memory   0x00419a    program     extern C:\mcc18\Projects\EduCode\Util_lib.asm
       Clear_SPIdata_flag   0x0024a6    program     extern C:\mcc18\Projects\EduCode\ifi_library.c
                 CloseADC   0x0056fa    program     extern C:\mcc18\src\TRADIT~1\pmc\ADC\adcclose.c
               ConvertADC   0x005700    program     extern C:\mcc18\src\TRADIT~1\pmc\ADC\adcconv.c
        Convert_ADC_to_mV   0x003f46    program     extern C:\mort\mort_code_2006_PrePalmetto\adc.c
                    D10_1   0x0056d2    program     static C:\MCC18\SRC\TRADIT~1\DELAYS\d10tcyx.asm
                     D10x   0x0056ca    program     static C:\MCC18\SRC\TRADIT~1\DELAYS\d10tcyx.asm
                   D1616S   0x003376    program     static C:\MCC18\SRC\TRADIT~1\MATH\fxd1616s.asm
                D1616SNEG   0x003384    program     static C:\MCC18\SRC\TRADIT~1\MATH\fxd1616s.asm
                 D1616SOK   0x003380    program     static C:\MCC18\SRC\TRADIT~1\MATH\fxd1616s.asm
                  D1616SX   0x003396    program     static C:\MCC18\SRC\TRADIT~1\MATH\fxd1616s.asm
                    D1K_1   0x005692    program     static C:\MCC18\SRC\TRADIT~1\DELAYS\d1ktcyx.asm
                     D1Kx   0x005690    program     static C:\MCC18\SRC\TRADIT~1\DELAYS\d1ktcyx.asm
                   D3232S   0x0031b2    program     static C:\MCC18\SRC\TRADIT~1\MATH\fxd3232s.asm
                D3232SNEG   0x0031c0    program     static C:\MCC18\SRC\TRADIT~1\MATH\fxd3232s.asm
                 D3232SOK   0x0031bc    program     static C:\MCC18\SRC\TRADIT~1\MATH\fxd3232s.asm
                  D3232SX   0x0031e0    program     static C:\MCC18\SRC\TRADIT~1\MATH\fxd3232s.asm
                  DA1616S   0x003366    program     static C:\MCC18\SRC\TRADIT~1\MATH\fxd1616s.asm
                  DA3232S   0x00319c    program     static C:\MCC18\SRC\TRADIT~1\MATH\fxd3232s.asm
                      DL1   0x0044e2    program     static C:\mcc18\Projects\EduCode\Util_lib.asm
                      DL2   0x0044f8    program     static C:\mcc18\Projects\EduCode\Util_lib.asm
          Dead_Space_Loop   0x0044de    program     static C:\mcc18\Projects\EduCode\Util_lib.asm
              Delay10TCYx   0x0056c2    program     extern C:\MCC18\SRC\TRADIT~1\DELAYS\d10tcyx.asm
              Delay1KTCYx   0x005686    program     extern C:\MCC18\SRC\TRADIT~1\DELAYS\d1ktcyx.asm
         Direction_Change   0x0010ba    program     extern C:\mort\mort_code_2006_PrePalmetto\user_routines.c
              Disable_ADC   0x003e14    program     extern C:\mort\mort_code_2006_PrePalmetto\adc.c
          Disable_Timer_2   0x003ede    program     extern C:\mort\mort_code_2006_PrePalmetto\adc.c
              DisplayBufr   0x004afa    program     extern C:\mort\mort_code_2006_PrePalmetto\ifi_utilities.c
                 FLO1632S   0x002f54    program     extern C:\MCC18\SRC\TRADIT~1\MATH\cast16FP.asm
                 FLO1632U   0x002f50    program     extern C:\MCC18\SRC\TRADIT~1\MATH\cast16FP.asm
                    FPA32   0x002f7c    program     extern C:\MCC18\SRC\TRADIT~1\MATH\addFP.asm
                    FPM32   0x0030a8    program     extern C:\MCC18\SRC\TRADIT~1\MATH\mulFP.asm
                    FPS32   0x002f7a    program     extern C:\MCC18\SRC\TRADIT~1\MATH\addFP.asm
                 FXD1616S   0x003354    program     extern C:\MCC18\SRC\TRADIT~1\MATH\fxd1616s.asm
                 FXD1616U   0x0055c2    program     extern C:\mcc18\src\TRADIT~1\math\fxd1616u.c
                 FXD3232S   0x003182    program     extern C:\MCC18\SRC\TRADIT~1\MATH\fxd3232s.asm
                 FXD3232U   0x00553c    program     extern C:\mcc18\src\TRADIT~1\math\fxd3232u.c
                 FXM1616S   0x00345c    program     extern C:\MCC18\SRC\TRADIT~1\MATH\fxm1616s.asm
                  FXM3232   0x005334    program     extern C:\mcc18\src\TRADIT~1\math\fxm3232.c
            Generate_Pwms   0x004438    program     extern C:\mcc18\Projects\EduCode\Util_lib.asm
       Generate_Pwms_Cont   0x00447c    program     static C:\mcc18\Projects\EduCode\Util_lib.asm
        GetDataFromMaster   0x004310    program     extern C:\mcc18\Projects\EduCode\Util_lib.asm
           Get_ADC_Result   0x003ee4    program     extern C:\mort\mort_code_2006_PrePalmetto\adc.c
     Get_ADC_Result_Count   0x003fce    program     extern C:\mort\mort_code_2006_PrePalmetto\adc.c
         Get_Analog_Value   0x004bda    program     extern C:\mort\mort_code_2006_PrePalmetto\ifi_utilities.c
            Get_Auto_Mode   0x0034b6    program     extern C:\mort\mort_code_2006_PrePalmetto\Autonomous.c
      Get_Auto_Mode_DEBUG   0x00155a    program     extern C:\mort\mort_code_2006_PrePalmetto\user_routines.c
         Get_Camera_State   0x002e46    program     extern C:\mort\mort_code_2006_PrePalmetto\camera.c
                  Getdata   0x0023fa    program     extern C:\mcc18\Projects\EduCode\ifi_library.c
           Handle_Spi_Int   0x0023a2    program     extern C:\mcc18\Projects\EduCode\ifi_library.c
               Hex_output   0x0041be    program     extern C:\mcc18\Projects\EduCode\Util_lib.asm
       IFI_Initialization   0x0022a8    program     extern C:\mcc18\Projects\EduCode\ifi_library.c
                  INT3216   0x0031ea    program     extern C:\MCC18\SRC\TRADIT~1\MATH\castFP16.asm
     Init_Serial_Port_One   0x004530    program     extern C:\mort\mort_code_2006_PrePalmetto\serial_ports.c
     Init_Serial_Port_Two   0x004562    program     extern C:\mort\mort_code_2006_PrePalmetto\serial_ports.c
              Init_Timers   0x0055ee    program     extern C:\mort\mort_code_2006_PrePalmetto\MORT_TIMERS.c
           Initialize_ADC   0x003da0    program     extern C:\mort\mort_code_2006_PrePalmetto\adc.c
        Initialize_Camera   0x002b0e    program     extern C:\mort\mort_code_2006_PrePalmetto\camera.c
     Initialize_Registers   0x002230    program     extern C:\mcc18\Projects\EduCode\ifi_library.c
  Initialize_Serial_Comms   0x004ba8    program     extern C:\mort\mort_code_2006_PrePalmetto\ifi_utilities.c
       Initialize_Timer_2   0x003e2e    program     extern C:\mort\mort_code_2006_PrePalmetto\adc.c
     InterruptHandlerHigh   0x0021d8    program     extern C:\mcc18\Projects\EduCode\ifi_library.c
      InterruptHandlerLow   0x004804    program     extern C:\mort\mort_code_2006_PrePalmetto\user_routines_fast.c
      InterruptVectorHigh   0x000808    program     extern C:\mcc18\Projects\EduCode\ifi_library.c
       InterruptVectorLow   0x000818    program     extern C:\mort\mort_code_2006_PrePalmetto\user_routines_fast.c
                      LP4   0x004480    program     static C:\mcc18\Projects\EduCode\Util_lib.asm
                LP4_Cont1   0x00448a    program     static C:\mcc18\Projects\EduCode\Util_lib.asm
                LP4_Cont2   0x004494    program     static C:\mcc18\Projects\EduCode\Util_lib.asm
                LP4_Cont3   0x00449e    program     static C:\mcc18\Projects\EduCode\Util_lib.asm
                LP4_Cont4   0x0044aa    program     static C:\mcc18\Projects\EduCode\Util_lib.asm
                LP4_Cont5   0x0044b4    program     static C:\mcc18\Projects\EduCode\Util_lib.asm
                LP4_Cont6   0x0044be    program     static C:\mcc18\Projects\EduCode\Util_lib.asm
                LP4_Cont7   0x0044c8    program     static C:\mcc18\Projects\EduCode\Util_lib.asm
                LP4_Cont8   0x0044d2    program     static C:\mcc18\Projects\EduCode\Util_lib.asm
                Limit_Mix   0x000900    program     extern C:\mort\mort_code_2006_PrePalmetto\user_routines.c
         Limit_Switch_Max   0x00088c    program     extern C:\mort\mort_code_2006_PrePalmetto\user_routines.c
         Limit_Switch_Min   0x0008c4    program     extern C:\mort\mort_code_2006_PrePalmetto\user_routines.c
             Limit_Turret   0x001484    program     extern C:\mort\mort_code_2006_PrePalmetto\user_routines.c
     MORT_autonomous_mode   0x003512    program     extern C:\mort\mort_code_2006_PrePalmetto\Autonomous.c
               Manual_Aim   0x001398    program     extern C:\mort\mort_code_2006_PrePalmetto\user_routines.c
           MoveData4Buff0   0x004286    program     static C:\mcc18\Projects\EduCode\Util_lib.asm
        MoveDataFromBuff1   0x0043ae    program     static C:\mcc18\Projects\EduCode\Util_lib.asm
             Noise_Filter   0x002e8a    program     extern C:\mort\mort_code_2006_PrePalmetto\camera.c
               Open1USART   0x0054d8    program     extern C:\mcc18\src\TRADIT~1\pmc\USART\u1open.c
                  OpenADC   0x0053a4    program     extern C:\mcc18\src\TRADIT~1\pmc\ADC\adcopen.c
                 OpenSPI1   0x005472    program     extern C:\mcc18\src\TRADIT~1\pmc\SPI\spi1open.c
          PacketNum_Check   0x004b3c    program     extern C:\mort\mort_code_2006_PrePalmetto\ifi_utilities.c
    Prep_SPI_4_First_Byte   0x002344    program     extern C:\mcc18\Projects\EduCode\ifi_library.c
                PrintByte   0x004a8c    program     extern C:\mort\mort_code_2006_PrePalmetto\ifi_utilities.c
                PrintWord   0x004aae    program     extern C:\mort\mort_code_2006_PrePalmetto\ifi_utilities.c
Process_Data_From_Local_IO   0x004a70    program     extern C:\mort\mort_code_2006_PrePalmetto\user_routines_fast.c
Process_Data_From_Master_uP   0x000a3a    program     extern C:\mort\mort_code_2006_PrePalmetto\user_routines.c
                  Putdata   0x00242c    program     extern C:\mcc18\Projects\EduCode\ifi_library.c
                Pwm_Delay   0x00450e    program     static C:\mcc18\Projects\EduCode\Util_lib.asm
                 Raw_Mode   0x002e4e    program     extern C:\mort\mort_code_2006_PrePalmetto\camera.c
                  ReadADC   0x005584    program     extern C:\mcc18\src\TRADIT~1\pmc\ADC\adcread.c
  Read_Camera_Serial_Port   0x002f00    program     extern C:\mort\mort_code_2006_PrePalmetto\camera.c
     Read_Serial_Port_One   0x0045d4    program     extern C:\mort\mort_code_2006_PrePalmetto\serial_ports.c
     Read_Serial_Port_Two   0x004620    program     extern C:\mort\mort_code_2006_PrePalmetto\serial_ports.c
Read_Terminal_Serial_Port   0x002f2c    program     extern C:\mort\mort_code_2006_PrePalmetto\camera.c
   Reset_ADC_Result_Count   0x003fee    program     extern C:\mort\mort_code_2006_PrePalmetto\adc.c
           Restart_Camera   0x002e40    program     extern C:\mort\mort_code_2006_PrePalmetto\camera.c
          Run_Ball_System   0x001214    program     extern C:\mort\mort_code_2006_PrePalmetto\user_routines.c
         Run_Shooter_Belt   0x0012a8    program     extern C:\mort\mort_code_2006_PrePalmetto\user_routines.c
        Run_Shooter_Wheel   0x001286    program     extern C:\mort\mort_code_2006_PrePalmetto\user_routines.c
      Run_Systems_Reverse   0x001364    program     extern C:\mort\mort_code_2006_PrePalmetto\user_routines.c
         Rx_1_Int_Handler   0x0046f0    program     extern C:\mort\mort_code_2006_PrePalmetto\serial_ports.c
         Rx_2_Int_Handler   0x00472e    program     extern C:\mort\mort_code_2006_PrePalmetto\serial_ports.c
         SendDataToMaster   0x0041ec    program     extern C:\mcc18\Projects\EduCode\Util_lib.asm
     Serial_Char_Callback   0x004a72    program     extern C:\mort\mort_code_2006_PrePalmetto\user_routines_fast.c
Serial_Port_One_Byte_Count   0x004594    program     extern C:\mort\mort_code_2006_PrePalmetto\serial_ports.c
Serial_Port_Two_Byte_Count   0x0045b4    program     extern C:\mort\mort_code_2006_PrePalmetto\serial_ports.c
Set_Number_of_Analog_Channels   0x004bc4    program     extern C:\mort\mort_code_2006_PrePalmetto\ifi_utilities.c
    Setup_PWM_Output_Type   0x0024b0    program     extern C:\mcc18\Projects\EduCode\ifi_library.c
          Setup_Spi_Slave   0x00221a    program     extern C:\mcc18\Projects\EduCode\ifi_library.c
          SoftStartWheels   0x000f0c    program     extern C:\mort\mort_code_2006_PrePalmetto\user_routines.c
                  TALTB32   0x0033a0    program     extern C:\MCC18\SRC\TRADIT~1\MATH\ltFP.asm
               TSIGN1616A   0x0034a8    program     static C:\MCC18\SRC\TRADIT~1\MATH\fxm1616s.asm
Terminal_Serial_Port_Byte_Count   0x002f24    program     extern C:\mort\mort_code_2006_PrePalmetto\camera.c
             TerminateGet   0x00442e    program     static C:\mcc18\Projects\EduCode\Util_lib.asm
            TerminateSend   0x004306    program     static C:\mcc18\Projects\EduCode\Util_lib.asm
           Timer1_Handler   0x00560c    program     extern C:\mort\mort_code_2006_PrePalmetto\MORT_TIMERS.c
      Timer_2_Int_Handler   0x003ff8    program     extern C:\mort\mort_code_2006_PrePalmetto\adc.c
              Track_Color   0x002dd2    program     extern C:\mort\mort_code_2006_PrePalmetto\camera.c
             Turret_Track   0x004c60    program     extern C:\mort\mort_code_2006_PrePalmetto\MORT_TRACKING.c
         Tx_1_Int_Handler   0x00476c    program     extern C:\mort\mort_code_2006_PrePalmetto\serial_ports.c
         Tx_2_Int_Handler   0x00479c    program     extern C:\mort\mort_code_2006_PrePalmetto\serial_ports.c
  UpdateLocalPWMDirection   0x0041ea    program     extern C:\mcc18\Projects\EduCode\Util_lib.asm
                Update_OI   0x000c06    program     extern C:\mort\mort_code_2006_PrePalmetto\user_routines.c
     User_Autonomous_Code   0x00493a    program     extern C:\mort\mort_code_2006_PrePalmetto\user_routines_fast.c
      User_Initialization   0x00097e    program     extern C:\mort\mort_code_2006_PrePalmetto\user_routines.c
       User_Proc_Is_Ready   0x00233a    program     extern C:\mcc18\Projects\EduCode\ifi_library.c
             Wait4TXEmpty   0x004a82    program     extern C:\mort\mort_code_2006_PrePalmetto\ifi_utilities.c
Write_Camera_Module_Register   0x002ebc    program     extern C:\mort\mort_code_2006_PrePalmetto\camera.c
 Write_Camera_Serial_Port   0x002f08    program     extern C:\mort\mort_code_2006_PrePalmetto\camera.c
    Write_Serial_Port_One   0x00466c    program     extern C:\mort\mort_code_2006_PrePalmetto\serial_ports.c
    Write_Serial_Port_Two   0x0046ae    program     extern C:\mort\mort_code_2006_PrePalmetto\serial_ports.c
Write_Terminal_Serial_Port   0x002f34    program     extern C:\mort\mort_code_2006_PrePalmetto\camera.c
                   _2jEnd   0x00545c    program     static C:\MCC18\SRC\TRADIT~1\STDCLIB\slenpgm.asm
        _D10TCYXCODE_000A   0x0056cc    program     static C:\MCC18\SRC\TRADIT~1\DELAYS\d10tcyx.asm
        _D10TCYXCODE_000C   0x0056ce    program     static C:\MCC18\SRC\TRADIT~1\DELAYS\d10tcyx.asm
        _D10TCYXCODE_000E   0x0056d0    program     static C:\MCC18\SRC\TRADIT~1\DELAYS\d10tcyx.asm
        _D1KTCYXCODE_0010   0x005696    program     static C:\MCC18\SRC\TRADIT~1\DELAYS\d1ktcyx.asm
        _D1KTCYXCODE_0016   0x00569c    program     static C:\MCC18\SRC\TRADIT~1\DELAYS\d1ktcyx.asm
                _PackMath   0x005064    program     extern C:\mcc18\src\TRADIT~1\stdclib\PackMath.c
                _UnpkMath   0x004f48    program     extern C:\mcc18\src\TRADIT~1\stdclib\UnpkMath.c
              __FpCompare   0x0033b2    program     extern C:\MCC18\SRC\TRADIT~1\MATH\compFP.asm
                 __FpExit   0x003254    program     extern C:\MCC18\SRC\TRADIT~1\MATH\packFP.asm
                 __FpPack   0x003280    program     extern C:\MCC18\SRC\TRADIT~1\MATH\packFP.asm
            __FpReturnNaN   0x003248    program     extern C:\MCC18\SRC\TRADIT~1\MATH\packFP.asm
         __FpReturnNegInf   0x00325a    program     extern C:\MCC18\SRC\TRADIT~1\MATH\packFP.asm
        __FpReturnNegZero   0x003272    program     extern C:\MCC18\SRC\TRADIT~1\MATH\packFP.asm
         __FpReturnPosInf   0x003260    program     extern C:\MCC18\SRC\TRADIT~1\MATH\packFP.asm
        __FpReturnPosZero   0x00327a    program     extern C:\MCC18\SRC\TRADIT~1\MATH\packFP.asm
        __FpReturnSignInf   0x003256    program     extern C:\MCC18\SRC\TRADIT~1\MATH\packFP.asm
       __FpReturnSignZero   0x00326e    program     extern C:\MCC18\SRC\TRADIT~1\MATH\packFP.asm
              __FpReturnW   0x0032d8    program     extern C:\MCC18\SRC\TRADIT~1\MATH\packFP.asm
              __FpUnPackA   0x0032f8    program     extern C:\MCC18\SRC\TRADIT~1\MATH\UnpackFP.asm
              __FpUnPackB   0x003328    program     extern C:\MCC18\SRC\TRADIT~1\MATH\UnpackFP.asm
       ___return_lbl00000   0x00080c    program     static                          
       ___return_lbl00000   0x0055ec    program     static                          
       ___return_lbl00000   0x0053a2    program     static                          
       ___return_lbl00000   0x005582    program     static                          
       ___return_lbl00000   0x000804    program     static                          
       ___return_lbl00000   0x00081c    program     static                          
       ___return_lbl00001   0x005684    program     static                          
       ___return_lbl00002   0x00521a    program     static                          
                   __pa_0   0x001ef6    program     static C:\mcc18\src\TRADIT~1\stdclib\vfprintf.c
                   __pa_0   0x004f3e    program     static C:\mcc18\src\TRADIT~1\stdclib\ldexp.c
                   __pa_0   0x005056    program     static C:\mcc18\src\TRADIT~1\stdclib\UnpkMath.c
                   __pa_0   0x00512c    program     static C:\mcc18\src\TRADIT~1\stdclib\PackMath.c
                   __pa_0   0x003cfc    program     static C:\mcc18\src\TRADIT~1\stdclib\sqrt.c
                   __pa_1   0x003d06    program     static C:\mcc18\src\TRADIT~1\stdclib\sqrt.c
                   __pa_1   0x001efe    program     static C:\mcc18\src\TRADIT~1\stdclib\vfprintf.c
                   __pa_1   0x00513c    program     static C:\mcc18\src\TRADIT~1\stdclib\PackMath.c
                  __pa_10   0x001fb2    program     static C:\mcc18\src\TRADIT~1\stdclib\vfprintf.c
                  __pa_11   0x001fc0    program     static C:\mcc18\src\TRADIT~1\stdclib\vfprintf.c
                  __pa_12   0x001fd6    program     static C:\mcc18\src\TRADIT~1\stdclib\vfprintf.c
                  __pa_13   0x001ff0    program     static C:\mcc18\src\TRADIT~1\stdclib\vfprintf.c
                  __pa_14   0x002008    program     static C:\mcc18\src\TRADIT~1\stdclib\vfprintf.c
                  __pa_15   0x002018    program     static C:\mcc18\src\TRADIT~1\stdclib\vfprintf.c
                  __pa_16   0x00202e    program     static C:\mcc18\src\TRADIT~1\stdclib\vfprintf.c
                  __pa_17   0x002040    program     static C:\mcc18\src\TRADIT~1\stdclib\vfprintf.c
                  __pa_18   0x002052    program     static C:\mcc18\src\TRADIT~1\stdclib\vfprintf.c
                  __pa_19   0x00205c    program     static C:\mcc18\src\TRADIT~1\stdclib\vfprintf.c
                   __pa_2   0x003d20    program     static C:\mcc18\src\TRADIT~1\stdclib\sqrt.c
                   __pa_2   0x001f08    program     static C:\mcc18\src\TRADIT~1\stdclib\vfprintf.c
                   __pa_2   0x00514a    program     static C:\mcc18\src\TRADIT~1\stdclib\PackMath.c
                  __pa_20   0x00206c    program     static C:\mcc18\src\TRADIT~1\stdclib\vfprintf.c
                  __pa_21   0x00207c    program     static C:\mcc18\src\TRADIT~1\stdclib\vfprintf.c
                  __pa_22   0x00208c    program     static C:\mcc18\src\TRADIT~1\stdclib\vfprintf.c
                  __pa_23   0x002098    program     static C:\mcc18\src\TRADIT~1\stdclib\vfprintf.c
                  __pa_24   0x0020a6    program     static C:\mcc18\src\TRADIT~1\stdclib\vfprintf.c
                  __pa_25   0x0020ae    program     static C:\mcc18\src\TRADIT~1\stdclib\vfprintf.c
                  __pa_26   0x0020b8    program     static C:\mcc18\src\TRADIT~1\stdclib\vfprintf.c
                  __pa_27   0x0020c2    program     static C:\mcc18\src\TRADIT~1\stdclib\vfprintf.c
                  __pa_28   0x0020ca    program     static C:\mcc18\src\TRADIT~1\stdclib\vfprintf.c
                  __pa_29   0x0020d8    program     static C:\mcc18\src\TRADIT~1\stdclib\vfprintf.c
                   __pa_3   0x005154    program     static C:\mcc18\src\TRADIT~1\stdclib\PackMath.c
                   __pa_3   0x003d3a    program     static C:\mcc18\src\TRADIT~1\stdclib\sqrt.c
                   __pa_3   0x001f12    program     static C:\mcc18\src\TRADIT~1\stdclib\vfprintf.c
                  __pa_30   0x0020f4    program     static C:\mcc18\src\TRADIT~1\stdclib\vfprintf.c
                  __pa_31   0x00210e    program     static C:\mcc18\src\TRADIT~1\stdclib\vfprintf.c
                  __pa_32   0x002128    program     static C:\mcc18\src\TRADIT~1\stdclib\vfprintf.c
                  __pa_33   0x002140    program     static C:\mcc18\src\TRADIT~1\stdclib\vfprintf.c
                  __pa_34   0x00214a    program     static C:\mcc18\src\TRADIT~1\stdclib\vfprintf.c
                  __pa_35   0x002158    program     static C:\mcc18\src\TRADIT~1\stdclib\vfprintf.c
                  __pa_36   0x002160    program     static C:\mcc18\src\TRADIT~1\stdclib\vfprintf.c
                  __pa_37   0x00216a    program     static C:\mcc18\src\TRADIT~1\stdclib\vfprintf.c
                  __pa_38   0x00217a    program     static C:\mcc18\src\TRADIT~1\stdclib\vfprintf.c
                  __pa_39   0x002188    program     static C:\mcc18\src\TRADIT~1\stdclib\vfprintf.c
                   __pa_4   0x001f2a    program     static C:\mcc18\src\TRADIT~1\stdclib\vfprintf.c
                   __pa_4   0x003d4c    program     static C:\mcc18\src\TRADIT~1\stdclib\sqrt.c
                   __pa_4   0x005162    program     static C:\mcc18\src\TRADIT~1\stdclib\PackMath.c
                  __pa_40   0x002194    program     static C:\mcc18\src\TRADIT~1\stdclib\vfprintf.c
                  __pa_41   0x0021a0    program     static C:\mcc18\src\TRADIT~1\stdclib\vfprintf.c
                  __pa_42   0x0021a8    program     static C:\mcc18\src\TRADIT~1\stdclib\vfprintf.c
                  __pa_43   0x0021b2    program     static C:\mcc18\src\TRADIT~1\stdclib\vfprintf.c
                  __pa_44   0x0021b8    program     static C:\mcc18\src\TRADIT~1\stdclib\vfprintf.c
                  __pa_45   0x0021c2    program     static C:\mcc18\src\TRADIT~1\stdclib\vfprintf.c
                  __pa_46   0x0021ce    program     static C:\mcc18\src\TRADIT~1\stdclib\vfprintf.c
                   __pa_5   0x00516a    program     static C:\mcc18\src\TRADIT~1\stdclib\PackMath.c
                   __pa_5   0x001f3e    program     static C:\mcc18\src\TRADIT~1\stdclib\vfprintf.c
                   __pa_5   0x003d5e    program     static C:\mcc18\src\TRADIT~1\stdclib\sqrt.c
                   __pa_6   0x003d70    program     static C:\mcc18\src\TRADIT~1\stdclib\sqrt.c
                   __pa_6   0x001f5a    program     static C:\mcc18\src\TRADIT~1\stdclib\vfprintf.c
                   __pa_6   0x005172    program     static C:\mcc18\src\TRADIT~1\stdclib\PackMath.c
                   __pa_7   0x003d7e    program     static C:\mcc18\src\TRADIT~1\stdclib\sqrt.c
                   __pa_7   0x001f64    program     static C:\mcc18\src\TRADIT~1\stdclib\vfprintf.c
                   __pa_8   0x003d86    program     static C:\mcc18\src\TRADIT~1\stdclib\sqrt.c
                   __pa_8   0x001f70    program     static C:\mcc18\src\TRADIT~1\stdclib\vfprintf.c
                   __pa_9   0x003d90    program     static C:\mcc18\src\TRADIT~1\stdclib\sqrt.c
                   __pa_9   0x001f92    program     static C:\mcc18\src\TRADIT~1\stdclib\vfprintf.c
               __string_0   0x0056d8    program     static C:\mort\mort_code_2006_PrePalmetto\MORT_TRACKING.c
              __tmplbl_42   0x00208c    program     static                          
              __tmplbl_43   0x001ed8    program     static                          
              __tmplbl_44   0x001ebe    program     static                          
              __tmplbl_86   0x00160c    program     static                          
                _do_cinit   0x00517e    program     extern C:\mort\mort_code_2006_PrePalmetto\ifi_startup.c
                   _entry   0x000800    program     extern C:\mort\mort_code_2006_PrePalmetto\ifi_startup.c
                   _false   0x00557e    program     static                          
                 _startup   0x005666    program     extern C:\mort\mort_code_2006_PrePalmetto\ifi_startup.c
              _usart_putc   0x0056a6    program     extern C:\MCC18\SRC\TRADIT~1\PMC\USART\_usartpc.asm
               _user_putc   0x0047cc    program     extern C:\mort\mort_code_2006_PrePalmetto\serial_ports.c
              close_delay   0x003646    program     extern C:\mort\mort_code_2006_PrePalmetto\Autonomous.c
              close_shoot   0x003712    program     extern C:\mort\mort_code_2006_PrePalmetto\Autonomous.c
           close_straight   0x0035bc    program     extern C:\mort\mort_code_2006_PrePalmetto\Autonomous.c
                copy_loop   0x0051f0    program     static                          
            copy_one_byte   0x0051f6    program     static                          
                  defense   0x00390c    program     extern C:\mort\mort_code_2006_PrePalmetto\Autonomous.c
                     done   0x00521a    program     static                          
             done_copying   0x005204    program     static                          
                  endloop   0x0055e8    program     static                          
                  isdigit   0x005642    program     extern C:\MCC18\SRC\TRADIT~1\STDCLIB\isdigit.asm
                 jANotInf   0x0030c6    program     static C:\MCC18\SRC\TRADIT~1\MATH\mulFP.asm
                 jANotInf   0x002fa4    program     static C:\MCC18\SRC\TRADIT~1\MATH\addFP.asm
                 jANotNeg   0x003038    program     static C:\MCC18\SRC\TRADIT~1\MATH\addFP.asm
              jAandWsetup   0x003008    program     static C:\MCC18\SRC\TRADIT~1\MATH\addFP.asm
                  jAisNeg   0x00342e    program     static C:\MCC18\SRC\TRADIT~1\MATH\compFP.asm
                 jAltBexp   0x002ff6    program     static C:\MCC18\SRC\TRADIT~1\MATH\addFP.asm
                jBANotInf   0x002f9a    program     static C:\MCC18\SRC\TRADIT~1\MATH\addFP.asm
                 jBNotInf   0x002fb2    program     static C:\MCC18\SRC\TRADIT~1\MATH\addFP.asm
              jBothFinite   0x0030d4    program     static C:\MCC18\SRC\TRADIT~1\MATH\mulFP.asm
             jBothNotZero   0x0033d0    program     static C:\MCC18\SRC\TRADIT~1\MATH\compFP.asm
             jBothNotZero   0x0030e0    program     static C:\MCC18\SRC\TRADIT~1\MATH\mulFP.asm
            jDifOrPosSign   0x002fc6    program     static C:\MCC18\SRC\TRADIT~1\MATH\addFP.asm
                      jEQ   0x0033ec    program     static C:\MCC18\SRC\TRADIT~1\MATH\compFP.asm
                     jEnd   0x00545e    program     static C:\MCC18\SRC\TRADIT~1\STDCLIB\slenpgm.asm
                     jEnd   0x005426    program     static C:\MCC18\SRC\TRADIT~1\STDCLIB\strlen.asm
                    jExch   0x0033f8    program     static C:\MCC18\SRC\TRADIT~1\MATH\compFP.asm
                    jExit   0x003246    program     static C:\MCC18\SRC\TRADIT~1\MATH\castFP16.asm
                   jExpEQ   0x00343e    program     static C:\MCC18\SRC\TRADIT~1\MATH\compFP.asm
                   jFinal   0x003422    program     static C:\MCC18\SRC\TRADIT~1\MATH\compFP.asm
               jFinalSign   0x0030a0    program     static C:\MCC18\SRC\TRADIT~1\MATH\addFP.asm
                jHaveZero   0x0030dc    program     static C:\MCC18\SRC\TRADIT~1\MATH\mulFP.asm
                jI2F16Beg   0x002f64    program     static C:\MCC18\SRC\TRADIT~1\MATH\cast16FP.asm
                    jLoop   0x00541c    program     static C:\MCC18\SRC\TRADIT~1\STDCLIB\strlen.asm
                    jLoop   0x003226    program     static C:\MCC18\SRC\TRADIT~1\MATH\castFP16.asm
                    jLoop   0x005446    program     static C:\MCC18\SRC\TRADIT~1\STDCLIB\slenpgm.asm
                jLoopExit   0x003236    program     static C:\MCC18\SRC\TRADIT~1\MATH\castFP16.asm
                   jMatch   0x005662    program     static C:\MCC18\SRC\TRADIT~1\STDCLIB\isdigit.asm
                     jMax   0x0031fa    program     static C:\MCC18\SRC\TRADIT~1\MATH\castFP16.asm
                  jMaxNeg   0x003208    program     static C:\MCC18\SRC\TRADIT~1\MATH\castFP16.asm
                  jMaxPos   0x0031fe    program     static C:\MCC18\SRC\TRADIT~1\MATH\castFP16.asm
                      jNE   0x0033f0    program     static C:\MCC18\SRC\TRADIT~1\MATH\compFP.asm
                  jNoExch   0x003418    program     static C:\MCC18\SRC\TRADIT~1\MATH\compFP.asm
                 jNoMatch   0x005664    program     static C:\MCC18\SRC\TRADIT~1\STDCLIB\isdigit.asm
             jNotBothZero   0x002fca    program     static C:\MCC18\SRC\TRADIT~1\MATH\addFP.asm
                  jNotInf   0x003216    program     static C:\MCC18\SRC\TRADIT~1\MATH\castFP16.asm
                  jPkLoop   0x00328e    program     static C:\MCC18\SRC\TRADIT~1\MATH\packFP.asm
             jPkRoundDone   0x0032d8    program     static C:\MCC18\SRC\TRADIT~1\MATH\packFP.asm
               jPkRoundIt   0x0032c0    program     static C:\MCC18\SRC\TRADIT~1\MATH\packFP.asm
             jPkShiftDone   0x0032aa    program     static C:\MCC18\SRC\TRADIT~1\MATH\packFP.asm
           jReturnPosInf0   0x003264    program     static C:\MCC18\SRC\TRADIT~1\MATH\packFP.asm
                  jRotate   0x00344a    program     static C:\MCC18\SRC\TRADIT~1\MATH\compFP.asm
                   jShift   0x003434    program     static C:\MCC18\SRC\TRADIT~1\MATH\compFP.asm
               jShiftDone   0x003060    program     static C:\MCC18\SRC\TRADIT~1\MATH\addFP.asm
               jShiftLoop   0x003052    program     static C:\MCC18\SRC\TRADIT~1\MATH\addFP.asm
                jSignDone   0x003090    program     static C:\MCC18\SRC\TRADIT~1\MATH\addFP.asm
                 jSignsEQ   0x0033d4    program     static C:\MCC18\SRC\TRADIT~1\MATH\compFP.asm
                  jUnpkA1   0x003302    program     static C:\MCC18\SRC\TRADIT~1\MATH\UnpackFP.asm
                  jUnpkA2   0x00331a    program     static C:\MCC18\SRC\TRADIT~1\MATH\UnpackFP.asm
                 jUnpkANZ   0x003310    program     static C:\MCC18\SRC\TRADIT~1\MATH\UnpackFP.asm
                  jUnpkB1   0x003332    program     static C:\MCC18\SRC\TRADIT~1\MATH\UnpackFP.asm
                  jUnpkB2   0x00334a    program     static C:\MCC18\SRC\TRADIT~1\MATH\UnpackFP.asm
                 jUnpkBNZ   0x003340    program     static C:\MCC18\SRC\TRADIT~1\MATH\UnpackFP.asm
                 jUnpkNaN   0x003324    program     static C:\MCC18\SRC\TRADIT~1\MATH\UnpackFP.asm
                 jWNotNeg   0x00304c    program     static C:\MCC18\SRC\TRADIT~1\MATH\addFP.asm
                    jZero   0x003210    program     static C:\MCC18\SRC\TRADIT~1\MATH\castFP16.asm
               jZero1and2   0x003268    program     static C:\MCC18\SRC\TRADIT~1\MATH\packFP.asm
                    ldexp   0x004e14    program     extern C:\mcc18\src\TRADIT~1\stdclib\ldexp.c
                     loop   0x0055cc    program     static                          
                     loop   0x005676    program     static                          
                     loop   0x0056b6    program     static C:\MCC18\SRC\TRADIT~1\PMC\USART\_usartpc.asm
                     loop   0x00554a    program     static                          
                     main   0x00561a    program     extern C:\mort\mort_code_2006_PrePalmetto\main.c
             middle_right   0x003762    program     extern C:\mort\mort_code_2006_PrePalmetto\Autonomous.c
                   printf   0x00521c    program     extern C:\mcc18\src\TRADIT~1\stdclib\printf.c
                     putc   0x0052b0    program     extern C:\mcc18\src\TRADIT~1\stdclib\putc.c
            ramp_joystick   0x000c82    program     extern C:\mort\mort_code_2006_PrePalmetto\user_routines.c
                  s_delay   0x004514    program     static C:\mcc18\Projects\EduCode\Util_lib.asm
                 s_digits   0x0056e9    program     static C:\mcc18\src\TRADIT~1\stdclib\vfprintf.c
            s_put_n_chars   0x0015b6    program     static C:\mcc18\src\TRADIT~1\stdclib\vfprintf.c
                     sqrt   0x00395e    program     extern C:\mcc18\src\TRADIT~1\stdclib\sqrt.c
                   strlen   0x00540c    program     extern C:\MCC18\SRC\TRADIT~1\STDCLIB\strlen.asm
                strlenpgm   0x005428    program     extern C:\MCC18\SRC\TRADIT~1\STDCLIB\slenpgm.asm
                     test   0x005198    program     static                          
      turn_off_everything   0x003940    program     extern C:\mort\mort_code_2006_PrePalmetto\Autonomous.c
                 vfprintf   0x0015e2    program     extern C:\mcc18\src\TRADIT~1\stdclib\vfprintf.c
                   AARGB0   0x000036       data     extern C:\MCC18\SRC\TRADIT~1\MATH\aarg.asm
                   AARGB1   0x000035       data     extern C:\MCC18\SRC\TRADIT~1\MATH\aarg.asm
                   AARGB2   0x000034       data     extern C:\MCC18\SRC\TRADIT~1\MATH\aarg.asm
                   AARGB3   0x000033       data     extern C:\MCC18\SRC\TRADIT~1\MATH\aarg.asm
                   AARGB4   0x000032       data     extern C:\MCC18\SRC\TRADIT~1\MATH\aarg.asm
                   AARGB5   0x000031       data     extern C:\MCC18\SRC\TRADIT~1\MATH\aarg.asm
                   AARGB6   0x000030       data     extern C:\MCC18\SRC\TRADIT~1\MATH\aarg.asm
                   AARGB7   0x00002f       data     extern C:\MCC18\SRC\TRADIT~1\MATH\aarg.asm
                   ADCON0   0x000fc2       data     extern C:\MCC18\SRC\TRADIT~1\PROC\p18f8722.asm
               ADCON0bits   0x000fc2       data     extern C:\MCC18\SRC\TRADIT~1\PROC\p18f8722.asm
                   ADCON1   0x000fc1       data     extern C:\MCC18\SRC\TRADIT~1\PROC\p18f8722.asm
               ADCON1bits   0x000fc1       data     extern C:\MCC18\SRC\TRADIT~1\PROC\p18f8722.asm
                   ADCON2   0x000fc0       data     extern C:\MCC18\SRC\TRADIT~1\PROC\p18f8722.asm
               ADCON2bits   0x000fc0       data     extern C:\MCC18\SRC\TRADIT~1\PROC\p18f8722.asm
                    ADRES   0x000fc3       data     extern C:\MCC18\SRC\TRADIT~1\PROC\p18f8722.asm
                   ADRESH   0x000fc4       data     extern C:\MCC18\SRC\TRADIT~1\PROC\p18f8722.asm
                   ADRESL   0x000fc3       data     extern C:\MCC18\SRC\TRADIT~1\PROC\p18f8722.asm
                     AEXP   0x000037       data     extern C:\MCC18\SRC\TRADIT~1\MATH\aarg.asm
            Accelleration   0x00021a       data     extern C:\mort\mort_code_2006_PrePalmetto\user_routines.c
                   BARGB0   0x00003b       data     extern C:\MCC18\SRC\TRADIT~1\MATH\barg.asm
                   BARGB1   0x00003a       data     extern C:\MCC18\SRC\TRADIT~1\MATH\barg.asm
                   BARGB2   0x000039       data     extern C:\MCC18\SRC\TRADIT~1\MATH\barg.asm
                   BARGB3   0x000038       data     extern C:\MCC18\SRC\TRADIT~1\MATH\barg.asm
                  BAUDCON   0x000f7e       data     extern C:\MCC18\SRC\TRADIT~1\PROC\p18f8722.asm
                 BAUDCON1   0x000f7e       data     extern C:\MCC18\SRC\TRADIT~1\PROC\p18f8722.asm
             BAUDCON1bits   0x000f7e       data     extern C:\MCC18\SRC\TRADIT~1\PROC\p18f8722.asm
                 BAUDCON2   0x000f7c       data     extern C:\MCC18\SRC\TRADIT~1\PROC\p18f8722.asm
             BAUDCON2bits   0x000f7c       data     extern C:\MCC18\SRC\TRADIT~1\PROC\p18f8722.asm
              BAUDCONbits   0x000f7e       data     extern C:\MCC18\SRC\TRADIT~1\PROC\p18f8722.asm
                     BEXP   0x00003c       data     extern C:\MCC18\SRC\TRADIT~1\MATH\barg.asm
                      BSR   0x000fe0       data     extern C:\MCC18\SRC\TRADIT~1\PROC\p18f8722.asm
                  CCP1CON   0x000fbd       data     extern C:\MCC18\SRC\TRADIT~1\PROC\p18f8722.asm
              CCP1CONbits   0x000fbd       data     extern C:\MCC18\SRC\TRADIT~1\PROC\p18f8722.asm
                  CCP2CON   0x000fba       data     extern C:\MCC18\SRC\TRADIT~1\PROC\p18f8722.asm
              CCP2CONbits   0x000fba       data     extern C:\MCC18\SRC\TRADIT~1\PROC\p18f8722.asm
                  CCP3CON   0x000fb7       data     extern C:\MCC18\SRC\TRADIT~1\PROC\p18f8722.asm
              CCP3CONbits   0x000fb7       data     extern C:\MCC18\SRC\TRADIT~1\PROC\p18f8722.asm
                  CCP4CON   0x000f73       data     extern C:\MCC18\SRC\TRADIT~1\PROC\p18f8722.asm
              CCP4CONbits   0x000f73       data     extern C:\MCC18\SRC\TRADIT~1\PROC\p18f8722.asm
                  CCP5CON   0x000f70       data     extern C:\MCC18\SRC\TRADIT~1\PROC\p18f8722.asm
              CCP5CONbits   0x000f70       data     extern C:\MCC18\SRC\TRADIT~1\PROC\p18f8722.asm
                    CCPR1   0x000fbe       data     extern C:\MCC18\SRC\TRADIT~1\PROC\p18f8722.asm
                   CCPR1H   0x000fbf       data     extern C:\MCC18\SRC\TRADIT~1\PROC\p18f8722.asm
                   CCPR1L   0x000fbe       data     extern C:\MCC18\SRC\TRADIT~1\PROC\p18f8722.asm
                    CCPR2   0x000fbb       data     extern C:\MCC18\SRC\TRADIT~1\PROC\p18f8722.asm
                   CCPR2H   0x000fbc       data     extern C:\MCC18\SRC\TRADIT~1\PROC\p18f8722.asm
                   CCPR2L   0x000fbb       data     extern C:\MCC18\SRC\TRADIT~1\PROC\p18f8722.asm
                    CCPR3   0x000fb8       data     extern C:\MCC18\SRC\TRADIT~1\PROC\p18f8722.asm
                   CCPR3H   0x000fb9       data     extern C:\MCC18\SRC\TRADIT~1\PROC\p18f8722.asm
                   CCPR3L   0x000fb8       data     extern C:\MCC18\SRC\TRADIT~1\PROC\p18f8722.asm
                    CCPR4   0x000f74       data     extern C:\MCC18\SRC\TRADIT~1\PROC\p18f8722.asm
                   CCPR4H   0x000f75       data     extern C:\MCC18\SRC\TRADIT~1\PROC\p18f8722.asm
                   CCPR4L   0x000f74       data     extern C:\MCC18\SRC\TRADIT~1\PROC\p18f8722.asm
                    CCPR5   0x000f71       data     extern C:\MCC18\SRC\TRADIT~1\PROC\p18f8722.asm
                   CCPR5H   0x000f72       data     extern C:\MCC18\SRC\TRADIT~1\PROC\p18f8722.asm
                   CCPR5L   0x000f71       data     extern C:\MCC18\SRC\TRADIT~1\PROC\p18f8722.asm
                    CMCON   0x000fb4       data     extern C:\MCC18\SRC\TRADIT~1\PROC\p18f8722.asm
                CMCONbits   0x000fb4       data     extern C:\MCC18\SRC\TRADIT~1\PROC\p18f8722.asm
                   CVRCON   0x000fb5       data     extern C:\MCC18\SRC\TRADIT~1\PROC\p18f8722.asm
               CVRCONbits   0x000fb5       data     extern C:\MCC18\SRC\TRADIT~1\PROC\p18f8722.asm
                      Cnt   0x00002b       data     static C:\mcc18\Projects\EduCode\Util_lib.asm
                     Cnt1   0x00002c       data     static C:\mcc18\Projects\EduCode\Util_lib.asm
       Collector_Debounce   0x000229       data     extern C:\mort\mort_code_2006_PrePalmetto\user_routines.c
                     DDRA   0x000f92       data     extern C:\MCC18\SRC\TRADIT~1\PROC\p18f8722.asm
                 DDRAbits   0x000f92       data     extern C:\MCC18\SRC\TRADIT~1\PROC\p18f8722.asm
                     DDRB   0x000f93       data     extern C:\MCC18\SRC\TRADIT~1\PROC\p18f8722.asm
                 DDRBbits   0x000f93       data     extern C:\MCC18\SRC\TRADIT~1\PROC\p18f8722.asm
                     DDRC   0x000f94       data     extern C:\MCC18\SRC\TRADIT~1\PROC\p18f8722.asm
                 DDRCbits   0x000f94       data     extern C:\MCC18\SRC\TRADIT~1\PROC\p18f8722.asm
                     DDRD   0x000f95       data     extern C:\MCC18\SRC\TRADIT~1\PROC\p18f8722.asm
                 DDRDbits   0x000f95       data     extern C:\MCC18\SRC\TRADIT~1\PROC\p18f8722.asm
                     DDRE   0x000f96       data     extern C:\MCC18\SRC\TRADIT~1\PROC\p18f8722.asm
                 DDREbits   0x000f96       data     extern C:\MCC18\SRC\TRADIT~1\PROC\p18f8722.asm
                     DDRF   0x000f97       data     extern C:\MCC18\SRC\TRADIT~1\PROC\p18f8722.asm
                 DDRFbits   0x000f97       data     extern C:\MCC18\SRC\TRADIT~1\PROC\p18f8722.asm
                     DDRG   0x000f98       data     extern C:\MCC18\SRC\TRADIT~1\PROC\p18f8722.asm
                 DDRGbits   0x000f98       data     extern C:\MCC18\SRC\TRADIT~1\PROC\p18f8722.asm
                     DDRH   0x000f99       data     extern C:\MCC18\SRC\TRADIT~1\PROC\p18f8722.asm
                 DDRHbits   0x000f99       data     extern C:\MCC18\SRC\TRADIT~1\PROC\p18f8722.asm
                     DDRJ   0x000f9a       data     extern C:\MCC18\SRC\TRADIT~1\PROC\p18f8722.asm
                 DDRJbits   0x000f9a       data     extern C:\MCC18\SRC\TRADIT~1\PROC\p18f8722.asm
            DelayCounter1   0x000043       data     extern C:\MCC18\SRC\TRADIT~1\DELAYS\delayd1.asm
                  ECCP1AS   0x000fb6       data     extern C:\MCC18\SRC\TRADIT~1\PROC\p18f8722.asm
              ECCP1ASbits   0x000fb6       data     extern C:\MCC18\SRC\TRADIT~1\PROC\p18f8722.asm
                 ECCP1CON   0x000fbd       data     extern C:\MCC18\SRC\TRADIT~1\PROC\p18f8722.asm
             ECCP1CONbits   0x000fbd       data     extern C:\MCC18\SRC\TRADIT~1\PROC\p18f8722.asm
                 ECCP1DEL   0x000f79       data     extern C:\MCC18\SRC\TRADIT~1\PROC\p18f8722.asm
             ECCP1DELbits   0x000f79       data     extern C:\MCC18\SRC\TRADIT~1\PROC\p18f8722.asm
                  ECCP2AS   0x000f68       data     extern C:\MCC18\SRC\TRADIT~1\PROC\p18f8722.asm
              ECCP2ASbits   0x000f68       data     extern C:\MCC18\SRC\TRADIT~1\PROC\p18f8722.asm
                 ECCP2CON   0x000fba       data     extern C:\MCC18\SRC\TRADIT~1\PROC\p18f8722.asm
             ECCP2CONbits   0x000fba       data     extern C:\MCC18\SRC\TRADIT~1\PROC\p18f8722.asm
                 ECCP2DEL   0x000f67       data     extern C:\MCC18\SRC\TRADIT~1\PROC\p18f8722.asm
             ECCP2DELbits   0x000f67       data     extern C:\MCC18\SRC\TRADIT~1\PROC\p18f8722.asm
                  ECCP3AS   0x000f6a       data     extern C:\MCC18\SRC\TRADIT~1\PROC\p18f8722.asm
              ECCP3ASbits   0x000f6a       data     extern C:\MCC18\SRC\TRADIT~1\PROC\p18f8722.asm
                 ECCP3CON   0x000fb7       data     extern C:\MCC18\SRC\TRADIT~1\PROC\p18f8722.asm
             ECCP3CONbits   0x000fb7       data     extern C:\MCC18\SRC\TRADIT~1\PROC\p18f8722.asm
                 ECCP3DEL   0x000f69       data     extern C:\MCC18\SRC\TRADIT~1\PROC\p18f8722.asm
             ECCP3DELbits   0x000f69       data     extern C:\MCC18\SRC\TRADIT~1\PROC\p18f8722.asm
                    EEADR   0x000fa9       data     extern C:\MCC18\SRC\TRADIT~1\PROC\p18f8722.asm
                   EEADRH   0x000faa       data     extern C:\MCC18\SRC\TRADIT~1\PROC\p18f8722.asm
                   EECON1   0x000fa6       data     extern C:\MCC18\SRC\TRADIT~1\PROC\p18f8722.asm
               EECON1bits   0x000fa6       data     extern C:\MCC18\SRC\TRADIT~1\PROC\p18f8722.asm
                   EECON2   0x000fa7       data     extern C:\MCC18\SRC\TRADIT~1\PROC\p18f8722.asm
                   EEDATA   0x000fa8       data     extern C:\MCC18\SRC\TRADIT~1\PROC\p18f8722.asm
                  FPFLAGS   0x00003e       data     extern C:\MCC18\SRC\TRADIT~1\MATH\cmath18.asm
              FPFLAGSbits   0x00003e       data     extern C:\MCC18\SRC\TRADIT~1\MATH\cmath18.asm
                     FSR0   0x000fe9       data     extern C:\MCC18\SRC\TRADIT~1\PROC\p18f8722.asm
                    FSR0H   0x000fea       data     extern C:\MCC18\SRC\TRADIT~1\PROC\p18f8722.asm
                    FSR0L   0x000fe9       data     extern C:\MCC18\SRC\TRADIT~1\PROC\p18f8722.asm
                     FSR1   0x000fe1       data     extern C:\MCC18\SRC\TRADIT~1\PROC\p18f8722.asm
                    FSR1H   0x000fe2       data     extern C:\MCC18\SRC\TRADIT~1\PROC\p18f8722.asm
                    FSR1L   0x000fe1       data     extern C:\MCC18\SRC\TRADIT~1\PROC\p18f8722.asm
                     FSR2   0x000fd9       data     extern C:\MCC18\SRC\TRADIT~1\PROC\p18f8722.asm
                    FSR2H   0x000fda       data     extern C:\MCC18\SRC\TRADIT~1\PROC\p18f8722.asm
                    FSR2L   0x000fd9       data     extern C:\MCC18\SRC\TRADIT~1\PROC\p18f8722.asm
                FSRH_temp   0x00001c       data     static C:\mcc18\Projects\EduCode\Util_lib.asm
                FSRL_temp   0x00001d       data     static C:\mcc18\Projects\EduCode\Util_lib.asm
            Feed_Debounce   0x00022b       data     extern C:\mort\mort_code_2006_PrePalmetto\user_routines.c
         Gravity_Debounce   0x00022a       data     extern C:\mort\mort_code_2006_PrePalmetto\user_routines.c
                  HLVDCON   0x000fd2       data     extern C:\MCC18\SRC\TRADIT~1\PROC\p18f8722.asm
              HLVDCONbits   0x000fd2       data     extern C:\MCC18\SRC\TRADIT~1\PROC\p18f8722.asm
                        I   0x0001f8       data     static C:\mcc18\Projects\EduCode\ifi_library.c
                    INDF0   0x000fef       data     extern C:\MCC18\SRC\TRADIT~1\PROC\p18f8722.asm
                    INDF1   0x000fe7       data     extern C:\MCC18\SRC\TRADIT~1\PROC\p18f8722.asm
                    INDF2   0x000fdf       data     extern C:\MCC18\SRC\TRADIT~1\PROC\p18f8722.asm
                   INTCON   0x000ff2       data     extern C:\MCC18\SRC\TRADIT~1\PROC\p18f8722.asm
                  INTCON2   0x000ff1       data     extern C:\MCC18\SRC\TRADIT~1\PROC\p18f8722.asm
              INTCON2bits   0x000ff1       data     extern C:\MCC18\SRC\TRADIT~1\PROC\p18f8722.asm
                  INTCON3   0x000ff0       data     extern C:\MCC18\SRC\TRADIT~1\PROC\p18f8722.asm
              INTCON3bits   0x000ff0       data     extern C:\MCC18\SRC\TRADIT~1\PROC\p18f8722.asm
               INTCONbits   0x000ff2       data     extern C:\MCC18\SRC\TRADIT~1\PROC\p18f8722.asm
                     IPR1   0x000f9f       data     extern C:\MCC18\SRC\TRADIT~1\PROC\p18f8722.asm
                 IPR1bits   0x000f9f       data     extern C:\MCC18\SRC\TRADIT~1\PROC\p18f8722.asm
                     IPR2   0x000fa2       data     extern C:\MCC18\SRC\TRADIT~1\PROC\p18f8722.asm
                 IPR2bits   0x000fa2       data     extern C:\MCC18\SRC\TRADIT~1\PROC\p18f8722.asm
                     IPR3   0x000fa5       data     extern C:\MCC18\SRC\TRADIT~1\PROC\p18f8722.asm
                 IPR3bits   0x000fa5       data     extern C:\MCC18\SRC\TRADIT~1\PROC\p18f8722.asm
                     LATA   0x000f89       data     extern C:\MCC18\SRC\TRADIT~1\PROC\p18f8722.asm
                 LATAbits   0x000f89       data     extern C:\MCC18\SRC\TRADIT~1\PROC\p18f8722.asm
                     LATB   0x000f8a       data     extern C:\MCC18\SRC\TRADIT~1\PROC\p18f8722.asm
                 LATBbits   0x000f8a       data     extern C:\MCC18\SRC\TRADIT~1\PROC\p18f8722.asm
                     LATC   0x000f8b       data     extern C:\MCC18\SRC\TRADIT~1\PROC\p18f8722.asm
                 LATCbits   0x000f8b       data     extern C:\MCC18\SRC\TRADIT~1\PROC\p18f8722.asm
                     LATD   0x000f8c       data     extern C:\MCC18\SRC\TRADIT~1\PROC\p18f8722.asm
                 LATDbits   0x000f8c       data     extern C:\MCC18\SRC\TRADIT~1\PROC\p18f8722.asm
                     LATE   0x000f8d       data     extern C:\MCC18\SRC\TRADIT~1\PROC\p18f8722.asm
                 LATEbits   0x000f8d       data     extern C:\MCC18\SRC\TRADIT~1\PROC\p18f8722.asm
                     LATF   0x000f8e       data     extern C:\MCC18\SRC\TRADIT~1\PROC\p18f8722.asm
                 LATFbits   0x000f8e       data     extern C:\MCC18\SRC\TRADIT~1\PROC\p18f8722.asm
                     LATG   0x000f8f       data     extern C:\MCC18\SRC\TRADIT~1\PROC\p18f8722.asm
                 LATGbits   0x000f8f       data     extern C:\MCC18\SRC\TRADIT~1\PROC\p18f8722.asm
                     LATH   0x000f90       data     extern C:\MCC18\SRC\TRADIT~1\PROC\p18f8722.asm
                 LATHbits   0x000f90       data     extern C:\MCC18\SRC\TRADIT~1\PROC\p18f8722.asm
                     LATJ   0x000f91       data     extern C:\MCC18\SRC\TRADIT~1\PROC\p18f8722.asm
                 LATJbits   0x000f91       data     extern C:\MCC18\SRC\TRADIT~1\PROC\p18f8722.asm
                   LVDCON   0x000fd2       data     extern C:\MCC18\SRC\TRADIT~1\PROC\p18f8722.asm
               LVDCONbits   0x000fd2       data     extern C:\MCC18\SRC\TRADIT~1\PROC\p18f8722.asm
                   MEMCON   0x000f9c       data     extern C:\MCC18\SRC\TRADIT~1\PROC\p18f8722.asm
               MEMCONbits   0x000f9c       data     extern C:\MCC18\SRC\TRADIT~1\PROC\p18f8722.asm
   Manual_Toggle_Debounce   0x000227       data     extern C:\mort\mort_code_2006_PrePalmetto\user_routines.c
      Manual_Toggle_State   0x000226       data     extern C:\mort\mort_code_2006_PrePalmetto\user_routines.c
Manual_Toggle_State_Change   0x000228       data     extern C:\mort\mort_code_2006_PrePalmetto\user_routines.c
                   OSCCON   0x000fd3       data     extern C:\MCC18\SRC\TRADIT~1\PROC\p18f8722.asm
               OSCCONbits   0x000fd3       data     extern C:\MCC18\SRC\TRADIT~1\PROC\p18f8722.asm
                  OSCTUNE   0x000f9b       data     extern C:\MCC18\SRC\TRADIT~1\PROC\p18f8722.asm
              OSCTUNEbits   0x000f9b       data     extern C:\MCC18\SRC\TRADIT~1\PROC\p18f8722.asm
                       PC   0x000ff9       data     extern C:\MCC18\SRC\TRADIT~1\PROC\p18f8722.asm
                      PCL   0x000ff9       data     extern C:\MCC18\SRC\TRADIT~1\PROC\p18f8722.asm
                   PCLATH   0x000ffa       data     extern C:\MCC18\SRC\TRADIT~1\PROC\p18f8722.asm
                   PCLATU   0x000ffb       data     extern C:\MCC18\SRC\TRADIT~1\PROC\p18f8722.asm
                     PIE1   0x000f9d       data     extern C:\MCC18\SRC\TRADIT~1\PROC\p18f8722.asm
                 PIE1bits   0x000f9d       data     extern C:\MCC18\SRC\TRADIT~1\PROC\p18f8722.asm
                     PIE2   0x000fa0       data     extern C:\MCC18\SRC\TRADIT~1\PROC\p18f8722.asm
                 PIE2bits   0x000fa0       data     extern C:\MCC18\SRC\TRADIT~1\PROC\p18f8722.asm
                     PIE3   0x000fa3       data     extern C:\MCC18\SRC\TRADIT~1\PROC\p18f8722.asm
                 PIE3bits   0x000fa3       data     extern C:\MCC18\SRC\TRADIT~1\PROC\p18f8722.asm
                     PIR1   0x000f9e       data     extern C:\MCC18\SRC\TRADIT~1\PROC\p18f8722.asm
                 PIR1bits   0x000f9e       data     extern C:\MCC18\SRC\TRADIT~1\PROC\p18f8722.asm
                     PIR2   0x000fa1       data     extern C:\MCC18\SRC\TRADIT~1\PROC\p18f8722.asm
                 PIR2bits   0x000fa1       data     extern C:\MCC18\SRC\TRADIT~1\PROC\p18f8722.asm
                     PIR3   0x000fa4       data     extern C:\MCC18\SRC\TRADIT~1\PROC\p18f8722.asm
                 PIR3bits   0x000fa4       data     extern C:\MCC18\SRC\TRADIT~1\PROC\p18f8722.asm
                   PLUSW0   0x000feb       data     extern C:\MCC18\SRC\TRADIT~1\PROC\p18f8722.asm
                   PLUSW1   0x000fe3       data     extern C:\MCC18\SRC\TRADIT~1\PROC\p18f8722.asm
                   PLUSW2   0x000fdb       data     extern C:\MCC18\SRC\TRADIT~1\PROC\p18f8722.asm
                    PORTA   0x000f80       data     extern C:\MCC18\SRC\TRADIT~1\PROC\p18f8722.asm
                PORTAbits   0x000f80       data     extern C:\MCC18\SRC\TRADIT~1\PROC\p18f8722.asm
                    PORTB   0x000f81       data     extern C:\MCC18\SRC\TRADIT~1\PROC\p18f8722.asm
                PORTBbits   0x000f81       data     extern C:\MCC18\SRC\TRADIT~1\PROC\p18f8722.asm
                    PORTC   0x000f82       data     extern C:\MCC18\SRC\TRADIT~1\PROC\p18f8722.asm
                PORTCbits   0x000f82       data     extern C:\MCC18\SRC\TRADIT~1\PROC\p18f8722.asm
                    PORTD   0x000f83       data     extern C:\MCC18\SRC\TRADIT~1\PROC\p18f8722.asm
                PORTDbits   0x000f83       data     extern C:\MCC18\SRC\TRADIT~1\PROC\p18f8722.asm
                    PORTE   0x000f84       data     extern C:\MCC18\SRC\TRADIT~1\PROC\p18f8722.asm
                PORTEbits   0x000f84       data     extern C:\MCC18\SRC\TRADIT~1\PROC\p18f8722.asm
                    PORTF   0x000f85       data     extern C:\MCC18\SRC\TRADIT~1\PROC\p18f8722.asm
                PORTFbits   0x000f85       data     extern C:\MCC18\SRC\TRADIT~1\PROC\p18f8722.asm
                    PORTG   0x000f86       data     extern C:\MCC18\SRC\TRADIT~1\PROC\p18f8722.asm
                PORTGbits   0x000f86       data     extern C:\MCC18\SRC\TRADIT~1\PROC\p18f8722.asm
                    PORTH   0x000f87       data     extern C:\MCC18\SRC\TRADIT~1\PROC\p18f8722.asm
                PORTHbits   0x000f87       data     extern C:\MCC18\SRC\TRADIT~1\PROC\p18f8722.asm
                    PORTJ   0x000f88       data     extern C:\MCC18\SRC\TRADIT~1\PROC\p18f8722.asm
                PORTJbits   0x000f88       data     extern C:\MCC18\SRC\TRADIT~1\PROC\p18f8722.asm
               PORT_TRASH   0x00002a       data     static C:\mcc18\Projects\EduCode\Util_lib.asm
                 POSTDEC0   0x000fed       data     extern C:\MCC18\SRC\TRADIT~1\PROC\p18f8722.asm
                 POSTDEC1   0x000fe5       data     extern C:\MCC18\SRC\TRADIT~1\PROC\p18f8722.asm
                 POSTDEC2   0x000fdd       data     extern C:\MCC18\SRC\TRADIT~1\PROC\p18f8722.asm
                 POSTINC0   0x000fee       data     extern C:\MCC18\SRC\TRADIT~1\PROC\p18f8722.asm
                 POSTINC1   0x000fe6       data     extern C:\MCC18\SRC\TRADIT~1\PROC\p18f8722.asm
                 POSTINC2   0x000fde       data     extern C:\MCC18\SRC\TRADIT~1\PROC\p18f8722.asm
                      PR2   0x000fcb       data     extern C:\MCC18\SRC\TRADIT~1\PROC\p18f8722.asm
                      PR4   0x000f77       data     extern C:\MCC18\SRC\TRADIT~1\PROC\p18f8722.asm
                  PREINC0   0x000fec       data     extern C:\MCC18\SRC\TRADIT~1\PROC\p18f8722.asm
                  PREINC1   0x000fe4       data     extern C:\MCC18\SRC\TRADIT~1\PROC\p18f8722.asm
                  PREINC2   0x000fdc       data     extern C:\MCC18\SRC\TRADIT~1\PROC\p18f8722.asm
                     PROD   0x000ff3       data     extern C:\MCC18\SRC\TRADIT~1\PROC\p18f8722.asm
                    PRODH   0x000ff4       data     extern C:\MCC18\SRC\TRADIT~1\PROC\p18f8722.asm
                    PRODL   0x000ff3       data     extern C:\MCC18\SRC\TRADIT~1\PROC\p18f8722.asm
                   PSPCON   0x000fb0       data     extern C:\MCC18\SRC\TRADIT~1\PROC\p18f8722.asm
               PSPCONbits   0x000fb0       data     extern C:\MCC18\SRC\TRADIT~1\PROC\p18f8722.asm
           PWMdisableMask   0x00002e       data     extern C:\mcc18\Projects\EduCode\Util_lib.asm
                     RCON   0x000fd0       data     extern C:\MCC18\SRC\TRADIT~1\PROC\p18f8722.asm
                 RCONbits   0x000fd0       data     extern C:\MCC18\SRC\TRADIT~1\PROC\p18f8722.asm
                    RCREG   0x000fae       data     extern C:\MCC18\SRC\TRADIT~1\PROC\p18f8722.asm
                   RCREG1   0x000fae       data     extern C:\MCC18\SRC\TRADIT~1\PROC\p18f8722.asm
                   RCREG2   0x000f6e       data     extern C:\MCC18\SRC\TRADIT~1\PROC\p18f8722.asm
                    RCSTA   0x000fab       data     extern C:\MCC18\SRC\TRADIT~1\PROC\p18f8722.asm
                   RCSTA1   0x000fab       data     extern C:\MCC18\SRC\TRADIT~1\PROC\p18f8722.asm
               RCSTA1bits   0x000fab       data     extern C:\MCC18\SRC\TRADIT~1\PROC\p18f8722.asm
                   RCSTA2   0x000f6b       data     extern C:\MCC18\SRC\TRADIT~1\PROC\p18f8722.asm
               RCSTA2bits   0x000f6b       data     extern C:\MCC18\SRC\TRADIT~1\PROC\p18f8722.asm
                RCSTAbits   0x000fab       data     extern C:\MCC18\SRC\TRADIT~1\PROC\p18f8722.asm
                    REMB0   0x000032       data     extern C:\MCC18\SRC\TRADIT~1\MATH\aarg.asm
                    REMB1   0x000031       data     extern C:\MCC18\SRC\TRADIT~1\MATH\aarg.asm
                    REMB2   0x000030       data     extern C:\MCC18\SRC\TRADIT~1\MATH\aarg.asm
                    REMB3   0x00002f       data     extern C:\MCC18\SRC\TRADIT~1\MATH\aarg.asm
      RX_1_Framing_Errors   0x000207       data     extern C:\mort\mort_code_2006_PrePalmetto\serial_ports.c
      RX_1_Overrun_Errors   0x000206       data     extern C:\mort\mort_code_2006_PrePalmetto\serial_ports.c
      RX_2_Framing_Errors   0x000213       data     extern C:\mort\mort_code_2006_PrePalmetto\serial_ports.c
      RX_2_Overrun_Errors   0x000212       data     extern C:\mort\mort_code_2006_PrePalmetto\serial_ports.c
               Rx_1_Queue   0x000100       data     extern C:\mort\mort_code_2006_PrePalmetto\serial_ports.c
    Rx_1_Queue_Byte_Count   0x000205       data     extern C:\mort\mort_code_2006_PrePalmetto\serial_ports.c
         Rx_1_Queue_Empty   0x000202       data     extern C:\mort\mort_code_2006_PrePalmetto\serial_ports.c
          Rx_1_Queue_Full   0x000201       data     extern C:\mort\mort_code_2006_PrePalmetto\serial_ports.c
    Rx_1_Queue_Read_Index   0x000203       data     extern C:\mort\mort_code_2006_PrePalmetto\serial_ports.c
   Rx_1_Queue_Write_Index   0x000204       data     extern C:\mort\mort_code_2006_PrePalmetto\serial_ports.c
               Rx_2_Queue   0x000140       data     extern C:\mort\mort_code_2006_PrePalmetto\serial_ports.c
    Rx_2_Queue_Byte_Count   0x000211       data     extern C:\mort\mort_code_2006_PrePalmetto\serial_ports.c
         Rx_2_Queue_Empty   0x00020e       data     extern C:\mort\mort_code_2006_PrePalmetto\serial_ports.c
          Rx_2_Queue_Full   0x00020d       data     extern C:\mort\mort_code_2006_PrePalmetto\serial_ports.c
    Rx_2_Queue_Read_Index   0x00020f       data     extern C:\mort\mort_code_2006_PrePalmetto\serial_ports.c
   Rx_2_Queue_Write_Index   0x000210       data     extern C:\mort\mort_code_2006_PrePalmetto\serial_ports.c
                     SIGN   0x00003d       data     extern C:\MCC18\SRC\TRADIT~1\MATH\cmath18.asm
                    SPBRG   0x000faf       data     extern C:\MCC18\SRC\TRADIT~1\PROC\p18f8722.asm
                   SPBRG1   0x000faf       data     extern C:\MCC18\SRC\TRADIT~1\PROC\p18f8722.asm
                   SPBRG2   0x000f6f       data     extern C:\MCC18\SRC\TRADIT~1\PROC\p18f8722.asm
                   SPBRGH   0x000f7f       data     extern C:\MCC18\SRC\TRADIT~1\PROC\p18f8722.asm
                  SPBRGH1   0x000f7f       data     extern C:\MCC18\SRC\TRADIT~1\PROC\p18f8722.asm
                  SPBRGH2   0x000f7d       data     extern C:\MCC18\SRC\TRADIT~1\PROC\p18f8722.asm
                  SSP1ADD   0x000fc8       data     extern C:\MCC18\SRC\TRADIT~1\PROC\p18f8722.asm
                  SSP1BUF   0x000fc9       data     extern C:\MCC18\SRC\TRADIT~1\PROC\p18f8722.asm
                 SSP1CON1   0x000fc6       data     extern C:\MCC18\SRC\TRADIT~1\PROC\p18f8722.asm
             SSP1CON1bits   0x000fc6       data     extern C:\MCC18\SRC\TRADIT~1\PROC\p18f8722.asm
                 SSP1CON2   0x000fc5       data     extern C:\MCC18\SRC\TRADIT~1\PROC\p18f8722.asm
             SSP1CON2bits   0x000fc5       data     extern C:\MCC18\SRC\TRADIT~1\PROC\p18f8722.asm
                 SSP1STAT   0x000fc7       data     extern C:\MCC18\SRC\TRADIT~1\PROC\p18f8722.asm
             SSP1STATbits   0x000fc7       data     extern C:\MCC18\SRC\TRADIT~1\PROC\p18f8722.asm
                  SSP2ADD   0x000f65       data     extern C:\MCC18\SRC\TRADIT~1\PROC\p18f8722.asm
                  SSP2BUF   0x000f66       data     extern C:\MCC18\SRC\TRADIT~1\PROC\p18f8722.asm
                 SSP2CON1   0x000f63       data     extern C:\MCC18\SRC\TRADIT~1\PROC\p18f8722.asm
             SSP2CON1bits   0x000f63       data     extern C:\MCC18\SRC\TRADIT~1\PROC\p18f8722.asm
                 SSP2CON2   0x000f62       data     extern C:\MCC18\SRC\TRADIT~1\PROC\p18f8722.asm
             SSP2CON2bits   0x000f62       data     extern C:\MCC18\SRC\TRADIT~1\PROC\p18f8722.asm
                 SSP2STAT   0x000f64       data     extern C:\MCC18\SRC\TRADIT~1\PROC\p18f8722.asm
             SSP2STATbits   0x000f64       data     extern C:\MCC18\SRC\TRADIT~1\PROC\p18f8722.asm
                   SSPADD   0x000fc8       data     extern C:\MCC18\SRC\TRADIT~1\PROC\p18f8722.asm
                   SSPBUF   0x000fc9       data     extern C:\MCC18\SRC\TRADIT~1\PROC\p18f8722.asm
                  SSPCON1   0x000fc6       data     extern C:\MCC18\SRC\TRADIT~1\PROC\p18f8722.asm
              SSPCON1bits   0x000fc6       data     extern C:\MCC18\SRC\TRADIT~1\PROC\p18f8722.asm
                  SSPCON2   0x000fc5       data     extern C:\MCC18\SRC\TRADIT~1\PROC\p18f8722.asm
              SSPCON2bits   0x000fc5       data     extern C:\MCC18\SRC\TRADIT~1\PROC\p18f8722.asm
                  SSPSTAT   0x000fc7       data     extern C:\MCC18\SRC\TRADIT~1\PROC\p18f8722.asm
              SSPSTATbits   0x000fc7       data     extern C:\MCC18\SRC\TRADIT~1\PROC\p18f8722.asm
                   STATUS   0x000fd8       data     extern C:\MCC18\SRC\TRADIT~1\PROC\p18f8722.asm
               STATUSbits   0x000fd8       data     extern C:\MCC18\SRC\TRADIT~1\PROC\p18f8722.asm
                   STKPTR   0x000ffc       data     extern C:\MCC18\SRC\TRADIT~1\PROC\p18f8722.asm
               STKPTRbits   0x000ffc       data     extern C:\MCC18\SRC\TRADIT~1\PROC\p18f8722.asm
         Shooter_Debounce   0x00022c       data     extern C:\mort\mort_code_2006_PrePalmetto\user_routines.c
                    T0CON   0x000fd5       data     extern C:\MCC18\SRC\TRADIT~1\PROC\p18f8722.asm
                T0CONbits   0x000fd5       data     extern C:\MCC18\SRC\TRADIT~1\PROC\p18f8722.asm
                    T1CON   0x000fcd       data     extern C:\MCC18\SRC\TRADIT~1\PROC\p18f8722.asm
                T1CONbits   0x000fcd       data     extern C:\MCC18\SRC\TRADIT~1\PROC\p18f8722.asm
                    T2CON   0x000fca       data     extern C:\MCC18\SRC\TRADIT~1\PROC\p18f8722.asm
                T2CONbits   0x000fca       data     extern C:\MCC18\SRC\TRADIT~1\PROC\p18f8722.asm
                    T3CON   0x000fb1       data     extern C:\MCC18\SRC\TRADIT~1\PROC\p18f8722.asm
                T3CONbits   0x000fb1       data     extern C:\MCC18\SRC\TRADIT~1\PROC\p18f8722.asm
                    T4CON   0x000f76       data     extern C:\MCC18\SRC\TRADIT~1\PROC\p18f8722.asm
                T4CONbits   0x000f76       data     extern C:\MCC18\SRC\TRADIT~1\PROC\p18f8722.asm
                   TABLAT   0x000ff5       data     extern C:\MCC18\SRC\TRADIT~1\PROC\p18f8722.asm
                   TBLPTR   0x000ff6       data     extern C:\MCC18\SRC\TRADIT~1\PROC\p18f8722.asm
                  TBLPTRH   0x000ff7       data     extern C:\MCC18\SRC\TRADIT~1\PROC\p18f8722.asm
                  TBLPTRL   0x000ff6       data     extern C:\MCC18\SRC\TRADIT~1\PROC\p18f8722.asm
                  TBLPTRU   0x000ff8       data     extern C:\MCC18\SRC\TRADIT~1\PROC\p18f8722.asm
                     TEMP   0x000042       data     extern C:\MCC18\SRC\TRADIT~1\MATH\temparg.asm
                   TEMPB0   0x000042       data     extern C:\MCC18\SRC\TRADIT~1\MATH\temparg.asm
                   TEMPB1   0x000041       data     extern C:\MCC18\SRC\TRADIT~1\MATH\temparg.asm
                   TEMPB2   0x000040       data     extern C:\MCC18\SRC\TRADIT~1\MATH\temparg.asm
                   TEMPB3   0x00003f       data     extern C:\MCC18\SRC\TRADIT~1\MATH\temparg.asm
                    TMR0H   0x000fd7       data     extern C:\MCC18\SRC\TRADIT~1\PROC\p18f8722.asm
                    TMR0L   0x000fd6       data     extern C:\MCC18\SRC\TRADIT~1\PROC\p18f8722.asm
                    TMR1H   0x000fcf       data     extern C:\MCC18\SRC\TRADIT~1\PROC\p18f8722.asm
                    TMR1L   0x000fce       data     extern C:\MCC18\SRC\TRADIT~1\PROC\p18f8722.asm
                     TMR2   0x000fcc       data     extern C:\MCC18\SRC\TRADIT~1\PROC\p18f8722.asm
                    TMR3H   0x000fb3       data     extern C:\MCC18\SRC\TRADIT~1\PROC\p18f8722.asm
                    TMR3L   0x000fb2       data     extern C:\MCC18\SRC\TRADIT~1\PROC\p18f8722.asm
                     TMR4   0x000f78       data     extern C:\MCC18\SRC\TRADIT~1\PROC\p18f8722.asm
                      TOS   0x000ffd       data     extern C:\MCC18\SRC\TRADIT~1\PROC\p18f8722.asm
                     TOSH   0x000ffe       data     extern C:\MCC18\SRC\TRADIT~1\PROC\p18f8722.asm
                     TOSL   0x000ffd       data     extern C:\MCC18\SRC\TRADIT~1\PROC\p18f8722.asm
                     TOSU   0x000fff       data     extern C:\MCC18\SRC\TRADIT~1\PROC\p18f8722.asm
                    TRISA   0x000f92       data     extern C:\MCC18\SRC\TRADIT~1\PROC\p18f8722.asm
                TRISAbits   0x000f92       data     extern C:\MCC18\SRC\TRADIT~1\PROC\p18f8722.asm
                    TRISB   0x000f93       data     extern C:\MCC18\SRC\TRADIT~1\PROC\p18f8722.asm
                TRISBbits   0x000f93       data     extern C:\MCC18\SRC\TRADIT~1\PROC\p18f8722.asm
                    TRISC   0x000f94       data     extern C:\MCC18\SRC\TRADIT~1\PROC\p18f8722.asm
                TRISCbits   0x000f94       data     extern C:\MCC18\SRC\TRADIT~1\PROC\p18f8722.asm
[...]
                TRISCbits   0x000f94       data     extern C:\MCC18\SRC\TRADIT~1\PROC\p18f8722.asm
                 DDRCbits   0x000f94       data     extern C:\MCC18\SRC\TRADIT~1\PROC\p18f8722.asm
                     DDRC   0x000f94       data     extern C:\MCC18\SRC\TRADIT~1\PROC\p18f8722.asm
                     DDRD   0x000f95       data     extern C:\MCC18\SRC\TRADIT~1\PROC\p18f8722.asm
                 DDRDbits   0x000f95       data     extern C:\MCC18\SRC\TRADIT~1\PROC\p18f8722.asm
                TRISDbits   0x000f95       data     extern C:\MCC18\SRC\TRADIT~1\PROC\p18f8722.asm
                    TRISD   0x000f95       data     extern C:\MCC18\SRC\TRADIT~1\PROC\p18f8722.asm
                TRISEbits   0x000f96       data     extern C:\MCC18\SRC\TRADIT~1\PROC\p18f8722.asm
                    TRISE   0x000f96       data     extern C:\MCC18\SRC\TRADIT~1\PROC\p18f8722.asm
                 DDREbits   0x000f96       data     extern C:\MCC18\SRC\TRADIT~1\PROC\p18f8722.asm
                     DDRE   0x000f96       data     extern C:\MCC18\SRC\TRADIT~1\PROC\p18f8722.asm
                     DDRF   0x000f97       data     extern C:\MCC18\SRC\TRADIT~1\PROC\p18f8722.asm
                 DDRFbits   0x000f97       data     extern C:\MCC18\SRC\TRADIT~1\PROC\p18f8722.asm
                    TRISF   0x000f97       data     extern C:\MCC18\SRC\TRADIT~1\PROC\p18f8722.asm
                TRISFbits   0x000f97       data     extern C:\MCC18\SRC\TRADIT~1\PROC\p18f8722.asm
                     DDRG   0x000f98       data     extern C:\MCC18\SRC\TRADIT~1\PROC\p18f8722.asm
                 DDRGbits   0x000f98       data     extern C:\MCC18\SRC\TRADIT~1\PROC\p18f8722.asm
                    TRISG   0x000f98       data     extern C:\MCC18\SRC\TRADIT~1\PROC\p18f8722.asm
                TRISGbits   0x000f98       data     extern C:\MCC18\SRC\TRADIT~1\PROC\p18f8722.asm
                 DDRHbits   0x000f99       data     extern C:\MCC18\SRC\TRADIT~1\PROC\p18f8722.asm
                    TRISH   0x000f99       data     extern C:\MCC18\SRC\TRADIT~1\PROC\p18f8722.asm
                TRISHbits   0x000f99       data     extern C:\MCC18\SRC\TRADIT~1\PROC\p18f8722.asm
                     DDRH   0x000f99       data     extern C:\MCC18\SRC\TRADIT~1\PROC\p18f8722.asm
                TRISJbits   0x000f9a       data     extern C:\MCC18\SRC\TRADIT~1\PROC\p18f8722.asm
                    TRISJ   0x000f9a       data     extern C:\MCC18\SRC\TRADIT~1\PROC\p18f8722.asm
                     DDRJ   0x000f9a       data     extern C:\MCC18\SRC\TRADIT~1\PROC\p18f8722.asm
                 DDRJbits   0x000f9a       data     extern C:\MCC18\SRC\TRADIT~1\PROC\p18f8722.asm
              OSCTUNEbits   0x000f9b       data     extern C:\MCC18\SRC\TRADIT~1\PROC\p18f8722.asm
                  OSCTUNE   0x000f9b       data     extern C:\MCC18\SRC\TRADIT~1\PROC\p18f8722.asm
                   MEMCON   0x000f9c       data     extern C:\MCC18\SRC\TRADIT~1\PROC\p18f8722.asm
               MEMCONbits   0x000f9c       data     extern C:\MCC18\SRC\TRADIT~1\PROC\p18f8722.asm
                 PIE1bits   0x000f9d       data     extern C:\MCC18\SRC\TRADIT~1\PROC\p18f8722.asm
                     PIE1   0x000f9d       data     extern C:\MCC18\SRC\TRADIT~1\PROC\p18f8722.asm
                     PIR1   0x000f9e       data     extern C:\MCC18\SRC\TRADIT~1\PROC\p18f8722.asm
                 PIR1bits   0x000f9e       data     extern C:\MCC18\SRC\TRADIT~1\PROC\p18f8722.asm
                     IPR1   0x000f9f       data     extern C:\MCC18\SRC\TRADIT~1\PROC\p18f8722.asm
                 IPR1bits   0x000f9f       data     extern C:\MCC18\SRC\TRADIT~1\PROC\p18f8722.asm
                     PIE2   0x000fa0       data     extern C:\MCC18\SRC\TRADIT~1\PROC\p18f8722.asm
                 PIE2bits   0x000fa0       data     extern C:\MCC18\SRC\TRADIT~1\PROC\p18f8722.asm
                     PIR2   0x000fa1       data     extern C:\MCC18\SRC\TRADIT~1\PROC\p18f8722.asm
                 PIR2bits   0x000fa1       data     extern C:\MCC18\SRC\TRADIT~1\PROC\p18f8722.asm
                 IPR2bits   0x000fa2       data     extern C:\MCC18\SRC\TRADIT~1\PROC\p18f8722.asm
                     IPR2   0x000fa2       data     extern C:\MCC18\SRC\TRADIT~1\PROC\p18f8722.asm
                     PIE3   0x000fa3       data     extern C:\MCC18\SRC\TRADIT~1\PROC\p18f8722.asm
                 PIE3bits   0x000fa3       data     extern C:\MCC18\SRC\TRADIT~1\PROC\p18f8722.asm
                     PIR3   0x000fa4       data     extern C:\MCC18\SRC\TRADIT~1\PROC\p18f8722.asm
                 PIR3bits   0x000fa4       data     extern C:\MCC18\SRC\TRADIT~1\PROC\p18f8722.asm
                 IPR3bits   0x000fa5       data     extern C:\MCC18\SRC\TRADIT~1\PROC\p18f8722.asm
                     IPR3   0x000fa5       data     extern C:\MCC18\SRC\TRADIT~1\PROC\p18f8722.asm
               EECON1bits   0x000fa6       data     extern C:\MCC18\SRC\TRADIT~1\PROC\p18f8722.asm
                   EECON1   0x000fa6       data     extern C:\MCC18\SRC\TRADIT~1\PROC\p18f8722.asm
                   EECON2   0x000fa7       data     extern C:\MCC18\SRC\TRADIT~1\PROC\p18f8722.asm
                   EEDATA   0x000fa8       data     extern C:\MCC18\SRC\TRADIT~1\PROC\p18f8722.asm
                    EEADR   0x000fa9       data     extern C:\MCC18\SRC\TRADIT~1\PROC\p18f8722.asm
                   EEADRH   0x000faa       data     extern C:\MCC18\SRC\TRADIT~1\PROC\p18f8722.asm
                    RCSTA   0x000fab       data     extern C:\MCC18\SRC\TRADIT~1\PROC\p18f8722.asm
                   RCSTA1   0x000fab       data     extern C:\MCC18\SRC\TRADIT~1\PROC\p18f8722.asm
               RCSTA1bits   0x000fab       data     extern C:\MCC18\SRC\TRADIT~1\PROC\p18f8722.asm
                RCSTAbits   0x000fab       data     extern C:\MCC18\SRC\TRADIT~1\PROC\p18f8722.asm
                    TXSTA   0x000fac       data     extern C:\MCC18\SRC\TRADIT~1\PROC\p18f8722.asm
                   TXSTA1   0x000fac       data     extern C:\MCC18\SRC\TRADIT~1\PROC\p18f8722.asm
               TXSTA1bits   0x000fac       data     extern C:\MCC18\SRC\TRADIT~1\PROC\p18f8722.asm
                TXSTAbits   0x000fac       data     extern C:\MCC18\SRC\TRADIT~1\PROC\p18f8722.asm
                    TXREG   0x000fad       data     extern C:\MCC18\SRC\TRADIT~1\PROC\p18f8722.asm
                   TXREG1   0x000fad       data     extern C:\MCC18\SRC\TRADIT~1\PROC\p18f8722.asm
                   RCREG1   0x000fae       data     extern C:\MCC18\SRC\TRADIT~1\PROC\p18f8722.asm
                    RCREG   0x000fae       data     extern C:\MCC18\SRC\TRADIT~1\PROC\p18f8722.asm
                    SPBRG   0x000faf       data     extern C:\MCC18\SRC\TRADIT~1\PROC\p18f8722.asm
                   SPBRG1   0x000faf       data     extern C:\MCC18\SRC\TRADIT~1\PROC\p18f8722.asm
               PSPCONbits   0x000fb0       data     extern C:\MCC18\SRC\TRADIT~1\PROC\p18f8722.asm
                   PSPCON   0x000fb0       data     extern C:\MCC18\SRC\TRADIT~1\PROC\p18f8722.asm
                    T3CON   0x000fb1       data     extern C:\MCC18\SRC\TRADIT~1\PROC\p18f8722.asm
                T3CONbits   0x000fb1       data     extern C:\MCC18\SRC\TRADIT~1\PROC\p18f8722.asm
                    TMR3L   0x000fb2       data     extern C:\MCC18\SRC\TRADIT~1\PROC\p18f8722.asm
                    TMR3H   0x000fb3       data     extern C:\MCC18\SRC\TRADIT~1\PROC\p18f8722.asm
                    CMCON   0x000fb4       data     extern C:\MCC18\SRC\TRADIT~1\PROC\p18f8722.asm
                CMCONbits   0x000fb4       data     extern C:\MCC18\SRC\TRADIT~1\PROC\p18f8722.asm
               CVRCONbits   0x000fb5       data     extern C:\MCC18\SRC\TRADIT~1\PROC\p18f8722.asm
                   CVRCON   0x000fb5       data     extern C:\MCC18\SRC\TRADIT~1\PROC\p18f8722.asm
                  ECCP1AS   0x000fb6       data     extern C:\MCC18\SRC\TRADIT~1\PROC\p18f8722.asm
              ECCP1ASbits   0x000fb6       data     extern C:\MCC18\SRC\TRADIT~1\PROC\p18f8722.asm
                 ECCP3CON   0x000fb7       data     extern C:\MCC18\SRC\TRADIT~1\PROC\p18f8722.asm
             ECCP3CONbits   0x000fb7       data     extern C:\MCC18\SRC\TRADIT~1\PROC\p18f8722.asm
                  CCP3CON   0x000fb7       data     extern C:\MCC18\SRC\TRADIT~1\PROC\p18f8722.asm
              CCP3CONbits   0x000fb7       data     extern C:\MCC18\SRC\TRADIT~1\PROC\p18f8722.asm
                   CCPR3L   0x000fb8       data     extern C:\MCC18\SRC\TRADIT~1\PROC\p18f8722.asm
                    CCPR3   0x000fb8       data     extern C:\MCC18\SRC\TRADIT~1\PROC\p18f8722.asm
                   CCPR3H   0x000fb9       data     extern C:\MCC18\SRC\TRADIT~1\PROC\p18f8722.asm
                  CCP2CON   0x000fba       data     extern C:\MCC18\SRC\TRADIT~1\PROC\p18f8722.asm
              CCP2CONbits   0x000fba       data     extern C:\MCC18\SRC\TRADIT~1\PROC\p18f8722.asm
                 ECCP2CON   0x000fba       data     extern C:\MCC18\SRC\TRADIT~1\PROC\p18f8722.asm
             ECCP2CONbits   0x000fba       data     extern C:\MCC18\SRC\TRADIT~1\PROC\p18f8722.asm
                    CCPR2   0x000fbb       data     extern C:\MCC18\SRC\TRADIT~1\PROC\p18f8722.asm
                   CCPR2L   0x000fbb       data     extern C:\MCC18\SRC\TRADIT~1\PROC\p18f8722.asm
                   CCPR2H   0x000fbc       data     extern C:\MCC18\SRC\TRADIT~1\PROC\p18f8722.asm
                  CCP1CON   0x000fbd       data     extern C:\MCC18\SRC\TRADIT~1\PROC\p18f8722.asm
              CCP1CONbits   0x000fbd       data     extern C:\MCC18\SRC\TRADIT~1\PROC\p18f8722.asm
             ECCP1CONbits   0x000fbd       data     extern C:\MCC18\SRC\TRADIT~1\PROC\p18f8722.asm
                 ECCP1CON   0x000fbd       data     extern C:\MCC18\SRC\TRADIT~1\PROC\p18f8722.asm
                   CCPR1L   0x000fbe       data     extern C:\MCC18\SRC\TRADIT~1\PROC\p18f8722.asm
                    CCPR1   0x000fbe       data     extern C:\MCC18\SRC\TRADIT~1\PROC\p18f8722.asm
                   CCPR1H   0x000fbf       data     extern C:\MCC18\SRC\TRADIT~1\PROC\p18f8722.asm
               ADCON2bits   0x000fc0       data     extern C:\MCC18\SRC\TRADIT~1\PROC\p18f8722.asm
                   ADCON2   0x000fc0       data     extern C:\MCC18\SRC\TRADIT~1\PROC\p18f8722.asm
               ADCON1bits   0x000fc1       data     extern C:\MCC18\SRC\TRADIT~1\PROC\p18f8722.asm
                   ADCON1   0x000fc1       data     extern C:\MCC18\SRC\TRADIT~1\PROC\p18f8722.asm
               ADCON0bits   0x000fc2       data     extern C:\MCC18\SRC\TRADIT~1\PROC\p18f8722.asm
                   ADCON0   0x000fc2       data     extern C:\MCC18\SRC\TRADIT~1\PROC\p18f8722.asm
                   ADRESL   0x000fc3       data     extern C:\MCC18\SRC\TRADIT~1\PROC\p18f8722.asm
                    ADRES   0x000fc3       data     extern C:\MCC18\SRC\TRADIT~1\PROC\p18f8722.asm
                   ADRESH   0x000fc4       data     extern C:\MCC18\SRC\TRADIT~1\PROC\p18f8722.asm
              SSPCON2bits   0x000fc5       data     extern C:\MCC18\SRC\TRADIT~1\PROC\p18f8722.asm
                  SSPCON2   0x000fc5       data     extern C:\MCC18\SRC\TRADIT~1\PROC\p18f8722.asm
             SSP1CON2bits   0x000fc5       data     extern C:\MCC18\SRC\TRADIT~1\PROC\p18f8722.asm
                 SSP1CON2   0x000fc5       data     extern C:\MCC18\SRC\TRADIT~1\PROC\p18f8722.asm
                  SSPCON1   0x000fc6       data     extern C:\MCC18\SRC\TRADIT~1\PROC\p18f8722.asm
             SSP1CON1bits   0x000fc6       data     extern C:\MCC18\SRC\TRADIT~1\PROC\p18f8722.asm
                 SSP1CON1   0x000fc6       data     extern C:\MCC18\SRC\TRADIT~1\PROC\p18f8722.asm
              SSPCON1bits   0x000fc6       data     extern C:\MCC18\SRC\TRADIT~1\PROC\p18f8722.asm
                 SSP1STAT   0x000fc7       data     extern C:\MCC18\SRC\TRADIT~1\PROC\p18f8722.asm
             SSP1STATbits   0x000fc7       data     extern C:\MCC18\SRC\TRADIT~1\PROC\p18f8722.asm
              SSPSTATbits   0x000fc7       data     extern C:\MCC18\SRC\TRADIT~1\PROC\p18f8722.asm
                  SSPSTAT   0x000fc7       data     extern C:\MCC18\SRC\TRADIT~1\PROC\p18f8722.asm
                   SSPADD   0x000fc8       data     extern C:\MCC18\SRC\TRADIT~1\PROC\p18f8722.asm
                  SSP1ADD   0x000fc8       data     extern C:\MCC18\SRC\TRADIT~1\PROC\p18f8722.asm
                   SSPBUF   0x000fc9       data     extern C:\MCC18\SRC\TRADIT~1\PROC\p18f8722.asm
                  SSP1BUF   0x000fc9       data     extern C:\MCC18\SRC\TRADIT~1\PROC\p18f8722.asm
                    T2CON   0x000fca       data     extern C:\MCC18\SRC\TRADIT~1\PROC\p18f8722.asm
                T2CONbits   0x000fca       data     extern C:\MCC18\SRC\TRADIT~1\PROC\p18f8722.asm
                      PR2   0x000fcb       data     extern C:\MCC18\SRC\TRADIT~1\PROC\p18f8722.asm
                     TMR2   0x000fcc       data     extern C:\MCC18\SRC\TRADIT~1\PROC\p18f8722.asm
                    T1CON   0x000fcd       data     extern C:\MCC18\SRC\TRADIT~1\PROC\p18f8722.asm
                T1CONbits   0x000fcd       data     extern C:\MCC18\SRC\TRADIT~1\PROC\p18f8722.asm
                    TMR1L   0x000fce       data     extern C:\MCC18\SRC\TRADIT~1\PROC\p18f8722.asm
                    TMR1H   0x000fcf       data     extern C:\MCC18\SRC\TRADIT~1\PROC\p18f8722.asm
                     RCON   0x000fd0       data     extern C:\MCC18\SRC\TRADIT~1\PROC\p18f8722.asm
                 RCONbits   0x000fd0       data     extern C:\MCC18\SRC\TRADIT~1\PROC\p18f8722.asm
                   WDTCON   0x000fd1       data     extern C:\MCC18\SRC\TRADIT~1\PROC\p18f8722.asm
               WDTCONbits   0x000fd1       data     extern C:\MCC18\SRC\TRADIT~1\PROC\p18f8722.asm
                  HLVDCON   0x000fd2       data     extern C:\MCC18\SRC\TRADIT~1\PROC\p18f8722.asm
              HLVDCONbits   0x000fd2       data     extern C:\MCC18\SRC\TRADIT~1\PROC\p18f8722.asm
                   LVDCON   0x000fd2       data     extern C:\MCC18\SRC\TRADIT~1\PROC\p18f8722.asm
               LVDCONbits   0x000fd2       data     extern C:\MCC18\SRC\TRADIT~1\PROC\p18f8722.asm
                   OSCCON   0x000fd3       data     extern C:\MCC18\SRC\TRADIT~1\PROC\p18f8722.asm
               OSCCONbits   0x000fd3       data     extern C:\MCC18\SRC\TRADIT~1\PROC\p18f8722.asm
                    T0CON   0x000fd5       data     extern C:\MCC18\SRC\TRADIT~1\PROC\p18f8722.asm
                T0CONbits   0x000fd5       data     extern C:\MCC18\SRC\TRADIT~1\PROC\p18f8722.asm
                    TMR0L   0x000fd6       data     extern C:\MCC18\SRC\TRADIT~1\PROC\p18f8722.asm
                    TMR0H   0x000fd7       data     extern C:\MCC18\SRC\TRADIT~1\PROC\p18f8722.asm
                   STATUS   0x000fd8       data     extern C:\MCC18\SRC\TRADIT~1\PROC\p18f8722.asm
               STATUSbits   0x000fd8       data     extern C:\MCC18\SRC\TRADIT~1\PROC\p18f8722.asm
                     FSR2   0x000fd9       data     extern C:\MCC18\SRC\TRADIT~1\PROC\p18f8722.asm
                    FSR2L   0x000fd9       data     extern C:\MCC18\SRC\TRADIT~1\PROC\p18f8722.asm
                    FSR2H   0x000fda       data     extern C:\MCC18\SRC\TRADIT~1\PROC\p18f8722.asm
                   PLUSW2   0x000fdb       data     extern C:\MCC18\SRC\TRADIT~1\PROC\p18f8722.asm
                  PREINC2   0x000fdc       data     extern C:\MCC18\SRC\TRADIT~1\PROC\p18f8722.asm
                 POSTDEC2   0x000fdd       data     extern C:\MCC18\SRC\TRADIT~1\PROC\p18f8722.asm
                 POSTINC2   0x000fde       data     extern C:\MCC18\SRC\TRADIT~1\PROC\p18f8722.asm
                    INDF2   0x000fdf       data     extern C:\MCC18\SRC\TRADIT~1\PROC\p18f8722.asm
                      BSR   0x000fe0       data     extern C:\MCC18\SRC\TRADIT~1\PROC\p18f8722.asm
                    FSR1L   0x000fe1       data     extern C:\MCC18\SRC\TRADIT~1\PROC\p18f8722.asm
                     FSR1   0x000fe1       data     extern C:\MCC18\SRC\TRADIT~1\PROC\p18f8722.asm
                    FSR1H   0x000fe2       data     extern C:\MCC18\SRC\TRADIT~1\PROC\p18f8722.asm
                   PLUSW1   0x000fe3       data     extern C:\MCC18\SRC\TRADIT~1\PROC\p18f8722.asm
                  PREINC1   0x000fe4       data     extern C:\MCC18\SRC\TRADIT~1\PROC\p18f8722.asm
                 POSTDEC1   0x000fe5       data     extern C:\MCC18\SRC\TRADIT~1\PROC\p18f8722.asm
                 POSTINC1   0x000fe6       data     extern C:\MCC18\SRC\TRADIT~1\PROC\p18f8722.asm
                    INDF1   0x000fe7       data     extern C:\MCC18\SRC\TRADIT~1\PROC\p18f8722.asm
                     WREG   0x000fe8       data     extern C:\MCC18\SRC\TRADIT~1\PROC\p18f8722.asm
                    FSR0L   0x000fe9       data     extern C:\MCC18\SRC\TRADIT~1\PROC\p18f8722.asm
                     FSR0   0x000fe9       data     extern C:\MCC18\SRC\TRADIT~1\PROC\p18f8722.asm
                    FSR0H   0x000fea       data     extern C:\MCC18\SRC\TRADIT~1\PROC\p18f8722.asm
                   PLUSW0   0x000feb       data     extern C:\MCC18\SRC\TRADIT~1\PROC\p18f8722.asm
                  PREINC0   0x000fec       data     extern C:\MCC18\SRC\TRADIT~1\PROC\p18f8722.asm
                 POSTDEC0   0x000fed       data     extern C:\MCC18\SRC\TRADIT~1\PROC\p18f8722.asm
                 POSTINC0   0x000fee       data     extern C:\MCC18\SRC\TRADIT~1\PROC\p18f8722.asm
                    INDF0   0x000fef       data     extern C:\MCC18\SRC\TRADIT~1\PROC\p18f8722.asm
                  INTCON3   0x000ff0       data     extern C:\MCC18\SRC\TRADIT~1\PROC\p18f8722.asm
              INTCON3bits   0x000ff0       data     extern C:\MCC18\SRC\TRADIT~1\PROC\p18f8722.asm
                  INTCON2   0x000ff1       data     extern C:\MCC18\SRC\TRADIT~1\PROC\p18f8722.asm
              INTCON2bits   0x000ff1       data     extern C:\MCC18\SRC\TRADIT~1\PROC\p18f8722.asm
                   INTCON   0x000ff2       data     extern C:\MCC18\SRC\TRADIT~1\PROC\p18f8722.asm
               INTCONbits   0x000ff2       data     extern C:\MCC18\SRC\TRADIT~1\PROC\p18f8722.asm
                     PROD   0x000ff3       data     extern C:\MCC18\SRC\TRADIT~1\PROC\p18f8722.asm
                    PRODL   0x000ff3       data     extern C:\MCC18\SRC\TRADIT~1\PROC\p18f8722.asm
                    PRODH   0x000ff4       data     extern C:\MCC18\SRC\TRADIT~1\PROC\p18f8722.asm
                   TABLAT   0x000ff5       data     extern C:\MCC18\SRC\TRADIT~1\PROC\p18f8722.asm
                  TBLPTRL   0x000ff6       data     extern C:\MCC18\SRC\TRADIT~1\PROC\p18f8722.asm
                   TBLPTR   0x000ff6       data     extern C:\MCC18\SRC\TRADIT~1\PROC\p18f8722.asm
                  TBLPTRH   0x000ff7       data     extern C:\MCC18\SRC\TRADIT~1\PROC\p18f8722.asm
                  TBLPTRU   0x000ff8       data     extern C:\MCC18\SRC\TRADIT~1\PROC\p18f8722.asm
                       PC   0x000ff9       data     extern C:\MCC18\SRC\TRADIT~1\PROC\p18f8722.asm
                      PCL   0x000ff9       data     extern C:\MCC18\SRC\TRADIT~1\PROC\p18f8722.asm
                   PCLATH   0x000ffa       data     extern C:\MCC18\SRC\TRADIT~1\PROC\p18f8722.asm
                   PCLATU   0x000ffb       data     extern C:\MCC18\SRC\TRADIT~1\PROC\p18f8722.asm
               STKPTRbits   0x000ffc       data     extern C:\MCC18\SRC\TRADIT~1\PROC\p18f8722.asm
                   STKPTR   0x000ffc       data     extern C:\MCC18\SRC\TRADIT~1\PROC\p18f8722.asm
                      TOS   0x000ffd       data     extern C:\MCC18\SRC\TRADIT~1\PROC\p18f8722.asm
                     TOSL   0x000ffd       data     extern C:\MCC18\SRC\TRADIT~1\PROC\p18f8722.asm
                     TOSH   0x000ffe       data     extern C:\MCC18\SRC\TRADIT~1\PROC\p18f8722.asm
                     TOSU   0x000fff       data     extern C:\MCC18\SRC\TRADIT~1\PROC\p18f8722.asm


